******************************************************************************
            TI ARM Clang Linker PC v2.1.2                      
******************************************************************************
>> Linked Mon Jan 16 07:30:45 2023

OUTPUT FILE NAME:   <bim_offchip_CC1352R1_LAUNCHXL_nortos_ticlang.out>
ENTRY POINT SYMBOL: "ResetISR"  address: 00057221


MEMORY CONFIGURATION

         name            origin    length      used     unused   attr    fill
----------------------  --------  ---------  --------  --------  ----  --------
  FLASH_BIM             00056000   00001f54  000012a4  00000cb0  R  X
  FLASH_CERT            00057f54   0000004c  00000000  0000004c  R  X
  FLASH_FNPTR           00057fa0   00000004  00000000  00000004  R  X
  FLASH_CCFG            00057fa8   00000058  00000058  00000000  R  X
  SRAM                  20000300   00013d00  0000020e  00013af2  RW X


SEGMENT ALLOCATION MAP

run origin  load origin   length   init length attrs members
----------  ----------- ---------- ----------- ----- -------
00056000    00056000    000012a4   000012a4    r-x
  00056000    00056000    000000d8   000000d8    r-- .intvecs
  000560d8    000560d8    00001160   00001160    r-x .text
  00057238    00057238    00000040   00000040    r-- .rodata
  00057278    00057278    0000002c   0000002c    r-- .cinit
00057fa8    00057fa8    00000058   00000058    r--
  00057fa8    00057fa8    00000058   00000058    r-- .ccfg
20000300    20000300    00000110   00000000    rw-
  20000300    20000300    0000010a   00000000    rw- .bss
  2000040c    2000040c    00000004   00000000    rw- .data
20013f00    20013f00    00000100   00000000    rw-
  20013f00    20013f00    00000100   00000000    rw- .stack


SECTION ALLOCATION MAP

 output                                  attributes/
section   page    origin      length       input sections
--------  ----  ----------  ----------   ----------------
.intvecs   0    00056000    000000d8     
                  00056000    000000d8     startup_ticlang.o (.intvecs)

.text      0    000560d8    00001160     
                  000560d8    000002a4     bim_offchip_main.o (.text.main)
                  0005637c    00000174     crc32.o (.text.CRC32_calc)
                  000564f0    000000f4     driverlib.lib : sys_ctrl.o (.text.NOROM_SysCtrlStandby)
                  000565e4    000000c4                   : setup.o (.text.NOROM_SetupTrimDevice)
                  000566a8    000000c0                   : setup.o (.text.TrimAfterColdResetWakeupFromShutDown)
                  00056768    000000b8     bsp_spi.o (.text.bspSpiOpen)
                  00056820    00000098     bim_offchip_main.o (.text.Bim_copyImage)
                  000568b8    00000084     ext_flash.o (.text.extFlashWrite)
                  0005693c    00000080     driverlib.lib : sys_ctrl.o (.text.NOROM_SysCtrlSetRechargeBeforePowerDown)
                  000569bc    00000078                   : osc.o (.text.NOROM_OSC_CapArrayAdjustWorkaround_Boot)
                  00056a34    00000070     ext_flash.o (.text.extFlashOpen)
                  00056aa4    00000070     ext_flash.o (.text.extFlashVerifyPart)
                  00056b14    0000006a     libc.a : copy_decompress_lzss.c.obj (.text:decompress:lzss)
                  00056b7e    00000002     startup_ticlang.o (.text.FaultISR)
                  00056b80    0000005c     ext_flash.o (.text.extFlashWaitReady)
                  00056bdc    00000054     ext_flash.o (.text.extFlashRead)
                  00056c30    00000052     driverlib.lib : chipinfo.o (.text.NOROM_ChipInfo_GetHwRevision)
                  00056c82    00000002     startup_ticlang.o (.text.IntDefaultHandler)
                  00056c84    00000050     bsp_spi.o (.text.bspSpiClose)
                  00056cd4    0000004c     led_debug.o (.text.powerUpGpio)
                  00056d20    00000048     driverlib.lib : aux_sysif.o (.text.NOROM_AUXSYSIFOpModeChange)
                  00056d68    00000040                   : prcm.o (.text.NOROM_PRCMPowerDomainsAllOn)
                  00056da8    00000040     bsp_spi.o (.text.bspSpiRead)
                  00056de8    0000003e     driverlib.lib : prcm.o (.text.NOROM_PRCMPowerDomainsAllOff)
                  00056e26    00000002     startup_ticlang.o (.text.NmiSR)
                  00056e28    0000003c     flash_interface_internal.o (.text.writeFlash)
                  00056e64    0000003c     flash_interface_internal.o (.text.writeFlashPg)
                  00056ea0    00000038     bim_offchip_main.o (.text.Bim_findImageStartAddr)
                  00056ed8    00000038     flash_interface_internal.o (.text.disableCache)
                  00056f10    00000038     ext_flash.o (.text.extFlashClose)
                  00056f48    00000038     libc.a : autoinit.c.obj (.text:__TI_auto_init_nobinit_nopinit)
                  00056f80    00000034     bsp_spi.o (.text.bspSpiWrite)
                  00056fb4    00000034     flash_interface_internal.o (.text.eraseFlashPg)
                  00056fe8    00000034     libc.a : boot_cortex_m.c.obj (.text:_c_int00_noargs)
                  0005701c    0000002e     driverlib.lib : chipinfo.o (.text.NOROM_ThisLibraryIsFor_CC13x2_CC26x2_HwRev20AndLater_HaltIfViolated)
                  0005704a    00000002     --HOLE-- [fill = 0]
                  0005704c    0000002c     ext_flash.o (.text.extFlashWriteEnable)
                  00057078    00000028     flash_interface_internal.o (.text.readFlashPg)
                  000570a0    00000024     flash_interface_internal.o (.text.readFlash)
                  000570c4    00000020     crc32.o (.text.CRC32_value)
                  000570e4    00000020     bim_util.o (.text.imgIDCheck)
                  00057104    00000020     bim_util.o (.text.metadataIDCheck)
                  00057124    0000001e     driverlib.lib : flash.o (.text.NOROM_FlashProgram)
                  00057142    0000001e                   : flash.o (.text.NOROM_FlashSectorErase)
                  00057160    0000001c     bsp_spi.o (.text.bspSpiFlush)
                  0005717c    00000016     bim_util.o (.text.setLowPowerMode)
                  00057192    00000014     crc32.o (.text.CRC32_memCpy)
                  000571a6    00000002     --HOLE-- [fill = 0]
                  000571a8    00000014     bim_util.o (.text.jumpToPrgEntry)
                  000571bc    00000012     libc.a : memcpy_t2.S.obj (.text:TI_memcpy_small)
                  000571ce    00000012            : copy_zero_init.c.obj (.text:decompress:ZI:__TI_zero_init_nomemset)
                  000571e0    0000000e     flash_interface_internal.o (.text.IntMasterDisable)
                  000571ee    0000000e     libc.a : copy_decompress_none.c.obj (.text:decompress:none)
                  000571fc    0000000c     driverlib.lib : cpu.o (.text.NOROM_CPUcpsid)
                  00057208    0000000c                   : cpu.o (.text.NOROM_CPUcpsie)
                  00057214    0000000c     led_debug.o (.text.lightRedLed)
                  00057220    0000000a     startup_ticlang.o (.text.ResetISR)
                  0005722a    00000004     libc.a : pre_init.c.obj (.text._system_pre_init)
                  0005722e    00000004            : exit.c.obj (.text:abort)
                  00057232    00000002     --HOLE-- [fill = 0]
                  00057234    00000004     libclang_rt.builtins.a : aeabi_memcpy.S.obj (.text)

.rodata    0    00057238    00000040     
                  00057238    00000028     ext_flash.o (.rodata.flashInfo)
                  00057260    00000008     bim_util.o (.rodata.OAD_EXTFL_ID)
                  00057268    00000008     bim_util.o (.rodata.OAD_IMG_ID)
                  00057270    00000008     driverlib.lib : aux_sysif.o (.rodata.cst4)

.cinit     0    00057278    0000002c     
                  00057278    0000000c     (__TI_handler_table)
                  00057284    00000008     (.cinit..bss.load) [load image, compression = zero_init]
                  0005728c    00000007     (.cinit..data.load) [load image, compression = lzss]
                  00057293    00000001     --HOLE-- [fill = 0]
                  00057294    00000010     (__TI_cinit_table)

.init_array 
*          0    00056000    00000000     UNINITIALIZED

.ccfg      0    00057fa8    00000058     
                  00057fa8    00000058     ccfg_app.o (.ccfg)

.bss       0    20000300    0000010a     UNINITIALIZED
                  20000300    00000100     (.common:crcBuf)
                  20000400    00000004     bim_offchip_main.o (.bss.intFlashPageSize)
                  20000404    00000004     bim_util.o (.bss.jumpToPrgEntry.temp)
                  20000408    00000002     ext_flash.o (.bss.infoBuf)

.data      0    2000040c    00000004     UNINITIALIZED
                  2000040c    00000004     ext_flash.o (.data.pFlashInfo)

.stack     0    20013f00    00000100     UNINITIALIZED
                  20013f00    00000004     libc.a : boot_cortex_m.c.obj (.stack)
                  20013f04    000000fc     --HOLE--

__llvm_prf_cnts 
*          0    20000300    00000000     UNINITIALIZED

__llvm_prf_bits 
*          0    20000300    00000000     UNINITIALIZED

MODULE SUMMARY

       Module                       code   ro data   rw data
       ------                       ----   -------   -------
    .\Application\
       bim_offchip_main.o           884    0         4      
       crc32.o                      424    0         256    
       flash_interface_internal.o   318    0         0      
       startup_ticlang.o            16     216       0      
       bim_util.o                   106    16        4      
       ccfg_app.o                   0      88        0      
       led_debug.o                  88     0         0      
    +--+----------------------------+------+---------+---------+
       Total:                       1836   320       264    
                                                            
    .\ExternalFlash\
       ext_flash.o                  632    40        6      
    +--+----------------------------+------+---------+---------+
       Total:                       632    40        6      
                                                            
    .\SPI\
       bsp_spi.o                    408    0         0      
    +--+----------------------------+------+---------+---------+
       Total:                       408    0         0      
                                                            
    C:/ti/simplelink_cc13xx_cc26xx_sdk_5_30_01_01/source/ti/devices/cc13x2_cc26x2/driverlib/bin/ticlang/driverlib.lib
       setup.o                      388    0         0      
       sys_ctrl.o                   372    0         0      
       chipinfo.o                   128    0         0      
       prcm.o                       126    0         0      
       osc.o                        120    0         0      
       aux_sysif.o                  72     8         0      
       flash.o                      60     0         0      
       cpu.o                        24     0         0      
    +--+----------------------------+------+---------+---------+
       Total:                       1290   8         0      
                                                            
    C:\ti\ti_cgt_tiarmclang_2.1.2.LTS\lib\armv7em-ti-none-eabihf/c/libc.a
       copy_decompress_lzss.c.obj   106    0         0      
       autoinit.c.obj               56     0         0      
       boot_cortex_m.c.obj          52     0         0      
       copy_zero_init.c.obj         18     0         0      
       memcpy_t2.S.obj              18     0         0      
       copy_decompress_none.c.obj   14     0         0      
       exit.c.obj                   4      0         0      
       pre_init.c.obj               4      0         0      
    +--+----------------------------+------+---------+---------+
       Total:                       272    0         0      
                                                            
    C:\ti\ti_cgt_tiarmclang_2.1.2.LTS\lib\clang/14.0.6/lib/armv7em-ti-none-eabihf/libclang_rt.builtins.a
       aeabi_memcpy.S.obj           4      0         0      
    +--+----------------------------+------+---------+---------+
       Total:                       4      0         0      
                                                            
       Stack:                       0      0         256    
       Linker Generated:            0      43        0      
    +--+----------------------------+------+---------+---------+
       Grand Total:                 4442   411       526    


LINKER GENERATED COPY TABLES

__TI_cinit_table @ 00057294 records: 2, size/record: 8, table size: 16
	.bss: load addr=00057284, load size=00000008 bytes, run addr=20000300, run size=0000010a bytes, compression=zero_init
	.data: load addr=0005728c, load size=00000007 bytes, run addr=2000040c, run size=00000004 bytes, compression=lzss


LINKER GENERATED HANDLER TABLE

__TI_handler_table @ 00057278 records: 3, size/record: 4, table size: 12
	index: 0, handler: __TI_decompress_lzss
	index: 1, handler: __TI_decompress_none
	index: 2, handler: __TI_zero_init


GLOBAL SYMBOLS: SORTED ALPHABETICALLY BY Name 

address   name                                                               
-------   ----                                                               
0005722e  C$$EXIT                                                            
0005637d  CRC32_calc                                                         
00057193  CRC32_memCpy                                                       
000570c5  CRC32_value                                                        
00056d21  NOROM_AUXSYSIFOpModeChange                                         
000571fd  NOROM_CPUcpsid                                                     
00057209  NOROM_CPUcpsie                                                     
00056c31  NOROM_ChipInfo_GetHwRevision                                       
00057125  NOROM_FlashProgram                                                 
00057143  NOROM_FlashSectorErase                                             
000569bd  NOROM_OSC_CapArrayAdjustWorkaround_Boot                            
00056de9  NOROM_PRCMPowerDomainsAllOff                                       
00056d69  NOROM_PRCMPowerDomainsAllOn                                        
000565e5  NOROM_SetupTrimDevice                                              
0005693d  NOROM_SysCtrlSetRechargeBeforePowerDown                            
000564f1  NOROM_SysCtrlStandby                                               
0005701d  NOROM_ThisLibraryIsFor_CC13x2_CC26x2_HwRev20AndLater_HaltIfViolated
00057260  OAD_EXTFL_ID                                                       
00057268  OAD_IMG_ID                                                         
00057221  ResetISR                                                           
000571bd  TI_memcpy_small                                                    
20014000  __STACK_END                                                        
00000100  __STACK_SIZE                                                       
20014000  __STACK_TOP                                                        
00057294  __TI_CINIT_Base                                                    
000572a4  __TI_CINIT_Limit                                                   
000572a4  __TI_CINIT_Warm                                                    
00057278  __TI_Handler_Table_Base                                            
00057284  __TI_Handler_Table_Limit                                           
00056f49  __TI_auto_init_nobinit_nopinit                                     
00056b15  __TI_decompress_lzss                                               
000571ef  __TI_decompress_none                                               
ffffffff  __TI_pprof_out_hndl                                                
ffffffff  __TI_prof_data_size                                                
ffffffff  __TI_prof_data_start                                               
00057278  __TI_static_base__                                                 
000571cf  __TI_zero_init_nomemset                                            
00057235  __aeabi_memcpy                                                     
00057235  __aeabi_memcpy4                                                    
00057235  __aeabi_memcpy8                                                    
ffffffff  __binit__                                                          
00057fa8  __ccfg                                                             
UNDEFED   __mpu_init                                                         
20013f00  __stack                                                            
20000300  __start___llvm_prf_bits                                            
20000300  __start___llvm_prf_cnts                                            
20000300  __stop___llvm_prf_bits                                             
20000300  __stop___llvm_prf_cnts                                             
00056fe9  _c_int00_noargs                                                    
UNDEFED   _system_post_cinit                                                 
0005722b  _system_pre_init                                                   
0005722f  abort                                                              
ffffffff  binit                                                              
00056c85  bspSpiClose                                                        
00057161  bspSpiFlush                                                        
00056769  bspSpiOpen                                                         
00056da9  bspSpiRead                                                         
00056f81  bspSpiWrite                                                        
20000300  crcBuf                                                             
00056fb5  eraseFlashPg                                                       
00056f11  extFlashClose                                                      
00056a35  extFlashOpen                                                       
00056bdd  extFlashRead                                                       
000568b9  extFlashWrite                                                      
00056000  g_pfnVectors                                                       
000570e5  imgIDCheck                                                         
000571a9  jumpToPrgEntry                                                     
00057215  lightRedLed                                                        
000560d9  main                                                               
00057105  metadataIDCheck                                                    
00056cd5  powerUpGpio                                                        
000570a1  readFlash                                                          
00057079  readFlashPg                                                        
0005717d  setLowPowerMode                                                    
00056e29  writeFlash                                                         
00056e65  writeFlashPg                                                       


GLOBAL SYMBOLS: SORTED BY Symbol Address 

address   name                                                               
-------   ----                                                               
00000100  __STACK_SIZE                                                       
00056000  g_pfnVectors                                                       
000560d9  main                                                               
0005637d  CRC32_calc                                                         
000564f1  NOROM_SysCtrlStandby                                               
000565e5  NOROM_SetupTrimDevice                                              
00056769  bspSpiOpen                                                         
000568b9  extFlashWrite                                                      
0005693d  NOROM_SysCtrlSetRechargeBeforePowerDown                            
000569bd  NOROM_OSC_CapArrayAdjustWorkaround_Boot                            
00056a35  extFlashOpen                                                       
00056b15  __TI_decompress_lzss                                               
00056bdd  extFlashRead                                                       
00056c31  NOROM_ChipInfo_GetHwRevision                                       
00056c85  bspSpiClose                                                        
00056cd5  powerUpGpio                                                        
00056d21  NOROM_AUXSYSIFOpModeChange                                         
00056d69  NOROM_PRCMPowerDomainsAllOn                                        
00056da9  bspSpiRead                                                         
00056de9  NOROM_PRCMPowerDomainsAllOff                                       
00056e29  writeFlash                                                         
00056e65  writeFlashPg                                                       
00056f11  extFlashClose                                                      
00056f49  __TI_auto_init_nobinit_nopinit                                     
00056f81  bspSpiWrite                                                        
00056fb5  eraseFlashPg                                                       
00056fe9  _c_int00_noargs                                                    
0005701d  NOROM_ThisLibraryIsFor_CC13x2_CC26x2_HwRev20AndLater_HaltIfViolated
00057079  readFlashPg                                                        
000570a1  readFlash                                                          
000570c5  CRC32_value                                                        
000570e5  imgIDCheck                                                         
00057105  metadataIDCheck                                                    
00057125  NOROM_FlashProgram                                                 
00057143  NOROM_FlashSectorErase                                             
00057161  bspSpiFlush                                                        
0005717d  setLowPowerMode                                                    
00057193  CRC32_memCpy                                                       
000571a9  jumpToPrgEntry                                                     
000571bd  TI_memcpy_small                                                    
000571cf  __TI_zero_init_nomemset                                            
000571ef  __TI_decompress_none                                               
000571fd  NOROM_CPUcpsid                                                     
00057209  NOROM_CPUcpsie                                                     
00057215  lightRedLed                                                        
00057221  ResetISR                                                           
0005722b  _system_pre_init                                                   
0005722e  C$$EXIT                                                            
0005722f  abort                                                              
00057235  __aeabi_memcpy                                                     
00057235  __aeabi_memcpy4                                                    
00057235  __aeabi_memcpy8                                                    
00057260  OAD_EXTFL_ID                                                       
00057268  OAD_IMG_ID                                                         
00057278  __TI_Handler_Table_Base                                            
00057278  __TI_static_base__                                                 
00057284  __TI_Handler_Table_Limit                                           
00057294  __TI_CINIT_Base                                                    
000572a4  __TI_CINIT_Limit                                                   
000572a4  __TI_CINIT_Warm                                                    
00057fa8  __ccfg                                                             
20000300  __start___llvm_prf_bits                                            
20000300  __start___llvm_prf_cnts                                            
20000300  __stop___llvm_prf_bits                                             
20000300  __stop___llvm_prf_cnts                                             
20000300  crcBuf                                                             
20013f00  __stack                                                            
20014000  __STACK_END                                                        
20014000  __STACK_TOP                                                        
ffffffff  __TI_pprof_out_hndl                                                
ffffffff  __TI_prof_data_size                                                
ffffffff  __TI_prof_data_start                                               
ffffffff  __binit__                                                          
ffffffff  binit                                                              
UNDEFED   __mpu_init                                                         
UNDEFED   _system_post_cinit                                                 

[76 symbols]
