******************************************************************************
            TI ARM Clang Linker PC v1.3.0                      
******************************************************************************
>> Linked Mon Jan 16 10:57:54 2023

OUTPUT FILE NAME:   <collector_CC1352R1_LAUNCHXL_tirtos7_ticlang.out>
ENTRY POINT SYMBOL: "_c_int00"  address: 00015961


MEMORY CONFIGURATION

         name            origin    length      used     unused   attr    fill
----------------------  --------  ---------  --------  --------  ----  --------
  FLASH                 00000000   00056000  00021048  00034fb8  R  X
  FLASH_LAST            00056000   00002000  00002000  00000000  R  X
  SRAM                  20000000   00014000  000036d5  0001092b  RW X


SEGMENT ALLOCATION MAP

run origin  load origin   length   init length attrs members
----------  ----------- ---------- ----------- ----- -------
00000000    00000000    00018c20   00018c20    r-x
  00000000    00000000    0000003c   0000003c    r-- .resetVecs
  0000003c    0000003c    00000004   00000004    r-x .text.1
  00000040    00000040    00002894   00002894    r-- .rodata
  000028d4    000028d4    0001634c   0001634c    r-x .text.2
00018c20    00018c20    00000008   00000008    rw-
  00018c20    00018c20    00000008   00000008    rw- .args
00018c28    00018c28    00000420   00000420    r--
  00018c28    00018c28    00000420   00000420    r-- .cinit
0004e000    0004e000    00008000   00000000    rw-
  0004e000    0004e000    00008000   00000000    rw- .TI.bound:flashBuf0
00056000    00056000    00002000   00002000    r-x
  00056000    00056000    00001fa8   00001fa8    r-x .text.3
  00057fa8    00057fa8    00000058   00000058    r-- .ccfg
200000d8    200000d8    00001778   00000000    rw-
  200000d8    200000d8    00000034   00000000    rw- .bss.1
  2000010c    2000010c    00000010   00000000    rw- .data:RAM_MAC_BASE_ADDR
  20000120    20000120    00001730   00000000    rw- .bss.2
20001850    20001850    00000010   00000000    rw-
  20001850    20001850    00000010   00000000    rw- .TI.bound:dmaUart1RxControlTableEntry
20001860    20001860    0000191b   00000000    rw-
  20001860    20001860    00000010   00000000    rw- .TI.bound:dmaUart1TxControlTableEntry
  20001870    20001870    00000b5e   00000000    rw- .bss.3
  200023d0    200023d0    00000dab   00000000    rw- .data
20013aa0    20013aa0    00000560   00000000    rw-
  20013aa0    20013aa0    00000560   00000000    rw- .stack


SECTION ALLOCATION MAP

 output                                  attributes/
section   page    origin      length       input sections
--------  ----  ----------  ----------   ----------------
.resetVecs 
*          0    00000000    0000003c     
                  00000000    0000003c     ti_sysbios_config.o (.resetVecs)

.vecs      0    20000000    000000d8     NOLOAD SECTION
                  20000000    000000d8     ti_sysbios_config.o (.vecs)

.rodata    0    00000040    00002894     
                  00000040    000005e7     ti_sysbios_config.o (.rodata.str1.1)
                  00000627    00000001     ti_drivers_config.o (.rodata.Button_count)
                  00000628    00000568     maclib_secure_cc13x2_tirtos7.a : hmac_rom_init.o (.rodata.HMAC_ROM_Flash_JT)
                  00000b90    0000054d     csf.o (.rodata.str1.1)
                  000010dd    00000002     cllc.o (.rodata.keyUsageList)
                  000010df    00000001     ti_drivers_config.o (.rodata.GPIO_pinLowerBound)
                  000010e0    000002e0     rf_multiMode_cc13x2.a : rf_patch_cpe_prop.c.cc13x2.ticlang.o (.rodata.patchImageProp)
                  000013c0    00000258     maclib_secure_cc13x2_tirtos7.a : fh_rom_init.o (.rodata.FH_ROM_Flash_JT)
                  00001618    00000188     cui.o (.rodata.str1.1)
                  000017a0    00000101     libc.a : aeabi_ctype.S.obj (.rodata)
                  000018a1    00000100     crc.o (.rodata.crc_table)
                  000019a1    000000fa     maclib_secure_cc13x2_tirtos7.a : fh_global.o (.rodata.FH_stateMatrix)
                  00001a9b    000000f8     mac_cfg.o (.rodata.macPibTbl)
                  00001b93    00000001     ti_drivers_config.o (.rodata.GPIO_pinUpperBound)
                  00001b94    000000cc     maclib_secure_cc13x2_tirtos7.a : lmac_rom_init.o (.rodata.LMAC_ROM_Flash_JT)
                  00001c60    0000008c     mac_cfg.o (.rodata.FHPIB_defaults)
                  00001cec    00000089     ti_sysbios_config.o (.rodata.ti_sysbios_family_arm_m3_Hwi_Instance_init.err.1)
                  00001d75    00000089     ti_sysbios_config.o (.rodata.ti_sysbios_runtime_Memory_alloc.err)
                  00001dfe    00000002     drivers_cc13x2.a : UART2CC26X2.c.obj (.rodata.stopBits)
                  00001e00    00000088     mac_cfg.o (.rodata.macPibDefaults)
                  00001e88    00000086     ti_sysbios_config.o (.rodata.ti_sysbios_family_arm_m3_Hwi_Instance_init.err)
                  00001f0e    00000072     maclib_secure_cc13x2_tirtos7.a : hmac_global.o (.rodata.macAssociatingSt)
                  00001f80    00000072                                    : hmac_global.o (.rodata.macIdleSt)
                  00001ff2    00000072                                    : hmac_global.o (.rodata.macPollingSt)
                  00002064    00000072                                    : hmac_global.o (.rodata.macScanningSt)
                  000020d6    00000072                                    : hmac_global.o (.rodata.macStartingSt)
                  00002148    0000006c                                    : icall_osal_rom_init.o (.rodata.ICALL_OSAL_ROM_Flash_JT)
                  000021b4    0000006c     mac_user_config.o (.rodata.macRfDriverTable)
                  00002220    00000058     mac_cfg.o (.rodata.macSecurityPibTbl)
                  00002278    00000058     ti_drivers_config.o (.rodata.uart2CC26X2HWAttrs)
                  000022d0    00000054     drivers_cc13x2.a : PowerCC26X2.c.obj (.rodata.resourceDB)
                  00002324    00000050     mac_cfg.o (.rodata.macMRFSKStdPhyTable)
                  00002374    00000040     mac_user_config.o (.rodata.macCryptoDriverTable)
                  000023b4    00000040     maclib_secure_cc13x2_tirtos7.a : hmac_global.o (.rodata.macTimerRolloverValue)
                  000023f4    00000038                                    : hmac_global.o (.rodata.macCmdIncludeFHIe)
                  0000242c    00000030     ti_radio_config.o (.rodata.RF_cmdPropRxAdv_2gfsk50kbps154g)
                  0000245c    0000002c     csf.o (.rodata..Lswitch.table.Csf_deviceSensorDeviceTypeResponseUpdate)
                  00002488    00000028     drivers_cc13x2.a : NVSCC26XX.c.obj (.rodata.NVSCC26XX_fxnTable)
                  000024b0    00000028     ti_radio_config.o (.rodata.RF_cmdPropRadioDivSetup_2gfsk50kbps154g)
                  000024d8    00000028     maclib_secure_cc13x2_tirtos7.a : mac_radio.o (.rodata.activityObject)
                  00002500    00000024     drivers_cc13x2.a : UART2.c.obj (.rodata.UART2_defaultParams)
                  00002524    00000024     ti_sysbios_config.o (.rodata.ti_sysbios_knl_Task_Params_default)
                  00002548    00000020     mac_user_config.o (.rodata..L__const.rfSelect.RfCfg)
                  00002568    00000020     ti_radio_config.o (.rodata.RF_cmdPropTxAdv_2gfsk50kbps154g)
                  00002588    00000020     rf_multiMode_cc13x2.a : RFCC26X2_multiMode.c.cc13x2.ticlang.o (.rodata.cst32)
                  000025a8    00000020     cllc.o (.rodata.keyDeviceList)
                  000025c8    0000001c     ti_radio_config.o (.rodata.RF_cmdPropCs_2gfsk50kbps154g)
                  000025e4    0000001c     ti_sysbios_config.o (.rodata.ti_sysbios_family_arm_cc26xx_Timer_Params_default)
                  00002600    00000018     drivers_cc13x2.a : PWM.c.obj (.rodata.PWM_defaultParams)
                  00002618    00000018     ti_radio_config.o (.rodata.RF_cmdFs_2gfsk50kbps154g)
                  00002630    00000018     maclib_secure_cc13x2_tirtos7.a : hmac_global.o (.rodata.macSendMsgBufSize)
                  00002648    00000018     ti_sysbios_config.o (.rodata.ti_sysbios_family_arm_m3_Hwi_Params_default)
                  00002660    00000014     drivers_cc13x2.a : Button.c.obj (.rodata.Button_defaultParams)
                  00002674    00000014     ti_drivers_config.o (.rodata.PowerCC26X2_config)
                  00002688    00000014     drivers_cc13x2.a : TRNG.c.obj (.rodata.TRNG_defaultParams)
                  0000269c    00000014     ti_sysbios_config.o (.rodata.ti_sysbios_knl_Swi_Params_default)
                  000026b0    00000013     macTask.o (.rodata.msacbackSizeTable)
                  000026c3    00000011     collector.o (.rodata.str1.1)
                  000026d4    00000011     csf.o (.rodata.validChannelMask)
                  000026e5    00000001     ti_drivers_config.o (.rodata.LED_count)
                  000026e6    00000001     ti_drivers_config.o (.rodata.NVS_count)
                  000026e7    00000001     ti_drivers_config.o (.rodata.UART2_count)
                  000026e8    00000010     drivers_cc13x2.a : AESCCM.c.obj (.rodata.AESCCM_defaultParams)
                  000026f8    00000010     ti_drivers_config.o (.rodata.ButtonHWAttrs)
                  00002708    00000010     ti_drivers_config.o (.rodata.Button_config)
                  00002718    00000010     ti_drivers_config.o (.rodata.GPIO_config)
                  00002728    00000010     ti_drivers_config.o (.rodata.LED_config)
                  00002738    00000010     maclib_secure_cc13x2_tirtos7.a : mac_duty_cycle.o (.rodata.cst16)
                  00002748    00000010                                    : hmac_global.o (.rodata.macIEEEPhyTable)
                  00002758    0000000f     cui.o (.rodata.str1.4)
                  00002767    0000000e     maclib_secure_cc13x2_tirtos7.a : hmac_global.o (.rodata.macCmdBufSize)
                  00002775    0000000e                                    : hmac_global.o (.rodata.macTxFrameFailed)
                  00002783    0000000e                                    : hmac_global.o (.rodata.macTxFrameSuccess)
                  00002791    00000001     ti_drivers_config.o (.rodata.aesccmCC26XXHWAttrs)
                  00002792    00000002     --HOLE-- [fill = 0]
                  00002794    0000000e     csf.o (.rodata.str1.4)
                  000027a2    00000002     --HOLE-- [fill = 0]
                  000027a4    0000000c     drivers_cc13x2.a : Random.c.obj (.rodata..L__const.Random_seedAutomatic.hwAttrs)
                  000027b0    0000000c     ti_drivers_config.o (.rodata.NVS_config)
                  000027bc    0000000c     ti_drivers_config.o (.rodata.RFCC26XX_hwAttrs)
                  000027c8    0000000c     ti_sysbios_config.o (.rodata.defAttrs)
                  000027d4    0000000c     maclib_secure_cc13x2_tirtos7.a : hmac_global.o (.rodata.macCbackEventTbl)
                  000027e0    0000000c                                    : hmac_global.o (.rodata.macSendMsgDataSize)
                  000027ec    0000000c     ti_sysbios_config.o (.rodata.ti_sysbios_knl_Clock_Params_default)
                  000027f8    0000000c     ti_sysbios_config.o (.rodata.ti_sysbios_knl_Semaphore_Params_default)
                  00002804    0000000a     drivers_cc13x2.a : Button.c.obj (.rodata..Lswitch.table.Button_gpioCallbackFxn)
                  0000280e    00000002     --HOLE-- [fill = 0]
                  00002810    0000000a     cllc.o (.rodata.keyIdLookupList)
                  0000281a    00000009     maclib_secure_cc13x2_tirtos7.a : hmac_global.o (.rodata.macCmdLen)
                  00002823    00000001     --HOLE-- [fill = 0]
                  00002824    00000008     rf_multiMode_cc13x2.a : RFCC26X2_multiMode.c.cc13x2.ticlang.o (.rodata..L__const.RF_hwiCpe0Active.activeCmd)
                  0000282c    00000008     ti_drivers_config.o (.rodata.AESCCM_config)
                  00002834    00000008     cllc.o (.rodata.Cllc_keySource)
                  0000283c    00000008     drivers_cc13x2.a : LED.c.obj (.rodata.LED_defaultParams)
                  00002844    00000008     ti_drivers_config.o (.rodata.UART2_config)
                  0000284c    00000008     ti_drivers_config.o (.rodata.UDMACC26XX_config)
                  00002854    00000008     driverlib.lib : aux_sysif.o (.rodata.cst4)
                  0000285c    00000008     maclib_secure_cc13x2_tirtos7.a : mac_rx.o (.rodata.cst4)
                  00002864    00000008     main.o (.rodata.cst8)
                  0000286c    00000008     maclib_secure_cc13x2_tirtos7.a : fh_global.o (.rodata.fhSupFrameTypes)
                  00002874    00000008                                    : hmac_global.o (.rodata.macAuthTagLen)
                  0000287c    00000008     ti_drivers_config.o (.rodata.nvsCC26XXHWAttrs)
                  00002884    00000008     ti_sysbios_config.o (.rodata.prefixStrings)
                  0000288c    00000008     ti_sysbios_config.o (.rodata.ti_sysbios_knl_Idle_funcList)
                  00002894    00000008     ti_drivers_config.o (.rodata.udmaCC26XXHWAttrs)
                  0000289c    00000006     cui.o (.rodata..L.str.8)
                  000028a2    00000006     maclib_secure_cc13x2_tirtos7.a : mac_hl_patch.o (.rodata..L__const.macWrapperAddKeyInitFCtr.mtKeyUsageEntry)
                  000028a8    00000005     drivers_cc13x2.a : UART2CC26X2.c.obj (.rodata.parityType)
                  000028ad    00000005                      : UART2CC26X2.c.obj (.rodata.rxFifoThreshold)
                  000028b2    00000005     cllc.o (.rodata.securityLevelEntry)
                  000028b7    00000005     drivers_cc13x2.a : UART2CC26X2.c.obj (.rodata.txFifoThreshold)
                  000028bc    00000004     ti_drivers_config.o (.rodata.LEDHWAttrs)
                  000028c0    00000004     drivers_cc13x2.a : NVS.c.obj (.rodata.NVS_defaultParams)
                  000028c4    00000004     cui.o (.rodata.cst4)
                  000028c8    00000004     drivers_cc13x2.a : UART2CC26X2.c.obj (.rodata.cst4)
                  000028cc    00000004     maclib_secure_cc13x2_tirtos7.a : hmac_global.o (.rodata.macKeySourceLen)
                  000028d0    00000004     ti_sysbios_config.o (.rodata.ti_sysbios_family_arm_m3_Hwi_swiTaskKeyAddress)

.cinit     0    00018c28    00000420     
                  00018c28    000003ab     (.cinit..data.load) [load image, compression = lzss]
                  00018fd3    00000001     --HOLE-- [fill = 0]
                  00018fd4    0000000c     (__TI_handler_table)
                  00018fe0    00000008     (.cinit..TI.bound:dmaUart1RxControlTableEntry.load) [load image, compression = zero_init]
                  00018fe8    00000008     (.cinit..TI.bound:dmaUart1TxControlTableEntry.load) [load image, compression = zero_init]
                  00018ff0    00000008     (.cinit..bss.1.load) [load image, compression = zero_init]
                  00018ff8    00000008     (.cinit..bss.2.load) [load image, compression = zero_init]
                  00019000    00000008     (.cinit..bss.3.load) [load image, compression = zero_init]
                  00019008    00000008     (.cinit..data:RAM_MAC_BASE_ADDR.load) [load image, compression = zero_init]
                  00019010    00000038     (__TI_cinit_table)

.init_array 
*          0    00000000    00000000     UNINITIALIZED

.text.1    0    0000003c    00000004     
                  0000003c    00000004     api_mac.o (.text.ApiMac_mlmeScanReq)

.text.2    0    000028d4    0001634c     
                  000028d4    000003d8     collector.o (.text.dataIndCB)
                  00002cac    000003c4     api_mac.o (.text.ApiMac_processIncoming)
                  00003070    000003b4     maclib_secure_cc13x2_tirtos7.a : mac_hl_patch.o (.text.macWrapperAddDevice)
                  00003424    0000030c                                    : mac.o (.text.macRxCb)
                  00003730    00000308                                    : mac_radio_tx.o (.text.macRadioCsmaTxCb)
                  00003a38    000002cc     cui.o (.text.CUI_processMenuUpdate)
                  00003d04    000002c4     collector.o (.text.Collector_process)
                  00003fc8    0000029c     rf_multiMode_cc13x2.a : RFCC26X2_multiMode.c.cc13x2.ticlang.o (.text.RF_open)
                  00004264    00000288     ti_sysbios_config.o (.text.ti_sysbios_runtime_System_doPrint)
                  000044ec    00000258     maclib_secure_cc13x2_tirtos7.a : mac_radio.o (.text.macRadioInitSubG)
                  00004744    00000244     macTask.o (.text.macTaskFxn)
                  00004988    00000240     csf.o (.text.setChMaskAction)
                  00004bc8    0000022c     maclib_secure_cc13x2_tirtos7.a : mac_radio_tx.o (.text.macRadioTxRequestTxAck)
                  00004df4    00000220                                    : mac.o (.text.macSendReceiveCmdSubG)
                  00005014    000001f0     drivers_cc13x2.a : UART2CC26X2.c.obj (.text.UART2CC26X2_hwiIntFxn)
                  00005204    000001f0     maclib_secure_cc13x2_tirtos7.a : mac_tx.o (.text.macTxFrame)
                  000053f4    000001f0     mac_settings.o (.text.rfSetConfigSubG)
                  000055e4    000001e8     rf_multiMode_cc13x2.a : RFCC26X2_multiMode.c.cc13x2.ticlang.o (.text.RF_scheduleCmd)
                  000057cc    000001e2     drivers_cc13x2.a : UART2.c.obj (.text.UART2_readTimeout)
                  000059ae    00000002     ti_sysbios_config.o (.text.BIOS_nullFunc)
                  000059b0    000001e0     nvocmp.o (.text.NVOCMP_addItem)
                  00005b90    000001dc     rf_multiMode_cc13x2.a : RFCC26X2_multiMode.c.cc13x2.ticlang.o (.text.RF_dispatchNextCmd)
                  00005d6c    000001dc     maclib_secure_cc13x2_tirtos7.a : mac.o (.text.macSendReceiveCmdIeee)
                  00005f48    000001d4     csf.o (.text.setNwkKeyAction)
                  0000611c    000001d0     maclib_secure_cc13x2_tirtos7.a : mac_hl_patch.o (.text.macWrapperAddKeyInitFCtr)
                  000062ec    000001ac                                    : mac_hl_patch.o (.text.macWrapperDeleteKeyAndAssociatedDevices)
                  00006498    000001a8     nvocmp.o (.text.NVOCMP_findItem)
                  00006640    000001a4     cui.o (.text.CUI_registerMenu)
                  000067e4    000001a4     maclib_secure_cc13x2_tirtos7.a : mac_hl_patch.o (.text.macIncomingFrameSecurityMaterialRetrieval)
                  00006988    00000194     drivers_cc13x2.a : PowerCC26X2_calibrateRCOSC.c.obj (.text.PowerCC26X2_auxISR)
                  00006b1c    00000190     maclib_secure_cc13x2_tirtos7.a : mac_hl_patch.o (.text.macWrapperDeleteDevice)
                  00006cac    00000188                                    : mac_hl_patch.o (.text.macIncomingFrameSecurity)
                  00006e34    00000188                                    : mac_hl_patch.o (.text.macRxBeaconCritical)
                  00006fbc    0000017c     drivers_cc13x2.a : UART2CC26X2.c.obj (.text.UART2_open)
                  00007138    00000178     maclib_secure_cc13x2_tirtos7.a : mac_hl_patch.o (.text.MAC_McpsDataReq)
                  000072b0    00000178                                    : mac_tx.o (.text.txCsmaDelay)
                  00007428    00000174     drivers_cc13x2.a : UART2.c.obj (.text.UART2_writeTimeoutBlocking)
                  0000759c    0000016c                      : AESCCMCC26XX.c.obj (.text.AESCCM_startOperation)
                  00007708    00000158                      : PowerCC26X2.c.obj (.text.Power_sleep)
                  00007860    00000150     maclib_secure_cc13x2_tirtos7.a : mac_hl_patch.o (.text.MAC_InitFH)
                  000079b0    0000014c                                    : mac_radio_tx.o (.text.macRadioLbtTxCb)
                  00007afc    0000014c     libc.a : strtol.c.obj (.text.strtol)
                  00007c48    00000148     rf_multiMode_cc13x2.a : RFCC26X2_multiMode.c.cc13x2.ticlang.o (.text.RF_radioOpDoneCb)
                  00007d90    0000013c     cui.o (.text.CUI_init)
                  00007ecc    0000013c     collector.o (.text.dataCnfCB)
                  00008008    00000138     maclib_secure_cc13x2_tirtos7.a : mac_radio.o (.text.macRadioInitIeee)
                  00008140    00000138                                    : mac_hl_patch.o (.text.macWrapperDeleteAllDevices)
                  00008278    00000134     rf_multiMode_cc13x2.a : RFCC26X2_multiMode.c.cc13x2.ticlang.o (.text.RF_ratSetupChannel)
                  000083ac    00000134     csf.o (.text.setPanIdAction)
                  000084e0    00000130     csf.o (.text.Csf_processEvents)
                  00008610    00000130     driverlib.lib : aes.o (.text.NOROM_AESWriteToKeyStore)
                  00008740    00000130     csf.o (.text.sensorSelectAction)
                  00008870    0000012c     rf_multiMode_cc13x2.a : RFCC26X2_multiMode.c.cc13x2.ticlang.o (.text.RF_close)
                  0000899c    0000012c                           : RFCC26X2_multiMode.c.cc13x2.ticlang.o (.text.RF_fsmSetupState)
                  00008ac8    0000012c     drivers_cc13x2.a : TRNGCC26XX.c.obj (.text.TRNGCC26XX_hwiFxn)
                  00008bf4    0000012c     maclib_secure_cc13x2_tirtos7.a : mac_hl_patch.o (.text.macScanNextChan)
                  00008d20    0000012c     ti_sysbios_config.o (.text.ti_sysbios_family_arm_cc26xx_Timer_construct)
                  00008e4c    0000012c     maclib_secure_cc13x2_tirtos7.a : mac_tx.o (.text.txComplete)
                  00008f78    00000128     cui.o (.text.CUI_statusLinePrintf)
                  000090a0    00000124     rf_multiMode_cc13x2.a : RFCC26X2_multiMode.c.cc13x2.ticlang.o (.text.RF_abortCmd)
                  000091c4    00000120     drivers_cc13x2.a : Button.c.obj (.text.Button_clockTimeoutHandler)
                  000092e4    00000120     cui.o (.text.CUI_dispMenu)
                  00009404    0000011c     sysbios.a : Hwi_asm_gnu.obj (.text.ti_sysbios_family_arm_m3_Hwi_dispatch)
                  00009520    0000011a     drivers_cc13x2.a : UART2.c.obj (.text.UART2_writeTimeoutNonblocking)
                  0000963a    00000002     ti_drivers_config.o (.text.Board_initHook)
                  0000963c    00000118     drivers_cc13x2.a : PowerCC26X2.c.obj (.text.Power_init)
                  00009754    00000118     rf_multiMode_cc13x2.a : RFCC26X2_multiMode.c.cc13x2.ticlang.o (.text.RF_decodeOverridePointers)
                  0000986c    00000118     maclib_secure_cc13x2_tirtos7.a : mac_duty_cycle.o (.text.macDutyCycleInit)
                  00009984    00000118     csf.o (.text.sensorSetReportInterval)
                  00009a9c    00000114     cllc.o (.text.Cllc_process)
                  00009bb0    00000110     csf.o (.text.Csf_init)
                  00009cc0    00000110     drivers_cc13x2.a : LED.c.obj (.text.LED_open)
                  00009dd0    0000010c                      : PowerCC26X2_calibrateRCOSC.c.obj (.text.PowerCC26X2_calibrate)
                  00009edc    00000108     nvocmp.o (.text.NVOCMP_cleanPage)
                  00009fe4    00000108     drivers_cc13x2.a : NVSCC26XX.c.obj (.text.NVSCC26XX_write)
                  0000a0ec    00000108     rf_multiMode_cc13x2.a : RFCC26X2_multiMode.c.cc13x2.ticlang.o (.text.RF_fsmPowerUpState)
                  0000a1f4    00000104     drivers_cc13x2.a : GPIOCC26X2.c.obj (.text.GPIO_init)
                  0000a2f8    00000104                      : UART2CC26X2.c.obj (.text.UART2CC26X2_initHw)
                  0000a3fc    00000100     maclib_secure_cc13x2_tirtos7.a : mac_hl_patch.o (.text.macOutgoingFrameKeyDescRetrieval)
                  0000a4fc    000000fc     rf_multiMode_cc13x2.a : RFCC26X2_multiMode.c.cc13x2.ticlang.o (.text.RF_hwiCpe0Active)
                  0000a5f8    000000fc     maclib_secure_cc13x2_tirtos7.a : mac_hl_patch.o (.text.macBuildDataFrame)
                  0000a6f4    000000f8     drivers_cc13x2.a : TRNGCC26XX.c.obj (.text.TRNG_getRandom)
                  0000a7ec    000000f8     maclib_secure_cc13x2_tirtos7.a : mac_tx.o (.text.macTxChannelBusyCallback)
                  0000a8e4    000000f4     cui.o (.text.CUI_statusLineResourceRequest)
                  0000a9d8    000000f4     driverlib.lib : sys_ctrl.o (.text.NOROM_SysCtrlStandby)
                  0000aacc    000000f4     maclib_secure_cc13x2_tirtos7.a : mac.o (.text.macSetupRATChanCompare)
                  0000abc0    000000f0     drivers_cc13x2.a : UART2CC26X2.c.obj (.text.UART2Support_dmaStartRx)
                  0000acb0    000000ec     macTask.o (.text.MAC_CbackEvent)
                  0000ad9c    000000e8     maclib_secure_cc13x2_tirtos7.a : mac_radio_tx.o (.text.macRadioTxAckCb)
                  0000ae84    000000e8                                    : mac_radio_tx.o (.text.macRadioTxPrepCsmaSlottedSubG)
                  0000af6c    000000e8                                    : mac_tx.o (.text.txCsmaPrep)
                  0000b054    000000e4     driverlib.lib : setup.o (.text.NOROM_SetupTrimDevice)
                  0000b138    000000e4     ti_sysbios_config.o (.text.ti_sysbios_knl_Semaphore_pend)
                  0000b21c    000000e0     maclib_secure_cc13x2_tirtos7.a : mac_hl_patch.o (.text.macEdScanISR)
                  0000b2fc    000000dc     drivers_cc13x2.a : Button.c.obj (.text.Button_open)
                  0000b3d8    000000dc     rf_multiMode_cc13x2.a : RFCC26X2_multiMode.c.cc13x2.ticlang.o (.text.RF_control)
                  0000b4b4    000000dc     ti_sysbios_config.o (.text.pthread_create)
                  0000b590    000000d8     maclib_secure_cc13x2_tirtos7.a : mac_hl_patch.o (.text.macOutgoingFrameSecurity)
                  0000b668    000000d4     csf.o (.text.Csf_deviceUpdate)
                  0000b73c    000000d0     drivers_cc13x2.a : PowerCC26X2.c.obj (.text.configureXOSCHF)
                  0000b80c    000000d0     maclib_secure_cc13x2_tirtos7.a : mac_hl_patch.o (.text.macApiStartReq)
                  0000b8dc    000000d0                                    : mac_hl_patch.o (.text.macBuildHeaderIes)
                  0000b9ac    000000d0                                    : mac_hl_patch.o (.text.macCcmStarTransform)
                  0000ba7c    000000d0                                    : mac_symbol_timer.o (.text.macSymbolTimerUpdateWakeup)
                  0000bb4c    000000cc     cllc.o (.text.Cllc_restoreNetwork)
                  0000bc18    000000cc     collector.o (.text.Collector_sendConfigRequest)
                  0000bce4    000000cc     maclib_secure_cc13x2_tirtos7.a : mac_hl_patch.o (.text.macMgmtReset)
                  0000bdb0    000000cc                                    : mac_tx.o (.text.macTxRequestCsmaDelay)
                  0000be7c    000000cc     collector.o (.text.sendMsg)
                  0000bf48    000000cc     ti_sysbios_config.o (.text.ti_sysbios_knl_Clock_workFuncDynamic)
                  0000c014    000000ca     rf_multiMode_cc13x2.a : RFCC26X2_multiMode.c.cc13x2.ticlang.o (.text.RF_updatePaConfiguration)
                  0000c0de    00000002     csf.o (.text.Csf_toggleResponseReceived)
                  0000c0e0    000000c8     maclib_secure_cc13x2_tirtos7.a : mac_hl_patch.o (.text.macScanRxCoordRealign)
                  0000c1a8    000000c8                                    : mac_tx.o (.text.macTxRequestCsmaRtcDelay)
                  0000c270    000000c4                                    : fh_ie_patch.o (.text.FHDATA_CheckMinTxOffTime)
                  0000c334    000000c4     driverlib.lib : setup.o (.text.TrimAfterColdResetWakeupFromShutDown)
                  0000c3f8    000000c4     maclib_secure_cc13x2_tirtos7.a : mac_duty_cycle.o (.text.macDutyCycleNotify)
                  0000c4bc    000000c4                                    : mac_timer.o (.text.macSymbolTimerTriggerCallback)
                  0000c580    000000c4     csf.o (.text.updateCollectorStatusLine)
                  0000c644    000000bc     collector.o (.text.Collector_init)
                  0000c700    000000bc     rf_multiMode_cc13x2.a : RFCC26X2_multiMode.c.cc13x2.ticlang.o (.text.RF_swiHw)
                  0000c7bc    000000bc     drivers_cc13x2.a : UART2CC26X2.c.obj (.text.UART2Support_dmaStartTx)
                  0000c878    000000b8     cllc.o (.text.assocIndCb)
                  0000c930    000000b8     maclib_secure_cc13x2_tirtos7.a : mac_hl_patch.o (.text.macDataTxComplete)
                  0000c9e8    000000b8     ti_sysbios_config.o (.text.ti_sysbios_knl_Task_Instance_finalize)
                  0000caa0    000000b4     maclib_secure_cc13x2_tirtos7.a : mac_hl_patch.o (.text.MAC_MlmeScanReq)
                  0000cb54    000000b4     driverlib.lib : osc.o (.text.NOROM_OSCHF_AttemptToSwitchToXosc)
                  0000cc08    000000b4     ti_sysbios_config.o (.text.PowerCC26XX_standbyPolicy)
                  0000ccbc    000000b4     drivers_cc13x2.a : PowerCC26X2.c.obj (.text.Power_releaseDependency)
                  0000cd70    000000b4     maclib_secure_cc13x2_tirtos7.a : mac_hl_patch.o (.text.macBeaconCheckTxTime)
                  0000ce24    000000b4                                    : mac_rx.o (.text.macRxInit)
                  0000ced8    000000b2     api_mac.o (.text.copyDataInd)
                  0000cf8a    00000002     rf_multiMode_cc13x2.a : rfc.c.cc13x2.ticlang.o (.text.NOROM_RFCCpePatchReset)
                  0000cf8c    000000b0     csf.o (.text.Csf_deviceSensorDataUpdate)
                  0000d03c    000000b0     drivers_cc13x2.a : PowerCC26X2.c.obj (.text.Power_setDependency)
                  0000d0ec    000000b0     maclib_secure_cc13x2_tirtos7.a : mac_hl_patch.o (.text.macApiBeaconStartReq)
                  0000d19c    000000b0                                    : mac_hl_patch.o (.text.macAutoPoll)
                  0000d24c    000000b0                                    : mac_tx.o (.text.macTxStartQueuedFrame)
                  0000d2fc    000000b0     ti_sysbios_config.o (.text.ti_sysbios_knl_Task_setPri)
                  0000d3ac    000000b0     libclang_rt.builtins.a : udivmoddi4.S.obj (.text)
                  0000d45c    000000ac     rf_multiMode_cc13x2.a : RFCC26X2_multiMode.c.cc13x2.ticlang.o (.text.RF_pendCmd)
                  0000d508    000000ac     maclib_secure_cc13x2_tirtos7.a : mac.o (.text.macGetRFCmdDuration)
                  0000d5b4    000000ac                                    : mac_radio_tx.o (.text.macRadioFHEncryptFrame)
                  0000d660    000000ac                                    : mac_symbol_timer.o (.text.macSymbolTimerInit)
                  0000d70c    000000a4     api_mac.o (.text.ApiMac_mlmeSetReqArray)
                  0000d7b0    000000a4     maclib_osal_tirtos7_cc13x2_26x2.a : osal_port.o (.text.OsalPort_heapMalloc)
                  0000d854    000000a4     rf_multiMode_cc13x2.a : RFCC26X2_multiMode.c.cc13x2.ticlang.o (.text.RF_initRadioSetup)
                  0000d8f8    000000a4     maclib_secure_cc13x2_tirtos7.a : mac_hl_patch.o (.text.macTrackTimeoutCallback)
                  0000d99c    000000a4                                    : mac_radio.o (.text.scheduleNopWakeupCmd)
                  0000da40    000000a4     ti_sysbios_config.o (.text.ti_sysbios_knl_Task_Instance_init)
                  0000dae4    000000a0     nvocmp.o (.text.NVOCMP_readContItemApi)
                  0000db84    000000a0     rf_multiMode_cc13x2.a : RFCC26X2_multiMode.c.cc13x2.ticlang.o (.text.RF_calculateDispatchTime)
                  0000dc24    000000a0                           : RFCC26X2_multiMode.c.cc13x2.ticlang.o (.text.RF_requestAccess)
                  0000dcc4    000000a0     maclib_secure_cc13x2_tirtos7.a : mac_hl_patch.o (.text.macBlacklistChecking)
                  0000dd64    0000009c                                    : mac_hl_patch.o (.text.macAutoPendAddSrcMatchTableEntry)
                  0000de00    0000009a     drivers_cc13x2.a : UART2.c.obj (.text.UART2_writeCancel)
                  0000de9a    00000002     rf_multiMode_cc13x2.a : RFCC26X2_multiMode.c.cc13x2.ticlang.o (.text.RF_defaultCallback)
                  0000de9c    00000098     nvocmp.o (.text.NVOCMP_erase)
                  0000df34    00000098     rf_multiMode_cc13x2.a : RFCC26X2_multiMode.c.cc13x2.ticlang.o (.text.RF_defaultSubmitPolicy)
                  0000dfcc    00000098     drivers_cc13x2.a : UART2CC26X2.c.obj (.text.UART2_close)
                  0000e064    00000098     maclib_secure_cc13x2_tirtos7.a : mac_hl_patch.o (.text.macCcmStarInverseTransform)
                  0000e0fc    00000098                                    : mac_hl_patch.o (.text.macIncomingSecurityLevelChecking)
                  0000e194    00000098                                    : mac.o (.text.macStopCmd)
                  0000e22c    00000096     rf_multiMode_cc13x2.a : RFCC26X2_multiMode.c.cc13x2.ticlang.o (.text.RF_verifyGap)
                  0000e2c2    00000002     drivers_cc13x2.a : UART2CC26X2.c.obj (.text.UART2CC26X2_eventCallback)
                  0000e2c4    00000094     maclib_secure_cc13x2_tirtos7.a : mac_autopend.o (.text.MAC_SrcMatchAddEntry)
                  0000e358    00000094     rf_multiMode_cc13x2.a : RFCC26X2_multiMode.c.cc13x2.ticlang.o (.text.RF_ratRestartChannels)
                  0000e3ec    00000094     maclib_secure_cc13x2_tirtos7.a : mac_hl_patch.o (.text.macCcmDecrypt)
                  0000e480    00000094                                    : mac_radio.o (.text.macRadioUpdateChannel)
                  0000e514    00000094                                    : mac_timer.o (.text.macTimerUpdateSymbolTimer)
                  0000e5a8    00000094     ti_sysbios_config.o (.text.ti_sysbios_knl_Clock_startI)
                  0000e63c    00000090     nvocmp.o (.text.NVOCMP_getDstPage)
                  0000e6cc    00000090     nvocmp.o (.text.NVOCMP_updateItemApi)
                  0000e75c    00000090     maclib_secure_cc13x2_tirtos7.a : mac_hl_patch.o (.text.macCcmEncrypt)
                  0000e7ec    00000090                                    : mac_radio_tx.o (.text.macRadioSendImmAck)
                  0000e87c    00000090                                    : mac_radio_tx.o (.text.macRadioTxEnhAckCb)
                  0000e90c    00000090                                    : mac_radio.o (.text.macRadioUpdateChannelRx)
                  0000e99c    00000090                                    : mac_sleep.o (.text.macSleep)
                  0000ea2c    00000090                                    : mac_autopend.o (.text.macSrcMatchCheckSrcAddr)
                  0000eabc    00000090                                    : mac_tx.o (.text.macTxDoneCallback)
                  0000eb4c    0000008c     cui.o (.text.CUI_clientOpen)
                  0000ebd8    0000008c     drivers_cc13x2.a : GPIOCC26XX.c.obj (.text.GPIO_setConfig)
                  0000ec64    0000008c                      : TRNGCC26XX.c.obj (.text.TRNG_construct)
                  0000ecf0    0000008c     ti_sysbios_config.o (.text.ti_sysbios_knl_Clock_init)
                  0000ed7c    00000088     cllc.o (.text.Cllc_init)
                  0000ee04    00000088     csf.o (.text.Csf_getDeviceItem)
                  0000ee8c    00000088     nvocmp.o (.text.NVOCMP_deleteItemApi)
                  0000ef14    00000088     rf_multiMode_cc13x2.a : RFCC26X2_multiMode.c.cc13x2.ticlang.o (.text.RF_cmdDispatchTime)
                  0000ef9c    00000088                           : RFCC26X2_multiMode.c.cc13x2.ticlang.o (.text.RF_discardPendCmd)
                  0000f024    00000088     maclib_secure_cc13x2_tirtos7.a : mac_pwr.o (.text.macPwrVote)
                  0000f0ac    00000088                                    : mac_radio.o (.text.macRadioStartScan)
                  0000f134    00000088     macTask.o (.text.macTaskInit)
                  0000f1bc    00000084     nvocmp.o (.text.NVOCMP_readHeader)
                  0000f240    00000084     rf_multiMode_cc13x2.a : RFCC26X2_multiMode.c.cc13x2.ticlang.o (.text.RF_getInfo)
                  0000f2c4    00000084                           : RFCC26X2_multiMode.c.cc13x2.ticlang.o (.text.RF_yield)
                  0000f348    00000084     maclib_secure_cc13x2_tirtos7.a : mac_hl_patch.o (.text.macKeyDescriptorLookup)
                  0000f3cc    00000084                                    : mac_mcu.o (.text.macMcuOverflowSetPeriod)
                  0000f450    00000084                                    : mac.o (.text.macSetupReceiveCmd)
                  0000f4d4    00000084                                    : mac_hl_patch.o (.text.macTrackStartCallback)
                  0000f558    00000084     main.o (.text.main)
                  0000f5dc    00000084     ti_sysbios_config.o (.text.ti_sysbios_family_arm_m3_Hwi_initNVIC)
                  0000f660    00000080     driverlib.lib : sys_ctrl.o (.text.NOROM_SysCtrlSetRechargeBeforePowerDown)
                  0000f6e0    00000080     nvocmp.o (.text.NVOCMP_createItemApi)
                  0000f760    00000080     nvocmp.o (.text.NVOCMP_getFreeNvApi)
                  0000f7e0    00000080     maclib_osal_tirtos7_cc13x2_26x2.a : osal_port.o (.text.OsalPort_setTimer)
                  0000f860    00000080     drivers_cc13x2.a : UART2CC26X2.c.obj (.text.UART2Support_dmaStopTx)
                  0000f8e0    00000080                      : NVSCC26XX.c.obj (.text.doErase)
                  0000f960    00000080     ti_sysbios_config.o (.text.ti_sysbios_family_arm_m3_Hwi_postInit)
                  0000f9e0    00000080     ti_sysbios_config.o (.text.ti_sysbios_gates_GateMutexPri_enter)
                  0000fa60    0000007e     driverlib.lib : chipinfo.o (.text.NOROM_ChipInfo_GetChipType)
                  0000fade    00000002     libclang_rt.builtins.a : aeabi_div0.c.obj (.text.__aeabi_ldiv0)
                  0000fae0    0000007c     cllc.o (.text.Cllc_securityInit)
                  0000fb5c    0000007c     maclib_secure_cc13x2_tirtos7.a : mac_hl_patch.o (.text.MAC_ResumeReq)
                  0000fbd8    0000007c     maclib_osal_tirtos7_cc13x2_26x2.a : osal_port.o (.text.OsalPort_heapInit)
                  0000fc54    0000007c     rf_multiMode_cc13x2.a : RFCC26X2_multiMode.c.cc13x2.ticlang.o (.text.RF_ratDisableChannel)
                  0000fcd0    0000007c     maclib_secure_cc13x2_tirtos7.a : mac_mcu.o (.text.macMcuOverflowSetCompare)
                  0000fd4c    00000078     csf.o (.text.Csf_getDeviceExtAdd)
                  0000fdc4    00000078     driverlib.lib : osc.o (.text.NOROM_OSCHF_SwitchToRcOscTurnOffXosc)
                  0000fe3c    00000078                   : osc.o (.text.NOROM_OSC_CapArrayAdjustWorkaround_Boot)
                  0000feb4    00000078     nvocmp.o (.text.NVOCMP_checkItem)
                  0000ff2c    00000078     nvocmp.o (.text.NVOCMP_loadApiPtrs)
                  0000ffa4    00000078     drivers_cc13x2.a : NVSCC26XX.c.obj (.text.NVSCC26XX_open)
                  0001001c    00000078     rf_multiMode_cc13x2.a : RFCC26X2_multiMode.c.cc13x2.ticlang.o (.text.RF_ratFreeChannel)
                  00010094    00000078     ti_sysbios_config.o (.text._pthread_removeThreadKeys)
                  0001010c    00000078     cllc.o (.text.beaconNotifyIndCb)
                  00010184    00000078     maclib_secure_cc13x2_tirtos7.a : mac.o (.text.macRequestBackoff)
                  000101fc    00000078                                    : mac_timer.o (.text.macTimerRealign)
                  00010274    00000078     cllc.o (.text.maintainAssocTable)
                  000102ec    00000078     ti_sysbios_config.o (.text.ti_sysbios_knl_Task_postInit)
                  00010364    00000074     csf.o (.text.Csf_sendDisassociateMsg)
                  000103d8    00000074     drivers_cc13x2.a : PowerCC26X2_calibrateRCOSC_helpers.c.obj (.text.PowerCC26X2_updateSubSecInc)
                  0001044c    00000074     rf_multiMode_cc13x2.a : RFCC26X2_multiMode.c.cc13x2.ticlang.o (.text.RF_hwiHw)
                  000104c0    00000074     ti_sysbios_config.o (.text.acquireMutex)
                  00010534    00000074     maclib_secure_cc13x2_tirtos7.a : mac.o (.text.macSetupFsCmd)
                  000105a8    00000074                                    : mac_timer.o (.text.macTimerSetRollover)
                  0001061c    00000074     ti_sysbios_config.o (.text.ti_sysbios_family_arm_m3_Hwi_Instance_init)
                  00010690    00000074     ti_sysbios_config.o (.text.ti_sysbios_knl_Swi_restoreHwi)
                  00010704    00000070     drivers_cc13x2.a : AESCCMCC26XX.c.obj (.text.AESCCM_cleanup)
                  00010774    00000070     api_mac.o (.text.ApiMac_init)
                  000107e4    00000070     csf.o (.text.Csf_updateFrameCounter)
                  00010854    00000070     maclib_secure_cc13x2_tirtos7.a : fh_ie_patch.o (.text.FHDATA_getASYNCDelay)
                  000108c4    00000070     nvocmp.o (.text.NVOCMP_readItemApi)
                  00010934    00000070     nvocmp.o (.text.NVOCMP_writeItemApi)
                  000109a4    00000070     maclib_osal_tirtos7_cc13x2_26x2.a : osal_port.o (.text.OsalPort_pwrmgrTaskState)
                  00010a14    00000070     rf_multiMode_cc13x2.a : RFCC26X2_multiMode.c.cc13x2.ticlang.o (.text.RF_getTxPower)
                  00010a84    00000070     maclib_secure_cc13x2_tirtos7.a : mac_duty_cycle.o (.text.macDutyCycleTimerCB)
                  00010af4    00000070                                    : mac_radio.o (.text.macRadioPowerDown)
                  00010b64    00000070                                    : mac_rx.o (.text.macRxHaltCleanup)
                  00010bd4    00000070                                    : mac_rx_onoff.o (.text.macRxOffRequest)
                  00010c44    00000070                                    : mac_symbol_timer.o (.text.macSymbolTimerPeriodIsr)
                  00010cb4    00000070     cllc.o (.text.scanCnfCb)
                  00010d24    00000070     ti_sysbios_config.o (.text.ti_sysbios_knl_Task_startup)
                  00010d94    00000070     ti_sysbios_config.o (.text.ti_sysbios_runtime_System_formatNum)
                  00010e04    0000006e     drivers_cc13x2.a : LED.c.obj (.text.LED_startBlinking)
                  00010e72    00000002     libc.a : _lock.c.obj (.text._nop)
                  00010e74    0000006c     csf.o (.text.Csf_clearAllNVItems)
                  00010ee0    0000006c     csf.o (.text.Csf_getDevice)
                  00010f4c    0000006c     nvocmp.o (.text.NVOCMP_eraseNvApi)
                  00010fb8    0000006c     rf_multiMode_cc13x2.a : RFCC26X2_multiMode.c.cc13x2.ticlang.o (.text.RF_issueRadioFreeCb)
                  00011024    0000006c     drivers_cc13x2.a : Random.c.obj (.text.Random_seedAutomatic)
                  00011090    0000006c     main.o (.text.appTaskFxn)
                  000110fc    0000006c     maclib_secure_cc13x2_tirtos7.a : mac_low_level.o (.text.macLowLevelInit)
                  00011168    0000006c                                    : mac_mcu.o (.text.macMcuInit)
                  000111d4    0000006c                                    : mac_radio_tx.o (.text.macRadioTxPrepLbt)
                  00011240    0000006c                                    : mac_tx.o (.text.macTxGetDefaultMinTxOffTime)
                  000112ac    0000006c     cllc.o (.text.orphanIndCb)
                  00011318    0000006c     ti_sysbios_config.o (.text.ti_sysbios_family_arm_m3_Hwi_dispatchC)
                  00011384    0000006a     nvocmp.o (.text.NVOCMP_verifyCRC)
                  000113ee    0000006a     libc.a : copy_decompress_lzss.c.obj (.text:decompress:lzss)
                  00011458    00000068     maclib_secure_cc13x2_tirtos7.a : fh_ie_patch.o (.text.FHIE_getCcaSfdTime)
                  000114c0    00000068     rf_multiMode_cc13x2.a : RFCC26X2_multiMode.c.cc13x2.ticlang.o (.text.RF_detachOverrides)
                  00011528    00000068     drivers_cc13x2.a : UART2CC26X2.c.obj (.text.UART2Support_dmaStopRx)
                  00011590    00000068     maclib_secure_cc13x2_tirtos7.a : mac_radio_tx.o (.text.macRadioTxPrepSlotted)
                  000115f8    00000068                                    : mac_rx_onoff.o (.text.macRxOn)
                  00011660    00000068                                    : mac.o (.text.macSetTxPowerVal)
                  000116c8    00000068                                    : mac_timer.o (.text.macTimerGetNextTimer)
                  00011730    00000068     ti_sysbios_config.o (.text.ti_sysbios_knl_Swi_run)
                  00011798    00000064     drivers_cc13x2.a : AESCCMCC26XX.c.obj (.text.AESCCM_hwiFxn)
                  000117fc    00000064     maclib_osal_tirtos7_cc13x2_26x2.a : osal_port.o (.text.OsalPort_clearEvent)
                  00011860    00000064     drivers_cc13x2.a : PowerCC26X2_calibrateRCOSC.c.obj (.text.PowerCC26X2_initiateCalibration)
                  000118c4    00000064     rf_multiMode_cc13x2.a : RFCC26X2_multiMode.c.cc13x2.ticlang.o (.text.RF_attachOverrides)
                  00011928    00000064                           : RFCC26X2_multiMode.c.cc13x2.ticlang.o (.text.RF_dispatchNextEvent)
                  0001198c    00000064                           : RFCC26X2_multiMode.c.cc13x2.ticlang.o (.text.RF_hwiCpe0PowerFsm)
                  000119f0    00000064     drivers_cc13x2.a : UDMACC26XX.c.obj (.text.UDMACC26XX_open)
                  00011a54    00000064     maclib_secure_cc13x2_tirtos7.a : mac_radio_tx.o (.text.macRadioTxGoLbt)
                  00011ab8    00000064                                    : mac_timer.o (.text.macTimerAddTimer)
                  00011b1c    00000064                                    : mac_hl_patch.o (.text.macTrackPeriodCallback)
                  00011b80    00000064     drivers_cc13x2.a : PowerCC26X2.c.obj (.text.oscillatorISR)
                  00011be4    00000064     ti_sysbios_config.o (.text.ti_sysbios_gates_GateMutexPri_leave)
                  00011c48    00000064     ti_sysbios_config.o (.text.ti_sysbios_knl_Idle_init)
                  00011cac    00000064     ti_sysbios_config.o (.text.ti_sysbios_knl_TaskSupport_buildTaskStack)
                  00011d10    00000062     rf_multiMode_cc13x2.a : RFCC26X2_multiMode.c.cc13x2.ticlang.o (.text.RF_syncCb)
                  00011d72    00000002     drivers_cc13x2.a : PowerCC26X2.c.obj (.text.emptyClockFunc)
                  00011d74    00000060                      : CryptoResourceCC26XX.c.obj (.text.CryptoResourceCC26XX_constructRTOSObjects)
                  00011dd4    00000060     maclib_osal_tirtos7_cc13x2_26x2.a : osal_port.o (.text.OsalPort_setEvent)
                  00011e34    00000060     csf.o (.text.findDeviceListIndex)
                  00011e94    00000060     maclib_secure_cc13x2_tirtos7.a : mac_radio.o (.text.macRadioWakeupCb)
                  00011ef4    00000060                                    : mac_timer.o (.text.macSymbolTimerRolloverCallback)
                  00011f54    00000060                                    : mac_timer.o (.text.macTimerCancel)
                  00011fb4    00000060     ti_sysbios_config.o (.text.pthread_exit)
                  00012014    00000060     ti_sysbios_config.o (.text.ti_sysbios_knl_Clock_walkQueueDynamic)
                  00012074    00000060     ti_sysbios_config.o (.text.ti_sysbios_knl_Semaphore_post)
                  000120d4    00000060     ti_sysbios_config.o (.text.ti_sysbios_knl_Swi_schedule)
                  00012134    0000005e     rf_multiMode_cc13x2.a : rfc.c.cc13x2.ticlang.o (.text.NOROM_RFCAnaDivTxOverride)
                  00012192    00000002     drivers_cc13x2.a : CryptoResourceCC26XX.c.obj (.text.errorSpin)
                  00012194    0000005c     maclib_osal_tirtos7_cc13x2_26x2.a : osal_port.o (.text.OsalPort_msgReceive)
                  000121f0    0000005c     drivers_cc13x2.a : TRNGCC26XX.c.obj (.text.TRNGCC26XX_startTrng)
                  0001224c    0000005c     maclib_secure_cc13x2_tirtos7.a : mac_sleep.o (.text.macCanSleep)
                  000122a8    0000005c                                    : mac_radio.o (.text.macRadioSetChannel)
                  00012304    0000005c                                    : mac_radio_tx.o (.text.macRadioTxBackoffBoundary)
                  00012360    0000005c                                    : mac.o (.text.macRequestSFDTimeout)
                  000123bc    0000005c                                    : mac_symbol_timer.o (.text.macSymbolTimerEventHandler)
                  00012418    0000005c     collector.o (.text.processDataRetry)
                  00012474    0000005c     maclib_secure_cc13x2_tirtos7.a : mac_rx.o (.text.rxPostRxUpdates)
                  000124d0    00000058     drivers_cc13x2.a : Button.c.obj (.text.Button_gpioCallbackFxn)
                  00012528    00000058     cui.o (.text.CUI_writeString)
                  00012580    00000058     cllc.o (.text.Cllc_removeDevice)
                  000125d8    00000058     csf.o (.text.Csf_getFrameCounter)
                  00012630    00000058     maclib_osal_tirtos7_cc13x2_26x2.a : osal_port.o (.text.HEAPMGR_GETLARGESTFREEBUF)
                  00012688    00000058                                       : osal_port.o (.text.OsalPort_msgSend)
                  000126e0    00000058     rf_multiMode_cc13x2.a : RFCC26X2_multiMode.c.cc13x2.ticlang.o (.text.RF_applyRfCorePatch)
                  00012738    00000058     drivers_cc13x2.a : TRNGCC26XX.c.obj (.text.TRNG_init)
                  00012790    00000058     csf.o (.text.formNwkAndUpdateUser)
                  000127e8    00000058     maclib_secure_cc13x2_tirtos7.a : mac_radio.o (.text.macRadioSetChannelRx)
                  00012840    00000058                                    : mac_radio_tx.o (.text.macRadioTxPrepCsmaSlottedIeee)
                  00012898    00000058                                    : mac_radio.o (.text.macRadioUpdateTxPower)
                  000128f0    00000058     sysbios.a : Hwi_asm_switch_gnu.obj (.text.ti_sysbios_family_arm_m3_Hwi_initStacks)
                  00012948    00000056     drivers_cc13x2.a : StructRingBuf.c.obj (.text.StructRingBuf_put)
                  0001299e    00000056                      : UART2.c.obj (.text.UART2_readCancel)
                  000129f4    00000056     maclib_osal_tirtos7_cc13x2_26x2.a : util_timer.o (.text.UtilTimer_construct)
                  00012a4a    00000002     maclib_secure_cc13x2_tirtos7.a : mac_pwr.o (.text.macApiPwrOnReq)
                  00012a4c    00000054     drivers_cc13x2.a : AESCCMCC26XX.c.obj (.text.AESCCM_construct)
                  00012aa0    00000054     nvocmp.o (.text.NVOCMP_compactNvApi)
                  00012af4    00000054     nvocmp.o (.text.NVOCMP_getItemLenApi)
                  00012b48    00000054     rf_multiMode_cc13x2.a : RFCC26X2_multiMode.c.cc13x2.ticlang.o (.text.RF_fsmXOSCState)
                  00012b9c    00000054                           : RFCC26X2_multiMode.c.cc13x2.ticlang.o (.text.RF_getCurrentTime)
                  00012bf0    00000054     maclib_secure_cc13x2_tirtos7.a : mac_duty_cycle.o (.text.macDutyCycleByteToUSec)
                  00012c44    00000054                                    : mac_tx.o (.text.macTxAckReceivedCallback)
                  00012c98    00000054     cllc.o (.text.sendStartReq)
                  00012cec    00000052     driverlib.lib : chipinfo.o (.text.NOROM_ChipInfo_GetHwRevision)
                  00012d3e    00000002     maclib_secure_cc13x2_tirtos7.a : mac_mcu.o (.text.macMcuBitReverse)
                  00012d40    00000050     ti_drivers_config.o (.text.Board_shutDownExtFlash)
                  00012d90    00000050     rf_multiMode_cc13x2.a : RFCC26X2_multiMode.c.cc13x2.ticlang.o (.text.RF_wakeupNotification)
                  00012de0    00000050     maclib_secure_cc13x2_tirtos7.a : mac_radio.o (.text.macGetRadioTxPowerReg)
                  00012e30    00000050                                    : mac_radio_tx.o (.text.macRadioSendEnhAck)
                  00012e80    00000050     cllc.o (.text.sendScanReq)
                  00012ed0    00000050     collector.o (.text.sendTrackingRequest)
                  00012f20    00000050     ti_sysbios_config.o (.text.ti_sysbios_knl_Swi_Instance_init)
                  00012f70    00000050     ti_sysbios_config.o (.text.ti_sysbios_knl_Swi_post)
                  00012fc0    00000050     ti_sysbios_config.o (.text.ti_sysbios_knl_Swi_runLoop)
                  00013010    0000004e     ti_drivers_config.o (.text.Board_sendExtFlashByte)
                  0001305e    0000004e     nvocmp.o (.text.NVOCMP_readItem)
                  000130ac    0000004c     ti_sysbios_config.o (.text.BIOS_startFunc)
                  000130f8    0000004c     csf.o (.text.Csf_networkUpdate)
                  00013144    0000004c     maclib_secure_cc13x2_tirtos7.a : mac_autopend.o (.text.MAC_SrcMatchEnable)
                  00013190    0000004c     driverlib.lib : osc.o (.text.NOROM_OSC_HPOSCRelativeFrequencyOffsetGet)
                  000131dc    0000004c     nvocmp.o (.text.NVOCMP_setItemInactive)
                  00013228    0000004c     drivers_cc13x2.a : NVSCC26XX.c.obj (.text.NVSCC26XX_init)
                  00013274    0000004c                      : NVSCC26XX.c.obj (.text.NVSCC26XX_read)
                  000132c0    0000004c                      : StructRingBuf.c.obj (.text.StructRingBuf_get)
                  0001330c    0000004c     maclib_secure_cc13x2_tirtos7.a : mac_low_level.o (.text.macLowLevelYield)
                  00013358    0000004c                                    : mac_radio_tx.o (.text.macRadioTxHandleAck)
                  000133a4    0000004c                                    : mac_radio_tx.o (.text.macRadioTxPrepCsmaUnslottedSubG)
                  000133f0    0000004c                                    : mac.o (.text.macSendFsCmd)
                  0001343c    0000004c                                    : mac_hl_patch.o (.text.macSetDefaultsByPatch)
                  00013488    0000004c                                    : mac_timer.o (.text.macTimerUpdActive)
                  000134d4    0000004c     drivers_cc13x2.a : PowerCC26X2.c.obj (.text.switchXOSCHF)
                  00013520    00000048     driverlib.lib : aux_sysif.o (.text.NOROM_AUXSYSIFOpModeChange)
                  00013568    00000048     rf_multiMode_cc13x2.a : rfc.c.cc13x2.ticlang.o (.text.NOROM_RFCSynthPowerDown)
                  000135b0    00000048     drivers_cc13x2.a : NVS.c.obj (.text.NVS_open)
                  000135f8    00000048     maclib_osal_tirtos7_cc13x2_26x2.a : osal_port.o (.text.OsalPort_heapFree)
                  00013640    00000048     drivers_cc13x2.a : PowerCC26X2.c.obj (.text.PowerCC26XX_switchXOSC_HF)
                  00013688    00000048                      : UART2.c.obj (.text.UART2_readFull)
                  000136d0    00000048     maclib_secure_cc13x2_tirtos7.a : mac_hl_patch.o (.text.macIncomingKeyUsagePolicyChecking)
                  00013718    00000048                                    : mac_rx_onoff.o (.text.macRxDisable)
                  00013760    00000048     ti_sysbios_config.o (.text.ti_sysbios_family_arm_cc26xx_Timer_start)
                  000137a8    00000048     ti_sysbios_config.o (.text.ti_sysbios_knl_Task_schedule)
                  000137f0    00000046     drivers_cc13x2.a : RingBuf.c.obj (.text.RingBuf_put)
                  00013836    00000002     maclib_secure_cc13x2_tirtos7.a : mac_radio.o (.text.macRadioSetRE)
                  00013838    00000044     ti_sysbios_config.o (.text.BIOS_atExitFunc)
                  0001387c    00000044     cui.o (.text.CUI_menuActionHelp)
                  000138c0    00000044     cllc.o (.text.Cllc_addSecDevice)
                  00013904    00000044     collector.o (.text.Collector_sendDeviceTypeRequest)
                  00013948    00000044     collector.o (.text.Collector_sendToggleLedRequest)
                  0001398c    00000044     csf.o (.text.Csf_stateChangeUpdate)
                  000139d0    00000044     maclib_secure_cc13x2_tirtos7.a : fh_ie_patch.o (.text.FHNT_delTempIndex)
                  00013a14    00000044     drivers_cc13x2.a : GPIOCC26X2.c.obj (.text.GPIO_hwiIntFxn)
                  00013a58    00000044     driverlib.lib : prcm.o (.text.NOROM_PRCMPowerDomainsAllOff)
                  00013a9c    00000044                   : prcm.o (.text.NOROM_PRCMPowerDomainsAllOn)
                  00013ae0    00000044     drivers_cc13x2.a : PWM.c.obj (.text.PWM_init)
                  00013b24    00000044     rf_multiMode_cc13x2.a : RFCC26X2_multiMode.c.cc13x2.ticlang.o (.text.RF_TxPowerTable_findValue)
                  00013b68    00000044                           : RFCC26X2_multiMode.c.cc13x2.ticlang.o (.text.RF_cmdGet)
                  00013bac    00000044                           : RFCC26X2_multiMode.c.cc13x2.ticlang.o (.text.RF_updatePowerupDuration)
                  00013bf0    00000044     api_mac.o (.text.convertTxOptions)
                  00013c34    00000044     maclib_secure_cc13x2_tirtos7.a : mac_radio.o (.text.macRadioSetPanCoordinator)
                  00013c78    00000044                                    : mac.o (.text.macRatDisableChannels)
                  00013cbc    00000044                                    : mac_rx.o (.text.macRxNokIsr)
                  00013d00    00000044                                    : mac_symbol_timer.o (.text.macSymbolTimerRealignIeee)
                  00013d44    00000044                                    : mac_symbol_timer.o (.text.macSymbolTimerRealignSubG)
                  00013d88    00000044                                    : mac_tx.o (.text.macTxUpdateIE)
                  00013dcc    00000044     ti_sysbios_config.o (.text.ti_sysbios_family_arm_m3_Hwi_Instance_finalize)
                  00013e10    00000044     ti_sysbios_config.o (.text.ti_sysbios_family_arm_m3_Hwi_construct2)
                  00013e54    00000044     ti_sysbios_config.o (.text.ti_sysbios_family_arm_m3_Hwi_disableInterrupt)
                  00013e98    00000044     ti_sysbios_config.o (.text.ti_sysbios_family_arm_m3_Hwi_enableInterrupt)
                  00013edc    00000044     ti_sysbios_config.o (.text.ti_sysbios_knl_Swi_restore)
                  00013f20    00000040     cllc.o (.text.Cllc_sendDisassociationRequest)
                  00013f60    00000040     csf.o (.text.Csf_IndicateOrphanReJoin)
                  00013fa0    00000040     csf.o (.text.Csf_deviceConfigUpdate)
                  00013fe0    00000040     csf.o (.text.Csf_deviceDisassocUpdate)
                  00014020    00000040     csf.o (.text.Csf_deviceSensorDeviceTypeResponseUpdate)
                  00014060    00000040     csf.o (.text.Csf_removeDeviceListItem)
                  000140a0    00000040     maclib_secure_cc13x2_tirtos7.a : mac_timer.o (.text.MAC_PwrNextTimeout)
                  000140e0    00000040     maclib_osal_tirtos7_cc13x2_26x2.a : osal_port.o (.text.OsalPort_deleteTimer)
                  00014120    00000040                                       : osal_port.o (.text.OsalPort_msgEnqueueMax)
                  00014160    00000040     drivers_cc13x2.a : PWM.c.obj (.text.PWM_open)
                  000141a0    00000040                      : PowerCC26X2_calibrateRCOSC.c.obj (.text.PowerCC26X2_RCOSC_clockFunc)
                  000141e0    00000040                      : PowerCC26X2_calibrateRCOSC_helpers.c.obj (.text.PowerCC26X2_setAclkRefSrc)
                  00014220    00000040     libc.a : atoi.c.obj (.text.atoi)
                  00014260    00000040     drivers_cc13x2.a : LED.c.obj (.text.clockTimeoutHandler)
                  000142a0    00000040     api_mac.o (.text.copyMacPanDescToApiMacPanDesc)
                  000142e0    00000040     drivers_cc13x2.a : NVSCC26XX.c.obj (.text.disableFlashCache)
                  00014320    00000040     maclib_secure_cc13x2_tirtos7.a : mac_radio.o (.text.macRadioStopScan)
                  00014360    00000040                                    : mac_timer.o (.text.macTimerRecalcUnaligned)
                  000143a0    00000040                                    : mac_tx.o (.text.macTxDecrypt)
                  000143e0    00000040                                    : mac_tx.o (.text.macTxFrameIsr)
                  00014420    00000040     ti_sysbios_config.o (.text.ti_sysbios_knl_Clock_getTicksUntilInterrupt)
                  00014460    00000040     ti_sysbios_config.o (.text.ti_sysbios_knl_Task_exit)
                  000144a0    00000040     ti_sysbios_config.o (.text.ti_sysbios_runtime_Startup_exec)
                  000144e0    0000003e     drivers_cc13x2.a : LED.c.obj (.text.LED_setBrightnessLevel)
                  0001451e    0000003e                      : LED.c.obj (.text.LED_setOff)
                  0001455c    0000003c     cui.o (.text.CUI_updateCursor)
                  00014598    0000003c     drivers_cc13x2.a : GPIO.c.obj (.text.GPIO_resetConfig)
                  000145d4    0000003c     ti_sysbios_config.o (.text.HwiP_construct)
                  00014610    0000003c     maclib_secure_cc13x2_tirtos7.a : mac_autopend.o (.text.MAC_SrcMatchCheckResult)
                  0001464c    0000003c     driverlib.lib : sys_ctrl.o (.text.NOROM_SysCtrlIdle)
                  00014688    0000003c     drivers_cc13x2.a : PowerCC26X2_calibrateRCOSC_helpers.c.obj (.text.PowerCC26X2_setTdcClkSrc24M)
                  000146c4    0000003c     collector.o (.text.cllcDeviceJoiningCB)
                  00014700    0000003c     rf_multiMode_cc13x2.a : rf_patch_cpe_prop.c.cc13x2.ticlang.o (.text.configurePropPatch)
                  0001473c    0000003c     maclib_secure_cc13x2_tirtos7.a : mac_radio.o (.text.macRadioPowerUp)
                  00014778    0000003c                                    : mac_radio_tx.o (.text.macRadioTxGoSlottedCsma)
                  000147b4    0000003c                                    : mac.o (.text.macSetUserConfig)
                  000147f0    0000003c                                    : mac_symbol_timer.o (.text.macSymbolTimerSetCount)
                  0001482c    0000003c                                    : mac_symbol_timer.o (.text.macSymbolTimerSetTrigger)
                  00014868    0000003c                                    : mac_tx.o (.text.macTxTimestampCallback)
                  000148a4    0000003c     csf.o (.text.sendToggleAndUpdateUser)
                  000148e0    0000003c     ti_sysbios_config.o (.text.ti_sysbios_family_arm_cc26xx_Timer_periodicStub)
                  0001491c    0000003c     ti_sysbios_config.o (.text.ti_sysbios_family_arm_cc26xx_Timer_setThreshold)
                  00014958    0000003c     ti_sysbios_config.o (.text.ti_sysbios_heaps_HeapCallback_construct)
                  00014994    0000003c     ti_sysbios_config.o (.text.ti_sysbios_knl_ClockSupport_init)
                  000149d0    0000003c     ti_sysbios_config.o (.text.ti_sysbios_knl_Task_blockI)
                  00014a0c    0000003c     ti_sysbios_config.o (.text.ti_sysbios_knl_Task_create)
                  00014a48    0000003c     ti_sysbios_config.o (.text.ti_sysbios_knl_Task_restore)
                  00014a84    0000003c     ti_sysbios_config.o (.text.ti_sysbios_runtime_Memory_alloc)
                  00014ac0    0000003c     maclib_secure_cc13x2_tirtos7.a : mac_tx.o (.text.txGo)
                  00014afc    0000003c     libc.a : autoinit.c.obj (.text:__TI_auto_init_nobinit_nopinit)
                  00014b38    0000003a     api_mac.o (.text.ApiMac_convertCapabilityInfo)
                  00014b72    0000003a     maclib_secure_cc13x2_tirtos7.a : mac_hl_patch.o (.text.macCheckPhyRate)
                  00014bac    00000038     api_mac.o (.text.ApiMac_buildMsgCapInfo)
                  00014be4    00000038     cllc.o (.text.Cllc_setJoinPermit)
                  00014c1c    00000038     csf.o (.text.Csf_getNumDeviceListEntries)
                  00014c54    00000038     maclib_secure_cc13x2_tirtos7.a : fh_ie_patch.o (.text.FHAPI_getTxParams)
                  00014c8c    00000038     drivers_cc13x2.a : LED.c.obj (.text.LED_setOn)
                  00014cc4    00000038     maclib_secure_cc13x2_tirtos7.a : mac_pwr.o (.text.MAC_PwrOffReq)
                  00014cfc    00000038                                    : mac_autopend.o (.text.MAC_SrcMatchAckAllPending)
                  00014d34    00000038                                    : mac_autopend.o (.text.MAC_SrcMatchDeleteEntry)
                  00014d6c    00000038     ti_sysbios_config.o (.text.MemAlloc_alloc)
                  00014da4    00000038     nvocmp.o (.text.NVOCMP_disableCache)
                  00014ddc    00000038     nvocmp.o (.text.NVOCMP_write)
                  00014e14    00000038     maclib_osal_tirtos7_cc13x2_26x2.a : osal_port.o (.text.OsalPort_waitEvent)
                  00014e4c    00000038     drivers_cc13x2.a : PowerCC26X2_helpers.c.obj (.text.PowerCC26X2_oscDisableQualifiers)
                  00014e84    00000038                      : Random.c.obj (.text.Random_getNumber)
                  00014ebc    00000038                      : RingBuf.c.obj (.text.RingBuf_putAdvance)
                  00014ef4    00000038                      : UART2.c.obj (.text.UART2_rxEnable)
                  00014f2c    00000038                      : UDMACC26XX.c.obj (.text.UDMACC26XX_close)
                  00014f64    00000038     collector.o (.text.commStatusIndCB)
                  00014f9c    00000038     collector.o (.text.findDevice)
                  00014fd4    00000038     collector.o (.text.getMsduHandle)
                  0001500c    00000038     maclib_secure_cc13x2_tirtos7.a : mac_radio.o (.text.macRadioNeedAdjustPower)
                  00015044    00000038                                    : mac_radio.o (.text.macRadioSetIEEEAddr)
                  0001507c    00000038                                    : mac_radio_tx.o (.text.macRadioTxPrepGreenPower)
                  000150b4    00000038                                    : mac_sleep.o (.text.macSleepWakeUp)
                  000150ec    00000038                                    : mac_symbol_timer.o (.text.macSymbolTimerCount)
                  00015124    00000038                                    : mac_timer.o (.text.macTimerInit)
                  0001515c    00000038                                    : mac_tx.o (.text.macTxAckNotReceivedCallback)
                  00015194    00000038                                    : mac_tx.o (.text.macTxFrameRetransmit)
                  000151cc    00000038     ti_sysbios_config.o (.text.pthread_mutex_init)
                  00015204    00000038     ti_sysbios_config.o (.text.ti_sysbios_knl_Task_processVitalTaskFlag)
                  0001523c    00000038     ti_sysbios_config.o (.text.ti_sysbios_runtime_Error_print)
                  00015274    00000036     drivers_cc13x2.a : CryptoUtils.c.obj (.text.CryptoUtils_buffersMatch)
                  000152aa    00000002     maclib_secure_cc13x2_tirtos7.a : mac_radio_tx.o (.text.macRadioTxCancelTxAck)
                  000152ac    00000034     ti_sysbios_config.o (.text.ClockP_create)
                  000152e0    00000034     csf.o (.text.Csf_setBroadcastClock)
                  00015314    00000034     csf.o (.text.Csf_setConfigClock)
                  00015348    00000034     csf.o (.text.Csf_setJoinPermitClock)
                  0001537c    00000034     csf.o (.text.Csf_setTrackingClock)
                  000153b0    00000034     nvocmp.o (.text.NVOCMP_changePageState)
                  000153e4    00000034     nvocmp.o (.text.NVOCMP_findPage)
                  00015418    00000034     maclib_osal_tirtos7_cc13x2_26x2.a : osal_port_timers.o (.text.OsalPortTimers_cleanUpTimers)
                  0001544c    00000034                                       : osal_port.o (.text.OsalPort_registerTask)
                  00015480    00000034     drivers_cc13x2.a : PowerCC26X2.c.obj (.text.Power_releaseConstraint)
                  000154b4    00000034     rf_multiMode_cc13x2.a : RFCC26X2_multiMode.c.cc13x2.ticlang.o (.text.RF_powerConstraintRelease)
                  000154e8    00000034                           : RFCC26X2_multiMode.c.cc13x2.ticlang.o (.text.RF_runDirectImmediateCmd)
                  0001551c    00000034     ti_sysbios_config.o (.text.SwiP_construct)
                  00015550    00000034     drivers_cc13x2.a : UART2CC26X2.c.obj (.text.UART2Support_sendData)
                  00015584    00000034                      : UART2.c.obj (.text.UART2_rxDisable)
                  000155b8    00000034     ti_sysbios_config.o (.text._pthread_cleanupFxn)
                  000155ec    00000034     maclib_secure_cc13x2_tirtos7.a : mac_duty_cycle.o (.text.macDutyCycleUpdateTransmission)
                  00015620    00000034                                    : mac_low_level.o (.text.macLowLevelDiags)
                  00015654    00000034                                    : mac_radio.o (.text.macRadioPowerUpWait)
                  00015688    00000034                                    : mac_radio_tx.o (.text.macRadioTxPrepCsmaUnslottedIeee)
                  000156bc    00000034                                    : mac.o (.text.macRatCb_B)
                  000156f0    00000034                                    : mac_rx_onoff.o (.text.macRxHardDisable)
                  00015724    00000034                                    : mac_autopend.o (.text.macSrcMatchSetEnableBit)
                  00015758    00000034                                    : mac_symbol_timer.o (.text.macSymbolTimerBCWakeUp)
                  0001578c    00000034                                    : mac_timer.o (.text.macTimerAligned)
                  000157c0    00000034                                    : mac_timer.o (.text.macTimerStart)
                  000157f4    00000034     ti_sysbios_config.o (.text.pthread_mutex_unlock)
                  00015828    00000034     ti_sysbios_config.o (.text.ti_sysbios_family_arm_m3_Hwi_getStackInfo)
                  0001585c    00000034     ti_sysbios_config.o (.text.ti_sysbios_family_arm_m3_Hwi_init)
                  00015890    00000034     ti_sysbios_config.o (.text.ti_sysbios_knl_Clock_Instance_init)
                  000158c4    00000034     ti_sysbios_config.o (.text.ti_sysbios_knl_Task_unblockI)
                  000158f8    00000034     ti_sysbios_config.o (.text.ti_sysbios_runtime_Error_raiseX)
                  0001592c    00000034     ti_sysbios_config.o (.text.ti_sysbios_runtime_System_atexit)
                  00015960    00000034     sysbios.a : boot_cortex_m.obj (.text:_c_int00)
                  00015994    00000032     maclib_secure_cc13x2_tirtos7.a : mac_autopend.o (.text.MAC_SrcMatchSetPend)
                  000159c6    00000002                                    : mac_rx.o (.text.macRxRadioPowerUpInit)
                  000159c8    00000030     ti_sysbios_config.o (.text.BIOS_init)
                  000159f8    00000030     ti_drivers_config.o (.text.Board_wakeUpExtFlash)
                  00015a28    00000030     cllc.o (.text.Cllc_getFormingPanId)
                  00015a58    00000030     ti_sysbios_config.o (.text.ClockP_construct)
                  00015a88    00000030     csf.o (.text.Csf_identifyLED)
                  00015ab8    00000030     drivers_cc13x2.a : GPIOCC26XX.c.obj (.text.GPIO_setInterruptConfig)
                  00015ae8    00000030     maclib_secure_cc13x2_tirtos7.a : mac_autopend.o (.text.MAC_SrcMatchSetDefaultPend)
                  00015b18    00000030     drivers_cc13x2.a : NVSCC26XX.c.obj (.text.NVSCC26XX_erase)
                  00015b48    00000030     maclib_osal_tirtos7_cc13x2_26x2.a : osal_port.o (.text.OsalPort_msgExtract)
                  00015b78    00000030     drivers_cc13x2.a : PowerCC26X2.c.obj (.text.Power_setConstraint)
                  00015ba8    00000030     rf_multiMode_cc13x2.a : RFCC26X2_multiMode.c.cc13x2.ticlang.o (.text.RF_checkCmdFsError)
                  00015bd8    00000030     ti_sysbios_config.o (.text.SemaphoreP_construct)
                  00015c08    00000030     cui.o (.text.UartWriteCallback)
                  00015c38    00000030     collector.o (.text.findDeviceStatusBit)
                  00015c68    00000030     csf.o (.text.getNumActiveDevices)
                  00015c98    00000030     maclib_secure_cc13x2_tirtos7.a : mac_hl_patch.o (.text.macDeviceDescriptorLookup)
                  00015cc8    00000030                                    : mac_tx.o (.text.macHandleTxAck)
                  00015cf8    00000030                                    : mac_radio.o (.text.macRadioLimitTxPower)
                  00015d28    00000030                                    : mac_autopend.o (.text.macSrcMatchSetPendEnBit)
                  00015d58    00000030                                    : mac_symbol_timer.o (.text.macSymbolTimerICallTimerCback)
                  00015d88    00000030                                    : mac_tx.o (.text.macTxInit)
                  00015db8    00000030     drivers_cc13x2.a : PowerCC26X2.c.obj (.text.notify)
                  00015de8    00000030     ti_sysbios_config.o (.text.ti_sysbios_knl_Semaphore_pendTimeout)
                  00015e18    00000030     ti_sysbios_config.o (.text.ti_sysbios_knl_TaskSupport_start)
                  00015e48    00000030     ti_sysbios_config.o (.text.ti_sysbios_runtime_System_processAtExit)
                  00015e78    0000002e     driverlib.lib : chipinfo.o (.text.NOROM_ThisLibraryIsFor_CC13x2_CC26x2_HwRev20AndLater_HaltIfViolated)
                  00015ea6    0000002e     rf_multiMode_cc13x2.a : RFCC26X2_multiMode.c.cc13x2.ticlang.o (.text.RF_calculateDeltaTimeUs)
                  00015ed4    0000002e     drivers_cc13x2.a : RingBuf.c.obj (.text.RingBuf_getConsume)
                  00015f02    0000002e                      : RingBuf.c.obj (.text.RingBuf_putPointer)
                  00015f30    0000002c     cllc.o (.text.Cllc_findDevice)
                  00015f5c    0000002c     csf.o (.text.Csf_getDeviceShort)
                  00015f88    0000002c     csf.o (.text.Csf_getNetworkInformation)
                  00015fb4    0000002c     nvocmp.o (.text.NVOCMP_findDstPage)
                  00015fe0    0000002c     nvocmp.o (.text.NVOCMP_setCompactHdr)
                  0001600c    0000002c     drivers_cc13x2.a : NVS.c.obj (.text.NVS_init)
                  00016038    0000002c     ti_sysbios_config.o (.text.PowerCC26XX_schedulerDisable)
                  00016064    0000002c     rf_multiMode_cc13x2.a : RFCC26X2_multiMode.c.cc13x2.ticlang.o (.text.RF_executeDirectImmediateCmd)
                  00016090    0000002c     drivers_cc13x2.a : TRNGCC26XX.c.obj (.text.TRNGCC26XX_stopTrng)
                  000160bc    0000002c                      : UART2CC26X2.c.obj (.text.UART2CC26X2_getRxData)
                  000160e8    0000002c                      : UART2CC26X2.c.obj (.text.UART2Support_enableInts)
                  00016114    0000002c     ti_sysbios_config.o (.text._pthread_delete)
                  00016140    0000002c     maclib_secure_cc13x2_tirtos7.a : mac_duty_cycle.o (.text.macDutyCycleCheck)
                  0001616c    0000002c                                    : mac.o (.text.macRatCb_A)
                  00016198    0000002c                                    : mac.o (.text.macRatDisableChannelB)
                  000161c4    0000002c                                    : mac_rx_onoff.o (.text.macRxOff)
                  000161f0    0000002c                                    : mac_rx_onoff.o (.text.macRxSoftDisable)
                  0001621c    0000002c                                    : mac_rx_onoff.o (.text.macRxSoftEnable)
                  00016248    0000002c                                    : mac_timer.o (.text.macTimerCheckUnAlignedQ)
                  00016274    0000002c                                    : mac_tx.o (.text.macTxAbortIsr)
                  000162a0    0000002c     rf_multiMode_cc13x2.a : rf_patch_cpe_prop.c.cc13x2.ticlang.o (.text.rf_patch_cpe_prop)
                  000162cc    0000002c     ti_sysbios_config.o (.text.ti_sysbios_family_arm_m3_Hwi_construct)
                  000162f8    0000002c     ti_sysbios_config.o (.text.ti_sysbios_knl_Clock_getTicks)
                  00016324    0000002c     ti_sysbios_config.o (.text.ti_sysbios_knl_Clock_getTimeout)
                  00016350    0000002c     ti_sysbios_config.o (.text.ti_sysbios_knl_Swi_setPri)
                  0001637c    0000002c     ti_sysbios_config.o (.text.ti_sysbios_knl_Task_restoreHwi)
                  000163a8    0000002a     driverlib.lib : osc.o (.text.NOROM_OSCHF_TurnOnXosc)
                  000163d2    00000002     ti_sysbios_config.o (.text.ti_sysbios_runtime_System_exitSpin)
                  000163d4    0000002a     maclib_osal_tirtos7_cc13x2_26x2.a : osal_port.o (.text.OsalPort_buildUint32)
                  000163fe    0000002a     drivers_cc13x2.a : TRNGCC26XX.c.obj (.text.TRNG_generateKey)
                  00016428    0000002a                      : UART2CC26X2.c.obj (.text.UART2Support_powerRelConstraint)
                  00016452    0000002a     maclib_secure_cc13x2_tirtos7.a : mac_radio.o (.text.radioComputeED)
                  0001647c    0000002a     ti_sysbios_config.o (.text.ti_sysbios_family_arm_cc26xx_Timer_setNextTick)
                  000164a6    0000002a     ti_sysbios_config.o (.text.ti_sysbios_knl_Task_allBlockedFunction)
                  000164d0    00000028     ti_sysbios_config.o (.text.BIOS_registerRTSLock)
                  000164f8    00000028     cui.o (.text.CUI_publicAPIChecks)
                  00016520    00000028     cllc.o (.text.Cllc_setDefaultKey)
                  00016548    00000028     csf.o (.text.Csf_displayError)
                  00016570    00000028     csf.o (.text.Csf_initializeBroadcastClock)
                  00016598    00000028     csf.o (.text.Csf_initializeConfigClock)
                  000165c0    00000028     csf.o (.text.Csf_initializeTrackingClock)
                  000165e8    00000028     drivers_cc13x2.a : List.c.obj (.text.List_remove)
                  00016610    00000028     maclib_secure_cc13x2_tirtos7.a : mac_hl_patch.o (.text.MAC_AbortScan)
                  00016638    00000028     maclib_osal_tirtos7_cc13x2_26x2.a : osal_port.o (.text.OsalPort_heapGetStats)
                  00016660    00000028                                       : osal_port.o (.text.OsalPort_msgEnqueue)
                  00016688    00000028     drivers_cc13x2.a : PowerCC26X2.c.obj (.text.PowerCC26XX_isStableXOSC_HF)
                  000166b0    00000028     rf_multiMode_cc13x2.a : RFCC26X2_multiMode.c.cc13x2.ticlang.o (.text.RF_cmdStoreEvents)
                  000166d8    00000028     collector.o (.text.cllcStartedCB)
[...]
200018c0  CryptoResourceCC26XX_operationSemaphore                            
20001910  cuiMultiMenuData                                                   
2000195c  ButtonObjects                                                      
200019a4  NVOCMP_nvHandle                                                    
200019ea  macRxDataEntryOffset                                               
20001b40  FHFSM_Dbg                                                          
20001b82  macTxCsmaBackoffDelay                                              
20001b88  RF_cmdIEEERx                                                       
20001bc8  macSecurityPib                                                     
20001c44  Collector_statistics                                               
20001c80  macBeaconCoord                                                     
20001cbc  FHNT_hnd                                                           
20001cf4  macDeviceAction1                                                   
20001d2c  macBeaconDevice                                                    
20001d60  RF_cmdPropRadioDivSetup                                            
20001d90  RF_cmdPropRxAdv                                                    
20001dc0  macMgmtAction1                                                     
20001df0  macSrcExtAddrList                                                  
20001e20  ti_sysbios_knl_Swi_readyQs                                         
20001e50  ti_sysbios_knl_Task_readyQs                                        
20001e80  macCoord                                                           
20001eac  macDevice                                                          
20001f3c  RF_cmdIEEECsma                                                     
20001f5c  RF_cmdPropTxAdv                                                    
20001f7c  RF_cmdRadioSetup                                                   
20001f9c  RF_params                                                          
20001fbc  macBeacon                                                          
20001fdc  udmaCC26XXObject                                                   
20002050  BIOS_heapCallbackObject                                            
2000206c  BIOS_rtsGate                                                       
20002088  CryptoResourceCC26XX_hwi                                           
200020a4  RF_cmdPropCs                                                       
200020c0  RF_cmdPropCsSlotted                                                
200020dc  macCoordAction2                                                    
200020f8  macReset                                                           
20002114  macSemHandle                                                       
20002130  macSrcShortAddrList                                                
2000214c  RF_cmdFsRx                                                         
20002164  RF_cmdFsTx                                                         
2000217c  RF_cmdIEEETx                                                       
20002194  aesccmCC26XXObjects                                                
200021ac  macScanAction                                                      
200021ec  RF_cmdRxAckCmd                                                     
20002200  macAckDbg                                                          
20002214  macDeviceAction2                                                   
20002228  macMgmtAction2                                                     
2000223c  macStatistics                                                      
2000224e  rxCmdHandle                                                        
20002250  macBeaconDeviceAction                                              
20002260  macCoordAction3                                                    
20002270  macData                                                            
20002280  macDataTxDelay                                                     
20002290  macFrmFilter                                                       
200022a0  macRxOutputIeee                                                    
200022b0  coexMetricsStruct                                                  
200022bc  macMain                                                            
200022c8  macRxOutputSubG                                                    
200022d4  FH_PibTbl                                                          
200022de  ApiMac_extAddr                                                     
200022e6  txCmdHandle                                                        
200022e8  FHNT_tempTable                                                     
200022f0  coexOverrideUseCases                                               
200022f8  macBeaconCoordAction1                                              
20002300  macCoordAction1                                                    
20002308  macRxDataEntryQueue                                                
20002320  AESCCM_handle                                                      
20002324  FH_test_var                                                        
20002328  HEAPMGR_SIZE                                                       
2000232c  PowerCC26XX_swiKey                                                 
20002330  PowerCC26XX_taskKey                                                
20002334  appThread                                                          
20002338  collectorStatusLine                                                
2000233c  csfCuiHndl                                                         
20002340  dcCritical                                                         
20002344  dcLimited                                                          
20002348  dcPtr                                                              
2000234c  dcRegulated                                                        
20002350  dcTimeUsed                                                         
20002354  deviceStatusLine                                                   
20002358  macCryptoDrvTblPtr                                                 
2000235c  macPhyTxPower                                                      
20002360  macPrevPeriodRatCount                                              
20002364  macRfDrvTblPtr                                                     
20002368  macRxSymbol                                                        
2000236c  macSymbolTimerRollover                                             
20002370  macSymbolTimerTrigger                                              
20002374  macThread                                                          
20002378  macTimerActive                                                     
2000237c  macTxTimestamp                                                     
20002380  numJoinDevStatusLine                                               
20002384  pClockHandleEDScan                                                 
20002388  pMacRadioConfig                                                    
2000238c  pMaxPower                                                          
20002390  pRfMode                                                            
20002394  pRfPowerTable                                                      
20002398  rxRadioBufferPtr                                                   
2000239c  ti_sysbios_knl_Task_defaultStackHeap                               
200023a0  ti_sysbios_runtime_System_atexitHandlers                           
200023a4  timerAlignedQ                                                      
200023a8  timerUnalignedQ                                                    
200023af  AppTaskId                                                          
200023b0  NVOCMP_size                                                        
200023b1  appTaskId                                                          
200023b2  dcStatus                                                           
200023b3  gAction                                                            
200023b4  lastRxPriority                                                     
200023b5  lastTxPriority                                                     
200023b6  macAckTxActive                                                     
200023b7  macMgmt                                                            
200023b8  macPanCoordinator                                                  
200023b9  macPhyChannel                                                      
200023ba  macPwr                                                             
200023bb  macRxActive                                                        
200023bc  macRxEnableFlags                                                   
200023bd  macRxFilter                                                        
200023be  macRxOutgoingAckFlag                                               
200023bf  macSpecUsecsPerSymbol                                              
200023c0  macSrcResIndex                                                     
200023c1  macSymbolTimerImpending                                            
200023c2  macTaskId                                                          
200023c3  macTxActive                                                        
200023c4  macTxBe                                                            
200023c5  macTxGpInterframeDelay                                             
200023c6  macTxType                                                          
200023c7  macUnitBackoffPeriod                                               
200023c8  nvsCC26XXObjects                                                   
200023c9  rxFhRsl                                                            
200023ca  rxPromiscuousMode                                                  
200023cb  rxSeqNum                                                           
200023cc  txAckReq                                                           
200023cd  txSeqn                                                             
200023d0  PowerCC26X2_module                                                 
20002544  macMRFSKGenPhyTable                                                
20002660  gpioPinConfigs                                                     
200026dc  txPowerTable_868_pa13                                              
2000274a  ApiMac_gpOffsetToms                                                
2000274b  ApiMac_mtDataReqTxOptionGp                                         
2000274c  fhObject                                                           
20002888  BIOS_Module_state                                                  
200028b4  ti_sysbios_family_arm_m3_Hwi_Module_state                          
200028f0  ti_sysbios_runtime_Startup_done                                    
200028f3  ti_sysbios_knl_Idle_initDone                                       
200028f4  ti_sysbios_runtime_Memory_defaultHeapInstance                      
2000290c  ti_sysbios_runtime_Error_ignore                                    
20002918  ti_sysbios_family_arm_cc26xx_Timer_Module_state                    
20002924  ti_sysbios_runtime_System_Module_state                             
20002930  ti_sysbios_knl_Swi_Module_state                                    
20002958  ti_sysbios_knl_Clock_Module_state                                  
20002a2c  Cllc_events                                                        
20002a2e  Cllc_devShortAddr                                                  
20002a8a  Collector_events                                                   
20002a9c  Collector_macCallbacks                                             
20002ae4  Main_user1Cfg                                                      
20002b40  savedCllcState                                                     
20002b41  permitJoining                                                      
20002b4c  Csf_events                                                         
20002b60  Csf_keys                                                           
20002b9a  macSrcMatchIsAckAllPending                                         
20002b9b  macSrcMatchDefaultPendOn                                           
20002bf4  appSubMenu                                                         
20002c4c  FHIE_channelPlan                                                   
20002d38  commissionSubMenu                                                  
20002d78  configureSubMenu                                                   
20002db8  csfMainMenu                                                        
20002df8  ti_sysbios_knl_Task_Module_state                                   
20002e70  cuiMultiMenu                                                       
20002ea1  macBeaconPayload                                                   
20002f08  pOverrides_2gfsk50kbps154g                                         
20002f30  macActionSet                                                       
20002f58  lastRatChanA                                                       
20002f59  lastRatChanB                                                       
20002f5a  macRxCmdActive                                                     
20002f5b  macFsCmdActive                                                     
20002f5c  macRxPreempted                                                     
20002f5d  numRfCmd                                                           
20002f5e  numRxCmd                                                           
20002f5f  numRxPostCmd                                                       
20002f60  ieeeCoexEnabled                                                    
20002f64  lastPostCmd                                                        
20002f68  macSfdDetectCback                                                  
20002f78  macBeaconMargin                                                    
20002fc6  Main_assertReason                                                  
20002fc8  taskCnt                                                            
20002fcc  heapmgrMemFreeTotal                                                
20002fd0  heapmgrMemFreeError                                                
20002ff0  macStateTbl                                                        
20003004  macUser0Cfg                                                        
2000301c  pMacCbackQueryRetransmit                                           
20003020  pMacCbackCheckPending                                              
20003028  RF_cmdNop                                                          
20003038  RF_cmdNopFg                                                        
20003048  RF_prop_2gfsk50kbps154g                                            
20003058  _hposcCoeffs                                                       
20003068  macCfg                                                             
2000309c  FH_FSM                                                             
200030c4  RF_handle                                                          
200030c8  macRadioAckIeeeFrame                                               
200030cb  macRadioAckFrame                                                   
200030d0  macCsmaRtcTimerId                                                  
200030e0  FH_txTiming                                                        
200030e8  RFCC26XX_schedulerPolicy                                           
200030f0  ti_sysbios_gates_GateMutexPri_Module_state                         
200030f8  ti_sysbios_heaps_HeapCallback_Module_state                         
20003100  ti_sysbios_knl_Semaphore_Module_state                              
2000310c  __aeabi_errno                                                      
20003110  _lock                                                              
20003114  _unlock                                                            
20003118  appEvents                                                          
2000311c  macAddrSize                                                        
20003120  macDataBeaconRequeue                                               
20003124  macDataCheckSched                                                  
20003128  macDataCheckTxTime                                                 
2000312c  macDataRequeueIndirect                                             
20003130  macDataRxBeaconCritical                                            
20003134  macDataSetSched                                                    
20003138  macDataTxBeaconComplete                                            
2000313c  macDataTxIndirect                                                  
20003148  macTasksEvents                                                     
2000314c  macTimerNewRollover                                                
20003150  macTimerRollover                                                   
20003154  minTxOffTime                                                       
2000315c  pMacDataTx                                                         
20003160  pMacEnhancedAck                                                    
20003168  bInSwi                                                             
2000316a  csmPhy                                                             
2000316b  customMinTxOffEnabled                                              
2000316c  dcEnabled                                                          
20003172  macRadioYielded                                                    
20003173  macSleepState                                                      
20003174  macSrcMatchIsEnabled                                               
20003175  macTxCmdActive                                                     
20003176  macTxSlottedDelay                                                  
20003177  macTxSlottedDelayFactor                                            
20003179  numTx                                                              
2000317a  reqAccessAlloc                                                     
2000317b  heapStart                                                          
20013aa0  __stack                                                            
20013aa0  heapEnd                                                            
20014000  __STACK_END                                                        
20014000  __STACK_TOP                                                        
ffffffff  __TI_pprof_out_hndl                                                
ffffffff  __TI_prof_data_size                                                
ffffffff  __TI_prof_data_start                                               
ffffffff  __binit__                                                          
ffffffff  __start___llvm_prf_cnts                                            
ffffffff  __stop___llvm_prf_cnts                                             
ffffffff  binit                                                              
UNDEFED   ITM_flush                                                          
UNDEFED   ITM_restore                                                        
UNDEFED   PWM_config                                                         
UNDEFED   PWM_count                                                          
UNDEFED   __mpu_init                                                         

[1533 symbols]
