******************************************************************************
            TI ARM Clang Linker PC v1.3.0                      
******************************************************************************
>> Linked Mon Jan 16 08:12:21 2023

OUTPUT FILE NAME:   <project_zero_CC1352R1_LAUNCHXL_tirtos7_ticlang.out>
ENTRY POINT SYMBOL: "_c_int00"  address: 0001ac19


MEMORY CONFIGURATION

         name            origin    length      used     unused   attr    fill
----------------------  --------  ---------  --------  --------  ----  --------
  FLASH_IMG_HDR         00000000   00000090  0000008d  00000003  R  X
  ENTRY                 00000090   00000040  0000003c  00000004  R  X
  FLASH                 000000d0   00055f30  000262f5  0002fc3b  R  X
  RTOS_SRAM             20000000   0000012c  000000d8  00000054  RW X
  SRAM                  20000fdf   00013021  0000392e  0000f6f3  RW X


SEGMENT ALLOCATION MAP

run origin  load origin   length   init length attrs members
----------  ----------- ---------- ----------- ----- -------
00000000    00000000    000223c8   000223c8    r-x
  00000000    00000000    0000008d   0000008d    r-- .image_header
  00000090    00000090    0000003c   0000003c    r-- .resetVecs
  000000d0    000000d0    0001e4d0   0001e4d0    r-x .text
  0001e5a0    0001e5a0    00003875   00003875    r-- .rodata
  00021e18    00021e18    000005b0   000005b0    r-- .cinit
00048000    00048000    00004000   00000000    rw-
  00048000    00048000    00004000   00000000    rw- .TI.bound:flashBuf0
20001810    20001810    00000010   00000000    rw-
  20001810    20001810    00000010   00000000    rw- .TI.bound:dmaUart0RxControlTableEntry
20001820    20001820    00000010   00000000    rw-
  20001820    20001820    00000010   00000000    rw- .TI.bound:dmaUart0TxControlTableEntry
20001830    20001830    00000010   00000000    rw-
  20001830    20001830    00000010   00000000    rw- .TI.bound:dmaSpi0RxControlTableEntry
20001840    20001840    00000010   00000000    rw-
  20001840    20001840    00000010   00000000    rw- .TI.bound:dmaSpi0TxControlTableEntry
20001a30    20001a30    00000010   00000000    rw-
  20001a30    20001a30    00000010   00000000    rw- .TI.bound:dmaSpi0RxAltControlTableEntry
20001a40    20001a40    000034de   00000000    rw-
  20001a40    20001a40    00000010   00000000    rw- .TI.bound:dmaSpi0TxAltControlTableEntry
  20001a50    20001a50    00001121   00000000    rw- .data
  20002b78    20002b78    000023a6   00000000    rw- .bss
20013c00    20013c00    00000400   00000000    rw-
  20013c00    20013c00    00000400   00000000    rw- .stack


SECTION ALLOCATION MAP

 output                                  attributes/
section   page    origin      length       input sections
--------  ----  ----------  ----------   ----------------
.image_header 
*          0    00000000    0000008d     
                  00000000    0000008d     oad_image_header_app.o (.image_header)

.resetVecs 
*          0    00000090    0000003c     
                  00000090    0000003c     ti_sysbios_config.o (.resetVecs)

.intvecs   0    000000cc    00000000     UNINITIALIZED

EntrySection 
*          0    000000cc    00000000     UNINITIALIZED

.cinit     0    00021e18    000005b0     
                  00021e18    00000529     (.cinit..data.load) [load image, compression = lzss]
                  00022341    00000003     --HOLE-- [fill = 0]
                  00022344    0000000c     (__TI_handler_table)
                  00022350    00000008     (.cinit..TI.bound:dmaSpi0RxAltControlTableEntry.load) [load image, compression = zero_init]
                  00022358    00000008     (.cinit..TI.bound:dmaSpi0RxControlTableEntry.load) [load image, compression = zero_init]
                  00022360    00000008     (.cinit..TI.bound:dmaSpi0TxAltControlTableEntry.load) [load image, compression = zero_init]
                  00022368    00000008     (.cinit..TI.bound:dmaSpi0TxControlTableEntry.load) [load image, compression = zero_init]
                  00022370    00000008     (.cinit..TI.bound:dmaUart0RxControlTableEntry.load) [load image, compression = zero_init]
                  00022378    00000008     (.cinit..TI.bound:dmaUart0TxControlTableEntry.load) [load image, compression = zero_init]
                  00022380    00000008     (.cinit..bss.load) [load image, compression = zero_init]
                  00022388    00000040     (__TI_cinit_table)

.TI.bound:flashBuf0 
*          0    00048000    00004000     UNINITIALIZED
                  00048000    00004000     ti_drivers_config.o (.TI.bound:flashBuf0)

.vecs      0    20000000    000000d8     NOLOAD SECTION
                  20000000    000000d8     ti_sysbios_config.o (.vecs)

.TI.bound:dmaUart0RxControlTableEntry 
*          0    20001810    00000010     UNINITIALIZED
                  20001810    00000010     ti_drivers_config.o (.TI.bound:dmaUart0RxControlTableEntry)

.TI.bound:dmaUart0TxControlTableEntry 
*          0    20001820    00000010     UNINITIALIZED
                  20001820    00000010     ti_drivers_config.o (.TI.bound:dmaUart0TxControlTableEntry)

.TI.bound:dmaSpi0RxControlTableEntry 
*          0    20001830    00000010     UNINITIALIZED
                  20001830    00000010     ti_drivers_config.o (.TI.bound:dmaSpi0RxControlTableEntry)

.TI.bound:dmaSpi0TxControlTableEntry 
*          0    20001840    00000010     UNINITIALIZED
                  20001840    00000010     ti_drivers_config.o (.TI.bound:dmaSpi0TxControlTableEntry)

.TI.bound:dmaSpi0RxAltControlTableEntry 
*          0    20001a30    00000010     UNINITIALIZED
                  20001a30    00000010     ti_drivers_config.o (.TI.bound:dmaSpi0RxAltControlTableEntry)

.TI.bound:dmaSpi0TxAltControlTableEntry 
*          0    20001a40    00000010     UNINITIALIZED
                  20001a40    00000010     ti_drivers_config.o (.TI.bound:dmaSpi0TxAltControlTableEntry)

.data      0    20001a50    00001121     UNINITIALIZED
                  20001a50    00000174     drivers_cc13x2.a : PowerCC26X2.c.obj (.data.PowerCC26X2_module)
                  20001bc4    00000130     devinfoservice.o (.data.devInfoAttrTbl)
                  20001cf4    000000f4     StackWrapper.a : gapbondmgr.o (.data)
                  20001de8    000000d0     oad.o (.data.oadAttrTbl)
                  20001eb8    000000b0     OneLib.a : gapgattserver.o (.data)
                  20001f68    0000007c     ti_drivers_config.o (.data.gpioPinConfigs)
                  20001fe4    00000004     icall.o (.data.ICall_dispatcher)
                  20001fe8    0000007a     devinfoservice.o (.data..L_MergedGlobals)
                  20002062    00000002     ble_user_config.o (.data.bleUserCfg_maxPduSize)
                  20002064    00000078     icall.o (.data..L_MergedGlobals.1)
                  200020dc    00000078     button_service.o (.data..L_MergedGlobals)
                  20002154    00000072     project_zero.o (.data..L_MergedGlobals)
                  200021c6    0000006e     project_zero.o (.data..L_MergedGlobals.95)
                  20002234    00000068     rf_multiMode_cc13x2.a : RFCC26X2_multiMode.c.cc13x2.ticlang.o (.data..L_MergedGlobals.1)
                  2000229c    00000004                           : RFCC26X2_multiMode.c.cc13x2.ticlang.o (.data.RF_fsmActiveState.lfClockSourceLast)
                  200022a0    00000068     ti_sysbios_config.o (.data..L_MergedGlobals.70)
                  20002308    00000068     project_zero.o (.data..L_MergedGlobals.96)
                  20002370    00000068     ti_sysbios_config.o (.data..L_MergedGlobals)
                  200023d8    00000068     ti_sysbios_config.o (.data.ti_sysbios_knl_Clock_Module_state)
                  20002440    00000064     rf_multiMode_cc13x2.a : RFCC26X2_multiMode.c.cc13x2.ticlang.o (.data..L_MergedGlobals.3)
                  200024a4    00000064     OneLib.a : ll_config.o (.data)
                  20002508    00000060     data_service.o (.data.Data_ServiceAttrTbl)
                  20002568    00000058     rf_multiMode_cc13x2.a : RFCC26X2_multiMode.c.cc13x2.ticlang.o (.data..L_MergedGlobals.2)
                  200025c0    00000054     ti_radio_config.o (.data.pOverrides_bleCommon)
                  20002614    00000050     led_service.o (.data.LED_ServiceAttrTbl)
                  20002664    00000050     ti_radio_config.o (.data.txPowerTable_2400_pa5)
                  200026b4    00000048     data_service.o (.data..L_MergedGlobals)
                  200026fc    00000040     oad.o (.data..L_MergedGlobals.1)
                  2000273c    00000040     OneLib.a : gattservapp.o (.data)
                  2000277c    00000040              : sm_pairing.o (.data)
                  200027bc    0000003c     icall_user_config.o (.data.nvintfFncStruct)
                  200027f8    0000003c     ti_sysbios_config.o (.data.ti_sysbios_knl_Task_Module_state)
                  20002834    00000038     drivers_cc13x2.a : TRNGCC26XX.c.obj (.data..L_MergedGlobals.1)
                  2000286c    00000004     libc.a : _lock.c.obj (.data._lock)
                  20002870    00000030     drivers_cc13x2.a : TRNGCC26XX.c.obj (.data..L_MergedGlobals)
                  200028a0    0000002c     oad.o (.data..L_MergedGlobals)
                  200028cc    0000002a     devinfoservice.o (.data..L_MergedGlobals.1)
                  200028f6    00000002     OneLib.a : ll.o (.data)
                  200028f8    00000028     nvocmp.o (.data..L_MergedGlobals.1)
                  20002920    00000024     ble_user_config.o (.data.eccParams_NISTP256)
                  20002944    00000020     drivers_cc13x2.a : NVSSPI25X.c.obj (.data..L_MergedGlobals)
                  20002964    0000001c     ti_ble_config.o (.data.advParams1)
                  20002980    0000001c     ti_radio_config.o (.data.pOverrides_ble2Mbps)
                  2000299c    00000018     ti_radio_config.o (.data.pOverrides_ble1Mbps)
                  200029b4    00000015     ti_ble_config.o (.data.attDeviceName)
                  200029c9    00000003     oad.o (.data.oadCharVals)
                  200029cc    00000014     flash_interface_ext_rtos_NVS.o (.data..L_MergedGlobals)
                  200029e0    00000014     icall.o (.data..L_MergedGlobals)
                  200029f4    00000014     StackWrapper.a : osal.o (.data)
                  20002a08    00000012     ti_ble_config.o (.data.scanResData1)
                  20002a1a    00000011     ti_ble_config.o (.data.advData1)
                  20002a2b    00000001     drivers_cc13x2.a : AESCTRCC26XX.c.obj (.data.AESCTR_isInitialized)
                  20002a2c    00000010     ti_radio_config.o (.data.RF_modeBle)
                  20002a3c    00000010     driverlib.lib : osc.o (.data._hposcCoeffs)
                  20002a4c    00000010     icall_user_config.o (.data.bleAppServiceInfoTable)
                  20002a5c    00000010     ti_radio_config.o (.data.pOverrides_bleCoded)
                  20002a6c    00000010     main.o (.data.user0Cfg)
                  20002a7c    00000010     OneLib.a : gattservapp.o (.data)
                  20002a8c    00000010              : ll_data.o (.data)
                  20002a9c    0000000f     ti_ble_config.o (.data..L_MergedGlobals)
                  20002aab    00000001     nvocmp.o (.data.NVOCMP_failF)
                  20002aac    0000000c     UartLog.o (.data..L_MergedGlobals)
                  20002ab8    0000000c     drivers_cc13x2.a : NVSCC26XX.c.obj (.data..L_MergedGlobals)
                  20002ac4    0000000c     led_service.o (.data..L_MergedGlobals)
                  20002ad0    00000008     button_service.o (.data..L_MergedGlobals.20)
                  20002ad8    00000008     icall_cc2650.o (.data..L_MergedGlobals)
                  20002ae0    00000008     rf_multiMode_cc13x2.a : RFCC26X2_multiMode.c.cc13x2.ticlang.o (.data..L_MergedGlobals)
                  20002ae8    00000008                           : RFCC26X2_multiMode.c.cc13x2.ticlang.o (.data.RFCC26XX_schedulerPolicy)
                  20002af0    00000008     ti_sysbios_config.o (.data.ti_sysbios_gates_GateMutexPri_Module_state)
                  20002af8    00000008     ti_sysbios_config.o (.data.ti_sysbios_heaps_HeapCallback_Module_state)
                  20002b00    00000008     ti_sysbios_config.o (.data.ti_sysbios_knl_Event_state)
                  20002b08    00000008     ti_sysbios_config.o (.data.ti_sysbios_knl_Semaphore_Module_state)
                  20002b10    00000008     OneLib.a : gapgattserver.o (.data)
                  20002b18    00000004     libc.a : _lock.c.obj (.data._unlock)
                  20002b1c    00000004     ble_user_config.o (.data.appAssertCback)
                  20002b20    00000004     ble_user_config_stack.o (.data.icallServiceTblPtr)
                  20002b24    00000004     button_service.o (.data.pAppCBs)
                  20002b28    00000004     ti_ble_config.o (.data.pRandomAddress)
                  20002b2c    00000004     icall_api_lite.o (.data.pRfErrCb)
                  20002b30    00000004     icall_api_lite.o (.data.pfnBMAlloc)
                  20002b34    00000004     icall_api_lite.o (.data.pfnBMFree)
                  20002b38    00000004     OneLib.a : ll_slave_end_causes.o (.data)
                  20002b3c    00000004     StackWrapper.a : hal_assert.o (.data)
                  20002b40    00000002     OneLib.a : ll_config.o (.data)
                  20002b42    00000002     StackWrapper.a : osal_cbtimer.o (.data)
                  20002b44    00000001     drivers_cc13x2.a : PKAResourceCC26XX.c.obj (.data.PKAResourceCC26XX_pollingFlag)
                  20002b45    00000001     rf_multiMode_cc13x2.a : rf_patch_cpe_bt5.c.cc13x2.ticlang.o (.data.bBt5PatchEntered)
                  20002b46    00000001     button_service.o (.data.bs_BUTTON0Props)
                  20002b47    00000001     button_service.o (.data.bs_BUTTON1Props)
                  20002b48    00000001     devinfoservice.o (.data.devInfo11073CertProps)
                  20002b49    00000001     devinfoservice.o (.data.devInfoFirmwareRevProps)
                  20002b4a    00000001     devinfoservice.o (.data.devInfoHardwareRevProps)
                  20002b4b    00000001     devinfoservice.o (.data.devInfoMfrNameProps)
                  20002b4c    00000001     devinfoservice.o (.data.devInfoModelNumberProps)
                  20002b4d    00000001     devinfoservice.o (.data.devInfoPnpIdProps)
                  20002b4e    00000001     devinfoservice.o (.data.devInfoSerialNumberProps)
                  20002b4f    00000001     devinfoservice.o (.data.devInfoSoftwareRevProps)
                  20002b50    00000001     devinfoservice.o (.data.devInfoSystemIdProps)
                  20002b51    00000001     data_service.o (.data.ds_StreamProps)
                  20002b52    00000001     data_service.o (.data.ds_StringProps)
                  20002b53    00000001     drivers_cc13x2.a : GPIOCC26X2.c.obj (.data.initCalled)
                  20002b54    00000001                      : AESCCMCC26XX.c.obj (.data.isInitialized)
                  20002b55    00000001                      : AESCTRDRBGXX.c.obj (.data.isInitialized)
                  20002b56    00000001                      : AESECBCC26XX.c.obj (.data.isInitialized)
                  20002b57    00000001                      : CryptoResourceCC26XX.c.obj (.data.isInitialized)
                  20002b58    00000001                      : ECDHCC26X2.c.obj (.data.isInitialized)
                  20002b59    00000001                      : NVS.c.obj (.data.isInitialized)
                  20002b5a    00000001                      : PKAResourceCC26XX.c.obj (.data.isInitialized)
                  20002b5b    00000001                      : SPI.c.obj (.data.isInitialized)
                  20002b5c    00000001     flash_interface_ext_rtos_NVS.o (.data.isOpen)
                  20002b5d    00000001     led_service.o (.data.ls_LED0Props)
                  20002b5e    00000001     led_service.o (.data.ls_LED1Props)
                  20002b5f    00000001     oad.o (.data.oadCharExtCtrlProps)
                  20002b60    00000001     oad.o (.data.oadCharProps)
                  20002b61    00000001     OneLib.a : gapgattserver.o (.data)
                  20002b62    00000001              : gapgattserver.o (.data)
                  20002b63    00000001              : gapgattserver.o (.data)
                  20002b64    00000001              : gapgattserver.o (.data)
                  20002b65    00000001              : gapgattserver.o (.data)
                  20002b66    00000001              : gapgattserver.o (.data)
                  20002b67    00000001              : gattservapp.o (.data)
                  20002b68    00000001              : gattservapp.o (.data)
                  20002b69    00000001              : ll.o (.data)
                  20002b6a    00000001              : ll_ae.o (.data)
                  20002b6b    00000001              : ll_data.o (.data)
                  20002b6c    00000001              : ll_scheduler.o (.data)
                  20002b6d    00000001              : sm_task.o (.data)
                  20002b6e    00000001     StackWrapper.a : gap.o (.data)
                  20002b6f    00000001                    : gap.o (.data)
                  20002b70    00000001                    : hal_assert.o (.data)

.bss       0    20002b78    000023a6     UNINITIALIZED
                  20002b78    00000800     (.common:appTaskStack)
                  20003378    00000500     (.common:uartLog_evBuf)
                  20003878    00000300     (.common:ti_sysbios_knl_Idle_taskStack)
                  20003b78    000002c0     rf_multiMode_cc13x2.a : RFCC26X2_multiMode.c.cc13x2.ticlang.o (.bss.RF_cmdPool)
                  20003e38    00000170     (.common:uart2CC26X2Objects)
                  20003fa8    00000100     OneLib.a : ll.o (.bss)
                  200040a8    00000100     (.common:crcBuf)
                  200041a8    00000100     (.common:spiCC26X2DMAObjects)
                  200042a8    000000d8     (.common:ti_sysbios_family_arm_m3_Hwi_dispatchTable)
                  20004380    000000ac     (.common:uartLog_outBuf)
                  2000442c    0000008d     oad.o (.bss.candidateImageHeader)
                  200044b9    00000001     OneLib.a : gapgattserver.o (.bss)
                  200044ba    00000002              : gapgattserver.o (.bss)
                  200044bc    00000084     (.common:trngCC26XXObjects)
                  20004540    0000007c     (.common:gpioCallbackFunctions)
                  200045bc    0000007c     (.common:gpioUserArgs)
                  20004638    00000078     StackWrapper.a : osal_cbtimer.o (.bss)
                  200046b0    00000068     rf_multiMode_cc13x2.a : RFCC26X2_multiMode.c.cc13x2.ticlang.o (.bss.RF_ratModule)
                  20004718    00000060     (.common:ti_sysbios_knl_ClockSupport_timerStruct)
                  20004778    00000058     (.common:pzTask)
                  200047d0    00000058     (.common:ti_sysbios_knl_Idle_taskStruct)
                  20004828    00000054     (.common:aesctrdrbgXXObjects)
                  2000487c    00000050     (.common:CryptoResourceCC26XX_accessSemaphore)
                  200048cc    00000050     (.common:CryptoResourceCC26XX_operationSemaphore)
                  2000491c    00000050     (.common:PKAResourceCC26XX_accessSemaphore)
                  2000496c    00000050     (.common:PKAResourceCC26XX_operationSemaphore)
                  200049bc    00000044                           : RFCC26X2_multiMode.c.cc13x2.ticlang.o (.bss.RF_clkInactivityObj)
                  20004a00    00000044                           : RFCC26X2_multiMode.c.cc13x2.ticlang.o (.bss.RF_clkPowerUpObj)
                  20004a44    00000040     ti_drivers_config.o (.bss.verifyBuf)
                  20004a84    00000040     (.common:aesctrCC26XXObjects)
                  20004ac4    0000003c     rf_multiMode_cc13x2.a : RFCC26X2_multiMode.c.cc13x2.ticlang.o (.bss.RF_swiHwObj)
                  20004b00    0000003c     StackWrapper.a : osal_snv_wrapper.o (.bss)
                  20004b3c    00000030     (.common:ti_sysbios_knl_Swi_readyQs)
                  20004b6c    00000030     (.common:ti_sysbios_knl_Task_readyQs)
                  20004b9c    0000002e     (.common:NVOCMP_nvHandle)
                  20004bca    00000002     OneLib.a : ll.o (.bss)
                  20004bcc    00000024     project_zero.o (.bss.button1DebounceClock)
                  20004bf0    00000024     OneLib.a : ll.o (.bss)
                  20004c14    00000024     (.common:aesecbCC26XXObjects)
                  20004c38    00000020     ti_drivers_config.o (.bss.uart2RxRingBuffer0)
                  20004c58    00000020     ti_drivers_config.o (.bss.uart2TxRingBuffer0)
                  20004c78    00000020     OneLib.a : gattservapp.o (.bss)
                  20004c98    00000020     StackWrapper.a : gapbondmgr.o (.bss)
                  20004cb8    00000020                    : gapbondmgr.o (.bss)
                  20004cd8    00000020     (.common:ecdhCC26X2Objects)
                  20004cf8    00000020     (.common:ti_sysbios_runtime_System_atexitHandlers)
                  20004d18    00000020     (.common:udmaCC26XXObject)
                  20004d38    0000001c     drivers_cc13x2.a : GPIOCC26X2.c.obj (.bss.gpioHwi)
                  20004d54    0000001c     (.common:BIOS_heapCallbackObject)
                  20004d70    0000001c     (.common:BIOS_rtsGate)
                  20004d8c    0000001c     (.common:CryptoResourceCC26XX_hwi)
                  20004da8    0000001c     (.common:PKAResourceCC26XX_hwi)
                  20004dc4    00000018     OneLib.a : gapgattserver.o (.bss)
                  20004ddc    00000018     (.common:aesccmCC26XXObjects)
                  20004df4    00000014     drivers_cc13x2.a : Random.c.obj (.bss.state)
                  20004e08    00000010     OneLib.a : ll.o (.bss)
                  20004e18    0000000c              : ll.o (.bss)
                  20004e24    0000000c              : ll.o (.bss)
                  20004e30    0000000c              : ll_scheduler.o (.bss)
                  20004e3c    0000000c     (.common:nvsSPI25XObjects)
                  20004e48    00000008              : ll.o (.bss)
                  20004e50    00000008              : ll.o (.bss)
                  20004e58    00000008              : ll_ae.o (.bss)
                  20004e60    00000008     StackWrapper.a : gapbondmgr.o (.bss)
                  20004e68    00000004     data_service.o (.bss.ds_StreamConfig)
                  20004e6c    00000004     driverlib.lib : osc.o (.bss.oscHfGlobals.0)
                  20004e70    00000004                   : osc.o (.bss.oscHfGlobals.2)
                  20004e74    00000004                   : osc.o (.bss.oscHfGlobals.3)
                  20004e78    00000004                   : osc.o (.bss.oscHfGlobals.4)
                  20004e7c    00000004     drivers_cc13x2.a : ECDHCC26X2.c.obj (.bss.resultPKAMemAddr)
                  20004e80    00000004     OneLib.a : gapgattserver.o (.bss)
                  20004e84    00000004              : gattservapp.o (.bss)
                  20004e88    00000004              : linkdb.o (.bss)
                  20004e8c    00000004              : ll.o (.bss)
                  20004e90    00000004              : ll.o (.bss)
                  20004e94    00000004              : ll.o (.bss)
                  20004e98    00000004              : ll.o (.bss)
                  20004e9c    00000004              : ll.o (.bss)
                  20004ea0    00000004              : ll_ae.o (.bss)
                  20004ea4    00000004              : ll_common.o (.bss)
                  20004ea8    00000004              : ll_enc.o (.bss)
                  20004eac    00000004              : ll_privacy.o (.bss)
                  20004eb0    00000004     StackWrapper.a : gapbondmgr.o (.bss)
                  20004eb4    00000004                    : gapbondmgr.o (.bss)
                  20004eb8    00000004                    : osal.o (.bss)
                  20004ebc    00000004                    : osal.o (.bss)
                  20004ec0    00000004                    : osal.o (.bss)
                  20004ec4    00000004                    : osal.o (.bss)
                  20004ec8    00000004                    : osal.o (.bss)
                  20004ecc    00000004                    : osal.o (.bss)
                  20004ed0    00000004                    : osal_bufmgr.o (.bss)
                  20004ed4    00000004                    : osal_clock.o (.bss)
                  20004ed8    00000004                    : osal_clock.o (.bss)
                  20004edc    00000004                    : osal_timers.o (.bss)
                  20004ee0    00000004                    : osal_timers.o (.bss)
                  20004ee4    00000004                    : osal_timers.o (.bss)
                  20004ee8    00000004     (.common:HEAPMGR_SIZE)
                  20004eec    00000004     (.common:PowerCC26XX_swiKey)
                  20004ef0    00000004     (.common:PowerCC26XX_taskKey)
                  20004ef4    00000004     (.common:tasksEvents)
                  20004ef8    00000004     (.common:ti_sysbios_family_arm_cc26xx_TimestampProvider_Module_state)
                  20004efc    00000004     (.common:ti_sysbios_knl_Task_defaultStackHeap)
                  20004f00    00000002     OneLib.a : ll_slave_end_causes.o (.bss)
                  20004f02    00000002     StackWrapper.a : osal_pwrmgr.o (.bss)
                  20004f04    00000001     OneLib.a : gattservapp.o (.bss)
                  20004f05    00000001              : hci_tl.o (.bss)
                  20004f06    00000001              : hci_tl.o (.bss)
                  20004f07    00000001              : hci_tl.o (.bss)
                  20004f08    00000001              : hci_tl.o (.bss)
                  20004f09    00000001              : hci_tl.o (.bss)
                  20004f0a    00000001              : hci_tl.o (.bss)
                  20004f0b    00000001              : ll.o (.bss)
                  20004f0c    00000001              : ll.o (.bss)
                  20004f0d    00000001              : ll.o (.bss)
                  20004f0e    00000001              : ll.o (.bss)
                  20004f0f    00000001              : ll_ae.o (.bss)
                  20004f10    00000001              : ll_config.o (.bss)
                  20004f11    00000001              : ll_config.o (.bss)
                  20004f12    00000001              : ll_enc.o (.bss)
                  20004f13    00000001              : ll_isr.o (.bss)
                  20004f14    00000001              : sm_task.o (.bss)
                  20004f15    00000001     StackWrapper.a : ble_dispatch_lite.o (.bss)
                  20004f16    00000001                    : gapbondmgr.o (.bss)
                  20004f17    00000001                    : gapbondmgr.o (.bss)
                  20004f18    00000001                    : hal_assert.o (.bss)
                  20004f19    00000001                    : osal.o (.bss)
                  20004f1a    00000001                    : osal_pwrmgr.o (.bss)
                  20004f1b    00000001     (.common:NVOCMP_size)
                  20004f1c    00000001     (.common:gAction)
                  20004f1d    00000001     (.common:nvsCC26XXObjects)

.vtable    0    20004f1e    00000000     UNINITIALIZED

.vtable_ram 
*          0    20004f1e    00000000     UNINITIALIZED

vtable_ram 
*          0    20004f1e    00000000     UNINITIALIZED

.sysmem    0    20004f1e    00000000     UNINITIALIZED

.nonretenvar 
*          0    20004f1e    00000000     UNINITIALIZED

.noinit    0    20004f1e    00000000     UNINITIALIZED

.stack     0    20013c00    00000400     UNINITIALIZED
                  20013c00    00000004     sysbios.a : boot_cortex_m.obj (.stack)
                  20013c04    000003fc     --HOLE--

.text      0    000000d0    0001e4d0     
                  000000d0    000011ac     project_zero.o (.text.ProjectZero_taskFxn)
                  0000127c    00000be0     StackWrapper.a : gapbondmgr.o (.text)
                  00001e5c    00000708     OneLib.a : ll_adv_end_causes.o (.text)
                  00002564    000006ec     oad.o (.text.OAD_processQueue)
                  00002c50    000006ec     StackWrapper.a : gapbondmgr.o (.text)
                  0000333c    000004f0     OneLib.a : ll_ae.o (.text)
                  0000382c    00000498     rf_multiMode_cc13x2.a : RFCC26X2_multiMode.c.cc13x2.ticlang.o (.text.RF_fsmActiveState)
                  00003cc4    00000480     OneLib.a : ble.o (.text)
                  00004144    0000047c              : ll_isr.o (.text)
                  000045c0    00000460              : ll_slave_end_causes.o (.text)
                  00004a20    00000448              : ll.o (.text)
                  00004e68    000003e8     oad.o (.text.oadProcessExtControlCmd)
                  00005250    0000038c     OneLib.a : ll_scheduler.o (.text)
                  000055dc    00000350              : ll_slave_end_causes.o (.text)
                  0000592c    00000348              : ll_ae.o (.text)
                  00005c74    00000338              : ll_ae.o (.text)
                  00005fac    00000334              : ll_scheduler.o (.text)
                  000062e0    00000330     ti_sysbios_config.o (.text.ti_sysbios_runtime_System_doPrint)
                  00006610    000002cc     nvocmp.o (.text.NVOCMP_initNvApi)
                  000068dc    000002c8     drivers_cc13x2.a : SPICC26X2DMA.c.obj (.text.SPICC26X2DMA_transfer)
                  00006ba4    000002b0     StackWrapper.a : gapbondmgr.o (.text)
                  00006e54    000002a4     nvocmp.o (.text.NVOCMP_compactPage)
                  000070f8    0000029c     rf_multiMode_cc13x2.a : RFCC26X2_multiMode.c.cc13x2.ticlang.o (.text.RF_open)
                  00007394    00000294     OneLib.a : ll.o (.text)
                  00007628    00000274              : ll_ae.o (.text)
                  0000789c    00000274              : ll_isr.o (.text)
                  00007b10    00000268              : ll_isr.o (.text)
                  00007d78    0000025c              : ll_common.o (.text)
                  00007fd4    0000025c     StackWrapper.a : gapbondmgr.o (.text)
                  00008230    00000254     drivers_cc13x2.a : ECDHCC26X2.c.obj (.text.ECDHCC26X2_hwiFxn)
                  00008484    0000024c     OneLib.a : ll_data.o (.text)
                  000086d0    0000023c     nvocmp.o (.text.NVOCMP_addItem)
                  0000890c    00000204     OneLib.a : gattservapp.o (.text)
                  00008b10    000001f0     drivers_cc13x2.a : UART2CC26X2.c.obj (.text.UART2CC26X2_hwiIntFxn)
                  00008d00    000001e8     rf_multiMode_cc13x2.a : RFCC26X2_multiMode.c.cc13x2.ticlang.o (.text.RF_scheduleCmd)
                  00008ee8    000001e8     OneLib.a : ll.o (.text)
                  000090d0    000001e0     StackWrapper.a : osal.o (.text)
                  000092b0    000001dc     rf_multiMode_cc13x2.a : RFCC26X2_multiMode.c.cc13x2.ticlang.o (.text.RF_dispatchNextCmd)
                  0000948c    000001c0     ble_user_config_stack.o (.text.setBleUserConfig)
                  0000964c    000001bc     OneLib.a : ll_scheduler.o (.text)
                  00009808    000001b6     libclang_rt.builtins.a : adddf3.S.obj (.text)
                  000099be    000001ae     drivers_cc13x2.a : SPICC26X2DMA.c.obj (.text.SPICC26X2DMA_hwiFxn)
                  00009b6c    00000198     OneLib.a : ll_common.o (.text)
                  00009d04    00000196              : ll_common.o (.text)
                  00009e9a    00000002     ti_sysbios_config.o (.text.BIOS_nullFunc)
                  00009e9c    00000194     drivers_cc13x2.a : PowerCC26X2_calibrateRCOSC.c.obj (.text.PowerCC26X2_auxISR)
                  0000a030    00000188                      : AESECBCC26XX.c.obj (.text.AESECB_addDataInternal)
                  0000a1b8    00000188                      : SPICC26X2DMA.c.obj (.text.SPICC26X2DMA_open)
                  0000a340    00000188     OneLib.a : ll_isr.o (.text)
                  0000a4c8    00000184              : ll_ae.o (.text)
                  0000a64c    0000017c     drivers_cc13x2.a : ECDHCC26X2.c.obj (.text.ECDH_computeSharedSecret)
                  0000a7c8    0000017c                      : UART2CC26X2.c.obj (.text.UART2_open)
                  0000a944    00000174                      : UART2.c.obj (.text.UART2_writeTimeoutBlocking)
                  0000aab8    00000174     OneLib.a : gattservapp.o (.text)
                  0000ac2c    00000174              : ll_scheduler.o (.text)
                  0000ada0    00000170     data_service.o (.text.Data_Service_WriteAttrCB)
                  0000af10    0000016c     drivers_cc13x2.a : AESCCMCC26XX.c.obj (.text.AESCCM_startOperation)
                  0000b07c    00000004                      : AESCTRDRBGXX.c.obj (.text.AESCTRDRBG_getBytes)
                  0000b080    0000016c     UartLog.o (.text.uartLog_flush)
                  0000b1ec    00000168     OneLib.a : ll_ae.o (.text)
                  0000b354    00000164     crc32.o (.text.CRC32_calc)
                  0000b4b8    00000164     icall.o (.text.ICall_waitMatch)
                  0000b61c    00000162     StackWrapper.a : osal.o (.text)
                  0000b77e    00000002     ti_drivers_config.o (.text.Board_initHook)
                  0000b780    00000160     drivers_cc13x2.a : SPICC26X2DMA.c.obj (.text.configNextTransfer)
                  0000b8e0    0000015c                      : NVSSPI25X.c.obj (.text.NVSSPI25X_write)
                  0000ba3c    00000158                      : AESCTRCC26XX.c.obj (.text.AESCTR_processData)
                  0000bb94    00000158                      : PowerCC26X2.c.obj (.text.Power_sleep)
                  0000bcec    00000158     OneLib.a : ll_common.o (.text)
                  0000be44    00000150              : gap_task.o (.text)
                  0000bf94    00000150              : ll_ae.o (.text)
                  0000c0e4    0000014c              : ll_isr.o (.text)
                  0000c230    00000148     rf_multiMode_cc13x2.a : RFCC26X2_multiMode.c.cc13x2.ticlang.o (.text.RF_radioOpDoneCb)
                  0000c378    00000144     data_service.o (.text.DataService_SetParameter)
                  0000c4bc    00000004     drivers_cc13x2.a : AESCTRCC26XX.c.obj (.text.AESCTR_releaseLock)
                  0000c4c0    00000144     ti_sysbios_config.o (.text.ti_sysbios_runtime_System_printfExtend)
                  0000c604    00000144     StackWrapper.a : gap.o (.text)
                  0000c748    00000140     OneLib.a : gattservapp.o (.text)
                  0000c888    00000134     rf_multiMode_cc13x2.a : RFCC26X2_multiMode.c.cc13x2.ticlang.o (.text.RF_ratSetupChannel)
                  0000c9bc    00000130     driverlib.lib : aes.o (.text.NOROM_AESWriteToKeyStore)
                  0000caec    0000012c     button_service.o (.text.ButtonService_SetParameter)
                  0000cc18    0000012c     rf_multiMode_cc13x2.a : RFCC26X2_multiMode.c.cc13x2.ticlang.o (.text.RF_close)
                  0000cd44    0000012c                           : RFCC26X2_multiMode.c.cc13x2.ticlang.o (.text.RF_fsmSetupState)
                  0000ce70    0000012c     drivers_cc13x2.a : TRNGCC26XX.c.obj (.text.TRNGCC26XX_hwiFxn)
                  0000cf9c    00000124     rf_multiMode_cc13x2.a : RFCC26X2_multiMode.c.cc13x2.ticlang.o (.text.RF_abortCmd)
                  0000d0c0    00000122     drivers_cc13x2.a : SPICC26X2DMA.c.obj (.text.SPICC26X2DMA_transferCancel)
                  0000d1e2    00000002     ble_user_config.o (.text.DefaultAssertCback)
                  0000d1e4    00000120     main.o (.text.AssertHandler)
                  0000d304    00000120     nvocmp.o (.text.NVOCMP_findItem)
                  0000d424    00000120     ti_sysbios_config.o (.text.ti_sysbios_family_arm_cc26xx_Timer_construct)
                  0000d544    00000120     OneLib.a : ll_common.o (.text)
                  0000d664    00000120              : ll_data.o (.text)
                  0000d784    0000011c     sysbios.a : Hwi_asm_gnu.obj (.text.ti_sysbios_family_arm_m3_Hwi_dispatch)
                  0000d8a0    0000011a     drivers_cc13x2.a : UART2.c.obj (.text.UART2_writeTimeoutNonblocking)
                  0000d9ba    00000002     rom_init.o (.text.MAP_HCI_CteRequestFailedEvent)
                  0000d9bc    00000118     drivers_cc13x2.a : PowerCC26X2.c.obj (.text.Power_init)
                  0000dad4    00000118     rf_multiMode_cc13x2.a : RFCC26X2_multiMode.c.cc13x2.ticlang.o (.text.RF_decodeOverridePointers)
                  0000dbec    00000114     OneLib.a : ll_common.o (.text)
                  0000dd00    0000010c     drivers_cc13x2.a : ECDHCC26X2.c.obj (.text.ECDH_generatePublicKey)
                  0000de0c    0000010c     led_service.o (.text.LED_Service_WriteAttrCB)
                  0000df18    0000010c     drivers_cc13x2.a : NVSSPI25X.c.obj (.text.NVSSPI25X_open)
                  0000e024    0000010c     oad.o (.text.OAD_open)
                  0000e130    0000010c     drivers_cc13x2.a : PowerCC26X2_calibrateRCOSC.c.obj (.text.PowerCC26X2_calibrate)
                  0000e23c    0000010c     OneLib.a : gatt_client.o (.text)
                  0000e348    00000108     drivers_cc13x2.a : NVSCC26XX.c.obj (.text.NVSCC26XX_write)
                  0000e450    00000108     rf_multiMode_cc13x2.a : RFCC26X2_multiMode.c.cc13x2.ticlang.o (.text.RF_fsmPowerUpState)
                  0000e558    00000104     drivers_cc13x2.a : GPIOCC26X2.c.obj (.text.GPIO_init)
                  0000e65c    00000104                      : UART2CC26X2.c.obj (.text.UART2CC26X2_initHw)
                  0000e760    00000104     project_zero.o (.text.projectZero_eraseExternalFlash)
                  0000e864    000000fe     OneLib.a : ll_scheduler.o (.text)
                  0000e962    00000002     rom_init.o (.text.MAP_llClearPeriodicAdvSets)
                  0000e964    000000fc     rf_multiMode_cc13x2.a : RFCC26X2_multiMode.c.cc13x2.ticlang.o (.text.RF_hwiCpe0Active)
                  0000ea60    000000fc     OneLib.a : ll_isr.o (.text)
                  0000eb5c    000000fc              : ll_scheduler.o (.text)
                  0000ec58    000000fc     libclang_rt.builtins.a : muldf3.S.obj (.text)
                  0000ed54    000000f8     drivers_cc13x2.a : TRNGCC26XX.c.obj (.text.TRNG_getRandom)
                  0000ee4c    000000f8     OneLib.a : sm_rsppairing.o (.text)
                  0000ef44    000000f6     drivers_cc13x2.a : AESCTRDRBGXX.c.obj (.text.AESCTRDRBG_getRandomBytes)
                  0000f03a    00000002     rom_init.o (.text.MAP_llClearPeriodicScanSets)
                  0000f03c    000000f4     driverlib.lib : sys_ctrl.o (.text.NOROM_SysCtrlStandby)
                  0000f130    000000f0     drivers_cc13x2.a : UART2CC26X2.c.obj (.text.UART2Support_dmaStartRx)
                  0000f220    000000f0     OneLib.a : ll_ae.o (.text)
                  0000f310    000000ec              : gap_advertiser.o (.text)
                  0000f3fc    000000ec              : ll_common.o (.text)
                  0000f4e8    000000e4     driverlib.lib : setup.o (.text.NOROM_SetupTrimDevice)
                  0000f5cc    000000e4     ti_sysbios_config.o (.text.ti_sysbios_knl_Semaphore_pend)
                  0000f6b0    000000e4     OneLib.a : gapgattserver.o (.text)
                  0000f794    000000e4              : ll_ae.o (.text)
                  0000f878    000000e0     ti_sysbios_config.o (.text.ti_sysbios_knl_Event_pend)
                  0000f958    000000e0     OneLib.a : ll_scheduler.o (.text)
                  0000fa38    000000e0     StackWrapper.a : osal_timers.o (.text)
                  0000fb18    000000dc     rf_multiMode_cc13x2.a : RFCC26X2_multiMode.c.cc13x2.ticlang.o (.text.RF_control)
                  0000fbf4    000000dc     drivers_cc13x2.a : NVSSPI25X.c.obj (.text.doErase)
                  0000fcd0    000000dc     OneLib.a : ll_ae.o (.text)
                  0000fdac    000000d8     devinfoservice.o (.text.DevInfo_SetParameter)
                  0000fe84    000000d8     drivers_cc13x2.a : SPICC26X2DMA.c.obj (.text.SPICC26X2DMA_control)
                  0000ff5c    000000d8     ti_sysbios_config.o (.text.ti_sysbios_family_arm_m3_Hwi_excFillContext)
                  00010034    000000d0     drivers_cc13x2.a : PowerCC26X2.c.obj (.text.configureXOSCHF)
                  00010104    000000cc                      : AESCTRDRBGXX.c.obj (.text.AESCTRDRBG_construct)
                  000101d0    000000cc     ti_sysbios_config.o (.text.ti_sysbios_knl_Clock_workFuncDynamic)
                  0001029c    000000cc     OneLib.a : hci_event.o (.text)
                  00010368    000000cc     StackWrapper.a : osal.o (.text)
                  00010434    000000ca     rf_multiMode_cc13x2.a : RFCC26X2_multiMode.c.cc13x2.ticlang.o (.text.RF_updatePaConfiguration)
                  000104fe    00000002     rom_init.o (.text.MAP_llCoexInit)
                  00010500    000000c8     button_service.o (.text.Button_Service_WriteAttrCB)
                  000105c8    000000c8     led_service.o (.text.LED_Service_ReadAttrCB)
                  00010690    000000c8     OneLib.a : gap_scanner.o (.text)
                  00010758    000000c8              : gapgattserver.o (.text)
                  00010820    000000c8              : ll.o (.text)
                  000108e8    000000c8              : ll_ae.o (.text)
                  000109b0    000000c6     drivers_cc13x2.a : AESCTRDRBGXX.c.obj (.text.AESCTRDRBG_reseed)
                  00010a76    00000002     rom_init.o (.text.MAP_llCoexSetParams)
                  00010a78    000000c4     button_service.o (.text.Button_Service_ReadAttrCB)
                  00010b3c    000000c4     data_service.o (.text.Data_Service_ReadAttrCB)
                  00010c00    000000c4     driverlib.lib : setup.o (.text.TrimAfterColdResetWakeupFromShutDown)
                  00010cc4    000000c0     led_service.o (.text.LedService_SetParameter)
                  00010d84    000000c0     oad.o (.text.oadCreateFactoryImageBackup)
                  00010e44    000000c0     OneLib.a : ll.o (.text)
                  00010f04    000000c0              : ll_isr.o (.text)
                  00010fc4    000000bc     rf_multiMode_cc13x2.a : RFCC26X2_multiMode.c.cc13x2.ticlang.o (.text.RF_swiHw)
                  00011080    000000bc     drivers_cc13x2.a : UART2CC26X2.c.obj (.text.UART2Support_dmaStartTx)
                  0001113c    000000bc     oad.o (.text.oadWriteAttrCB)
                  000111f8    000000bc     OneLib.a : ble.o (.text)
                  000112b4    000000bc              : ll_ecc.o (.text)
                  00011370    000000bc              : ll_scheduler.o (.text)
                  0001142c    000000b8     devinfoservice.o (.text.devInfo_ReadAttrCB)
                  000114e4    000000b8     ti_ble_config.o (.text.setBondManagerParameters)
                  0001159c    000000b8     ti_sysbios_config.o (.text.ti_sysbios_knl_Task_Instance_finalize)
                  00011654    000000b8     OneLib.a : ll.o (.text)
                  0001170c    000000b8              : ll_slave_end_causes.o (.text)
                  000117c4    000000b8     StackWrapper.a : gapbondmgr.o (.text)
                  0001187c    000000b8                    : gattservapp_util.o (.text)
                  00011934    000000b4     driverlib.lib : osc.o (.text.NOROM_OSCHF_AttemptToSwitchToXosc)
                  000119e8    000000b4     ti_sysbios_config.o (.text.PowerCC26XX_standbyPolicy)
                  00011a9c    000000b4     drivers_cc13x2.a : PowerCC26X2.c.obj (.text.Power_releaseDependency)
                  00011b50    000000b4     ti_sysbios_config.o (.text.ti_sysbios_knl_Task_setPri)
                  00011c04    000000b0     drivers_cc13x2.a : PowerCC26X2.c.obj (.text.Power_setDependency)
                  00011cb4    000000b0     OneLib.a : ll_enc.o (.text)
                  00011d64    000000b0     StackWrapper.a : gattservapp_util.o (.text)
                  00011e14    000000b0     libclang_rt.builtins.a : udivmoddi4.S.obj (.text)
                  00011ec4    000000ac     project_zero.o (.text.ProjectZero_updatePHYStat)
                  00011f70    000000ac     rf_multiMode_cc13x2.a : RFCC26X2_multiMode.c.cc13x2.ticlang.o (.text.RF_pendCmd)
                  0001201c    000000ac     OneLib.a : ll_ae.o (.text)
                  000120c8    000000a8              : hci_data.o (.text)
                  00012170    000000a8              : ll.o (.text)
                  00012218    000000a8              : ll_common.o (.text)
                  000122c0    000000a8     StackWrapper.a : gapbondmgr.o (.text)
                  00012368    000000a4     icall.o (.text.ICall_heapMalloc)
                  0001240c    000000a4     rf_multiMode_cc13x2.a : RFCC26X2_multiMode.c.cc13x2.ticlang.o (.text.RF_initRadioSetup)
                  000124b0    000000a4     ti_sysbios_config.o (.text.ti_sysbios_knl_Task_Instance_init)
                  00012554    000000a4     OneLib.a : ll_ae.o (.text)
                  000125f8    000000a4     StackWrapper.a : gapbondmgr.o (.text)
                  0001269c    000000a4                    : osal_cbtimer.o (.text)
                  00012740    000000a0     rf_multiMode_cc13x2.a : RFCC26X2_multiMode.c.cc13x2.ticlang.o (.text.RF_calculateDispatchTime)
                  000127e0    000000a0     OneLib.a : gap_scanner.o (.text)
                  00012880    000000a0              : gattservapp.o (.text)
                  00012920    000000a0              : ll_common.o (.text)
                  000129c0    000000a0              : ll_scheduler.o (.text)
                  00012a60    0000009c     drivers_cc13x2.a : AESCTRCC26XX.c.obj (.text.AESCTR_startOneStepOperation)
                  00012afc    0000009c     OneLib.a : ll_common.o (.text)
                  00012b98    0000009c              : ll_ecc.o (.text)
                  00012c34    00000098     nvocmp.o (.text.NVOCMP_erase)
                  00012ccc    00000098     rf_multiMode_cc13x2.a : RFCC26X2_multiMode.c.cc13x2.ticlang.o (.text.RF_defaultSubmitPolicy)
                  00012d64    00000098     OneLib.a : gattservapp.o (.text)
                  00012dfc    00000098              : hci_event.o (.text)
                  00012e94    00000096     rf_multiMode_cc13x2.a : RFCC26X2_multiMode.c.cc13x2.ticlang.o (.text.RF_verifyGap)
                  00012f2a    00000002     rom_init.o (.text.MAP_llCoexUpdateCounters)
                  00012f2c    00000094     rf_multiMode_cc13x2.a : RFCC26X2_multiMode.c.cc13x2.ticlang.o (.text.RF_ratRestartChannels)
                  00012fc0    00000094     UartLog.o (.text.UartLog_log)
                  00013054    00000094     ti_sysbios_config.o (.text.ti_sysbios_knl_Clock_startI)
                  000130e8    00000094     ti_sysbios_config.o (.text.ti_sysbios_knl_Task_sleep)
                  0001317c    00000094     OneLib.a : gatt_server.o (.text)
                  00013210    00000094              : ll.o (.text)
                  000132a4    00000094              : ll_common.o (.text)
                  00013338    00000094              : ll_scheduler.o (.text)
                  000133cc    00000092              : gap_task.o (.text)
                  0001345e    00000002     rom_init.o (.text.MAP_llDmmDynamicFree)
                  00013460    00000090     osal_icall_ble.o (.text.osalInitTasks)
                  000134f0    00000090     OneLib.a : ll.o (.text)
                  00013580    00000090              : ll_ae.o (.text)
                  00013610    0000008c     drivers_cc13x2.a : GPIOCC26XX.c.obj (.text.GPIO_setConfig)
                  0001369c    0000008c                      : TRNGCC26XX.c.obj (.text.TRNG_construct)
                  00013728    0000008c     ti_sysbios_config.o (.text.ti_sysbios_knl_Clock_init)
                  000137b4    00000088     button_service.o (.text.ButtonService_AddService)
                  0001383c    00000088     rf_multiMode_cc13x2.a : RFCC26X2_multiMode.c.cc13x2.ticlang.o (.text.RF_cmdDispatchTime)
                  000138c4    00000088                           : RFCC26X2_multiMode.c.cc13x2.ticlang.o (.text.RF_discardPendCmd)
                  0001394c    00000088     project_zero.o (.text.buttonDebounceSwiFxn)
                  000139d4    00000088     OneLib.a : ll_isr.o (.text)
                  00013a5c    00000088     StackWrapper.a : osal_cbtimer.o (.text)
                  00013ae4    00000084     icall.o (.text.ICall_setTimer)
                  00013b68    00000084     nvocmp.o (.text.NVOCMP_readHeader)
                  00013bec    00000084     rf_multiMode_cc13x2.a : RFCC26X2_multiMode.c.cc13x2.ticlang.o (.text.RF_getInfo)
                  00013c70    00000084     OneLib.a : ll_ae.o (.text)
                  00013cf4    00000080     drivers_cc13x2.a : AESCTRCC26XX.c.obj (.text.AESCTR_hwiFxn)
                  00013d74    00000080     data_service.o (.text.DataService_AddService)
                  00013df4    00000080     driverlib.lib : sys_ctrl.o (.text.NOROM_SysCtrlSetRechargeBeforePowerDown)
                  00013e74    00000080     drivers_cc13x2.a : NVSSPI25X.c.obj (.text.NVSSPI25X_close)
                  00013ef4    00000080     project_zero.o (.text.ProjectZero_sendParamUpdate)
                  00013f74    00000080     drivers_cc13x2.a : UART2CC26X2.c.obj (.text.UART2Support_dmaStopTx)
                  00013ff4    00000080                      : NVSCC26XX.c.obj (.text.doErase)
                  00014074    00000080     oad.o (.text.oadResetState)
                  000140f4    00000080     oad.o (.text.oadSendNotification)
                  00014174    00000080     ti_sysbios_config.o (.text.ti_sysbios_family_arm_m3_Hwi_initNVIC)
                  000141f4    00000080     ti_sysbios_config.o (.text.ti_sysbios_gates_GateMutexPri_enter)
                  00014274    00000080     OneLib.a : ll_enc.o (.text)
                  000142f4    0000007e     driverlib.lib : chipinfo.o (.text.NOROM_ChipInfo_GetChipType)
                  00014372    0000007e     OneLib.a : gap_task.o (.text)
                  000143f0    0000007c     rf_multiMode_cc13x2.a : RFCC26X2_multiMode.c.cc13x2.ticlang.o (.text.RF_ratDisableChannel)
                  0001446c    0000007c     libclang_rt.builtins.a : comparedf2.c.obj (.text.__gedf2)
                  000144e8    0000007c                            : comparedf2.c.obj (.text.__ledf2)
                  00014564    0000007c     drivers_cc13x2.a : NVSSPI25X.c.obj (.text.doRead)
                  000145e0    0000007c     icall.o (.text.icall_directAPI)
                  0001465c    0000007c     ti_sysbios_config.o (.text.ti_sysbios_family_arm_m3_Hwi_postInit)
                  000146d8    0000007c     OneLib.a : ll_common.o (.text)
                  00014754    0000007c     StackWrapper.a : gapbondmgr.o (.text)
                  000147d0    0000007a     OneLib.a : gattservapp.o (.text)
                  0001484a    00000002     rom_init.o (.text.MAP_llDmmSetThreshold)
                  0001484c    00000078     icall.o (.text.ICall_heapInit)
                  000148c4    00000078     driverlib.lib : osc.o (.text.NOROM_OSCHF_SwitchToRcOscTurnOffXosc)
                  0001493c    00000078                   : osc.o (.text.NOROM_OSC_CapArrayAdjustWorkaround_Boot)
                  000149b4    00000078     drivers_cc13x2.a : NVSCC26XX.c.obj (.text.NVSCC26XX_open)
                  00014a2c    00000078     rf_multiMode_cc13x2.a : RFCC26X2_multiMode.c.cc13x2.ticlang.o (.text.RF_ratFreeChannel)
                  00014aa4    00000078     drivers_cc13x2.a : SPICC26X2DMA.c.obj (.text.SPICC26X2DMA_close)
                  00014b1c    00000078     ti_sysbios_config.o (.text.ti_sysbios_knl_Task_postInit)
                  00014b94    00000078     project_zero.o (.text.util_arrtohex)
                  00014c0c    00000078     OneLib.a : gap_linkmgr.o (.text)
                  00014c84    00000078              : l2cap_task.o (.text)
                  00014cfc    00000078              : ll_common.o (.text)
                  00014d74    00000078     StackWrapper.a : osal_cbtimer.o (.text)
                  00014dec    00000076     OneLib.a : ll_common.o (.text)
                  00014e62    00000076     StackWrapper.a : gap.o (.text)
                  00014ed8    00000074     drivers_cc13x2.a : AESCTRDRBGXX.c.obj (.text.AESCTRDRBGXX_updateState)
                  00014f4c    00000074                      : ECDHCC26X2.c.obj (.text.ECDHCC26X2_getKeyResult)
                  00014fc0    00000074     nvocmp.o (.text.NVOCMP_readItemApi)
                  00015034    00000074     drivers_cc13x2.a : PowerCC26X2_calibrateRCOSC_helpers.c.obj (.text.PowerCC26X2_updateSubSecInc)
                  000150a8    00000074     rf_multiMode_cc13x2.a : RFCC26X2_multiMode.c.cc13x2.ticlang.o (.text.RF_hwiHw)
                  0001511c    00000074     ti_sysbios_config.o (.text.ti_sysbios_knl_Swi_restoreHwi)
                  00015190    00000074     ti_sysbios_config.o (.text.ti_sysbios_knl_Task_startup)
                  00015204    00000074     OneLib.a : ll_enc.o (.text)
                  00015278    00000070     drivers_cc13x2.a : AESCCMCC26XX.c.obj (.text.AESCCM_cleanup)
                  000152e8    00000070                      : AESCTRCC26XX.c.obj (.text.AESCTR_construct)
                  00015358    00000070     icall.o (.text.ICall_createRemoteTasksAtRuntime)
                  000153c8    00000070     nvocmp.o (.text.NVOCMP_writeItemApi)
                  00015438    00000070     oad.o (.text.oadFindCurrentImageHdr)
                  000154a8    00000070     ti_sysbios_config.o (.text.ti_sysbios_family_arm_m3_Hwi_Instance_init)
                  00015518    00000070     ti_sysbios_config.o (.text.ti_sysbios_runtime_System_formatNum)
                  00015588    00000070     OneLib.a : gatt_server.o (.text)
                  000155f8    00000070              : ll_ae.o (.text)
                  00015668    00000070              : ll_common.o (.text)
                  000156d8    00000070              : ll_enc.o (.text)
                  00015748    00000070     StackWrapper.a : osal.o (.text)
                  000157b8    0000006e     OneLib.a : gatt_server.o (.text)
                  00015826    00000002     rom_init.o (.text.MAP_llHealthUpdate)
                  00015828    0000006c     project_zero.o (.text.GPIO_Board_keyCallback)
                  00015894    0000006c     icall_cc2650.o (.text.ICallPlatform_pwrUpdActivityCounter)
                  00015900    0000006c     icall.o (.text.ICall_wait)
                  0001596c    0000006c     nvocmp.o (.text.NVOCMP_eraseNvApi)
                  000159d8    0000006c     rf_multiMode_cc13x2.a : RFCC26X2_multiMode.c.cc13x2.ticlang.o (.text.RF_issueRadioFreeCb)
                  00015a44    0000006c     drivers_cc13x2.a : Random.c.obj (.text.Random_seedAutomatic)
                  00015ab0    0000006c     ti_sysbios_config.o (.text.ti_sysbios_family_arm_m3_Hwi_dispatchC)
                  00015b1c    0000006c     OneLib.a : ll_isr.o (.text)
                  00015b88    0000006c     StackWrapper.a : osal_cbtimer.o (.text)
                  00015bf4    0000006a     nvocmp.o (.text.NVOCMP_verifyCRC)
                  00015c5e    0000006a     libc.a : copy_decompress_lzss.c.obj (.text:decompress:lzss)
                  00015cc8    00000068     drivers_cc13x2.a : AESECBCC26XX.c.obj (.text.AESECB_construct)
                  00015d30    00000068                      : AESECBCC26XX.c.obj (.text.AESECB_hwiFxn)
                  00015d98    00000068     icall.o (.text.ICall_enrollService)
                  00015e00    00000068     icall.o (.text.ICall_send)
                  00015e68    00000068     icall.o (.text.ICall_sendServiceComplete)
                  00015ed0    00000068     project_zero.o (.text.ProjectZero_ButtonService_CfgChangeCB)
                  00015f38    00000068     project_zero.o (.text.ProjectZero_DataService_CfgChangeCB)
                  00015fa0    00000068     project_zero.o (.text.ProjectZero_DataService_ValueChangeCB)
                  00016008    00000068     project_zero.o (.text.ProjectZero_LedService_ValueChangeCB)
                  00016070    00000068     rf_multiMode_cc13x2.a : RFCC26X2_multiMode.c.cc13x2.ticlang.o (.text.RF_detachOverrides)
                  000160d8    00000068     drivers_cc13x2.a : UART2CC26X2.c.obj (.text.UART2Support_dmaStopRx)
                  00016140    00000068     ti_sysbios_config.o (.text.ti_sysbios_knl_Event_post)
                  000161a8    00000068     ti_sysbios_config.o (.text.ti_sysbios_knl_Swi_run)
                  00016210    00000068     OneLib.a : gap_task.o (.text)
                  00016278    00000068              : gattservapp.o (.text)
                  000162e0    00000068              : ll.o (.text)
                  00016348    00000068              : ll_ae.o (.text)
                  000163b0    00000068     StackWrapper.a : osal_timers.o (.text)
                  00016418    00000066     OneLib.a : ll_common.o (.text)
                  0001647e    00000066     StackWrapper.a : icall_lite_translation.o (.text)
                  000164e4    00000064     drivers_cc13x2.a : AESCCMCC26XX.c.obj (.text.AESCCM_hwiFxn)
                  00016548    00000064                      : PowerCC26X2_calibrateRCOSC.c.obj (.text.PowerCC26X2_initiateCalibration)
                  000165ac    00000064     rf_multiMode_cc13x2.a : RFCC26X2_multiMode.c.cc13x2.ticlang.o (.text.RF_attachOverrides)
                  00016610    00000064                           : RFCC26X2_multiMode.c.cc13x2.ticlang.o (.text.RF_dispatchNextEvent)
                  00016674    00000064                           : RFCC26X2_multiMode.c.cc13x2.ticlang.o (.text.RF_hwiCpe0PowerFsm)
                  000166d8    00000064     drivers_cc13x2.a : UDMACC26XX.c.obj (.text.UDMACC26XX_open)
                  0001673c    00000064     oad.o (.text.oadValidateCandidateHdr)
                  000167a0    00000064     drivers_cc13x2.a : PowerCC26X2.c.obj (.text.oscillatorISR)
                  00016804    00000064     ti_sysbios_config.o (.text.ti_sysbios_gates_GateMutexPri_leave)
                  00016868    00000064     ti_sysbios_config.o (.text.ti_sysbios_knl_Idle_init)
                  000168cc    00000064     ti_sysbios_config.o (.text.ti_sysbios_knl_TaskSupport_buildTaskStack)
                  00016930    00000064     OneLib.a : gapgattserver.o (.text)
                  00016994    00000064              : gattservapp.o (.text)
                  000169f8    00000064              : ll_isr.o (.text)
                  00016a5c    00000064              : ll_scheduler.o (.text)
                  00016ac0    00000062     rf_multiMode_cc13x2.a : RFCC26X2_multiMode.c.cc13x2.ticlang.o (.text.RF_syncCb)
                  00016b22    00000002     rom_init.o (.text.MAP_llMaster_TaskEnd)
                  00016b24    00000062     libclang_rt.builtins.a : aeabi_dcmp.S.obj (.text)
                  00016b86    00000002     rom_init.o (.text.MAP_llPeriodicAdv_PostProcess)
                  00016b88    00000060     drivers_cc13x2.a : CryptoResourceCC26XX.c.obj (.text.CryptoResourceCC26XX_constructRTOSObjects)
                  00016be8    00000060     nvocmp.o (.text.NVOCMP_checkItem)
                  00016c48    00000060     drivers_cc13x2.a : PKAResourceCC26XX.c.obj (.text.PKAResourceCC26XX_constructRTOSObjects)
                  00016ca8    00000060                      : SPICC26X2DMA.c.obj (.text.csnCallback)
                  00016d08    00000060     osal_icall_ble.o (.text.stack_main)
                  00016d68    00000060     ti_sysbios_config.o (.text.ti_sysbios_knl_Clock_walkQueueDynamic)
                  00016dc8    00000060     ti_sysbios_config.o (.text.ti_sysbios_knl_Semaphore_post)
                  00016e28    00000060     ti_sysbios_config.o (.text.ti_sysbios_knl_Swi_schedule)
                  00016e88    00000060     OneLib.a : ll_ae.o (.text)
                  00016ee8    00000060              : ll_ae.o (.text)
                  00016f48    00000060              : ll_common.o (.text)
                  00016fa8    00000060              : sm_pairing.o (.text)
                  00017008    00000060     StackWrapper.a : gapbondmgr.o (.text)
                  00017068    0000005e     rf_multiMode_cc13x2.a : rfc.c.cc13x2.ticlang.o (.text.NOROM_RFCAnaDivTxOverride)
                  000170c6    0000005e     OneLib.a : ll_common.o (.text)
                  00017124    0000005c     drivers_cc13x2.a : NVSSPI25X.c.obj (.text.NVSSPI25X_control)
                  00017180    0000005c                      : TRNGCC26XX.c.obj (.text.TRNGCC26XX_startTrng)
                  000171dc    0000005c                      : NVSSPI25X.c.obj (.text.extFlashWaitReady)
                  00017238    0000005c     OneLib.a : gap_perilinkmgr.o (.text)
                  00017294    0000005c              : ll_scheduler.o (.text)
                  000172f0    0000005c              : sm_intpairing.o (.text)
                  0001734c    0000005c              : sm_rsppairing.o (.text)
                  000173a8    00000058     button_service.o (.text.ButtonService_RegisterAppCBs)
                  00017400    00000058     data_service.o (.text.DataService_RegisterAppCBs)
                  00017458    00000058     drivers_cc13x2.a : ECDHCC26X2.c.obj (.text.ECDH_construct)
                  000174b0    00000058     icall.o (.text.HEAPMGR_GETLARGESTFREEBUF)
                  00017508    00000058     icall.o (.text.ICall_fetchMsg)
                  00017560    00000058     rf_multiMode_cc13x2.a : RFCC26X2_multiMode.c.cc13x2.ticlang.o (.text.RF_applyRfCorePatch)
                  000175b8    00000058     drivers_cc13x2.a : TRNGCC26XX.c.obj (.text.TRNG_init)
                  00017610    00000058                      : NVSSPI25X.c.obj (.text.doWriteVerify)
                  00017668    00000058     main.o (.text.main)
                  000176c0    00000058     sysbios.a : Hwi_asm_switch_gnu.obj (.text.ti_sysbios_family_arm_m3_Hwi_initStacks)
                  00017718    00000058     OneLib.a : ll_ae.o (.text)
                  00017770    00000058              : ll_common.o (.text)
                  000177c8    00000058              : ll_enc.o (.text)
                  00017820    00000058              : ll_isr.o (.text)
                  00017878    00000058              : sm_pairing.o (.text)
                  000178d0    00000058     StackWrapper.a : sm_ecc.o (.text)
                  00017928    00000056     drivers_cc13x2.a : StructRingBuf.c.obj (.text.StructRingBuf_put)
                  0001797e    00000002     rom_init.o (.text.MAP_llProcessPeriodicScanRxFIFO)
                  00017980    00000054     drivers_cc13x2.a : AESCCMCC26XX.c.obj (.text.AESCCM_construct)
                  000179d4    00000054     icall.o (.text.ICall_registerApp)
                  00017a28    00000054     led_service.o (.text.LedService_RegisterAppCBs)
                  00017a7c    00000054     nvocmp.o (.text.NVOCMP_compactNvApi)
                  00017ad0    00000054     nvocmp.o (.text.NVOCMP_getDstPage)
                  00017b24    00000054     rf_multiMode_cc13x2.a : RFCC26X2_multiMode.c.cc13x2.ticlang.o (.text.RF_fsmXOSCState)
                  00017b78    00000054                           : RFCC26X2_multiMode.c.cc13x2.ticlang.o (.text.RF_getCurrentTime)
                  00017bcc    00000054     util.o (.text.Util_constructClock)
                  00017c20    00000054     drivers_cc13x2.a : NVSSPI25X.c.obj (.text.extFlashSpiWrite)
                  00017c74    00000054     OneLib.a : gattservapp.o (.text)
                  00017cc8    00000054              : hci_event.o (.text)
                  00017d1c    00000054              : linkdb.o (.text)
                  00017d70    00000054              : ll.o (.text)
                  00017dc4    00000054              : ll_ae.o (.text)
                  00017e18    00000054     StackWrapper.a : osal_bufmgr.o (.text)
                  00017e6c    00000052     driverlib.lib : chipinfo.o (.text.NOROM_ChipInfo_GetHwRevision)
                  00017ebe    00000052     OneLib.a : gap_centlinkmgr.o (.text)
                  00017f10    00000050     ti_drivers_config.o (.text.Board_shutDownExtFlash)
                  00017f60    00000050     led_service.o (.text.LedService_AddService)
                  00017fb0    00000050     nvocmp.o (.text.NVOCMP_loadApiPtrsMin)
                  00018000    00000050     drivers_cc13x2.a : NVSSPI25X.c.obj (.text.NVSSPI25X_read)
                  00018050    00000050     rf_multiMode_cc13x2.a : RFCC26X2_multiMode.c.cc13x2.ticlang.o (.text.RF_wakeupNotification)
                  000180a0    00000050     ti_sysbios_config.o (.text.ti_sysbios_knl_Swi_post)
                  000180f0    00000050     ti_sysbios_config.o (.text.ti_sysbios_knl_Swi_runLoop)
                  00018140    00000050     ti_sysbios_config.o (.text.ti_sysbios_knl_Task_schedule)
                  00018190    00000050     OneLib.a : gap_perilinkmgr.o (.text)
                  000181e0    00000050              : gap_scanner.o (.text)
                  00018230    00000050              : hci_tl.o (.text)
                  00018280    00000050              : ll_common.o (.text)
                  000182d0    00000050              : ll_enc.o (.text)
                  00018320    00000050     StackWrapper.a : gattservapp_util.o (.text)
                  00018370    00000050                    : osal.o (.text)
                  000183c0    00000050                    : osal_clock.o (.text)
                  00018410    0000004e     ti_drivers_config.o (.text.Board_sendExtFlashByte)
                  0001845e    0000004e     nvocmp.o (.text.NVOCMP_readItem)
                  000184ac    0000004e     StackWrapper.a : gap.o (.text)
                  000184fa    0000004c     drivers_cc13x2.a : AESECBCC26XX.c.obj (.text.AESECB_startOperation)
                  00018546    00000002     rom_init.o (.text.MAP_llSetPeriodicSyncInfo)
                  00018548    0000004c     ti_sysbios_config.o (.text.BIOS_startFunc)
                  00018594    0000004c     button_service.o (.text.Button_Service_findCharParamId)
                  000185e0    0000004c     drivers_cc13x2.a : CryptoUtils.c.obj (.text.CryptoUtils_reverseCopyPad)
                  0001862c    0000004c     data_service.o (.text.Data_Service_findCharParamId)
                  00018678    0000004c     icall.o (.text.ICall_newTask)
                  000186c4    0000004c     led_service.o (.text.LED_Service_findCharParamId)
                  00018710    0000004c     driverlib.lib : osc.o (.text.NOROM_OSC_HPOSCRelativeFrequencyOffsetGet)
                  0001875c    0000004c     nvocmp.o (.text.NVOCMP_setItemInactive)
                  000187a8    0000004c     drivers_cc13x2.a : NVSCC26XX.c.obj (.text.NVSCC26XX_init)
                  000187f4    0000004c                      : NVSCC26XX.c.obj (.text.NVSCC26XX_read)
                  00018840    0000004c                      : StructRingBuf.c.obj (.text.StructRingBuf_get)
                  0001888c    0000004c     rf_multiMode_cc13x2.a : rf_patch_cpe_bt5.c.cc13x2.ticlang.o (.text.configureBt5Patch)
                  000188d8    0000004c     drivers_cc13x2.a : SPICC26X2DMA.c.obj (.text.initHw)
                  00018924    0000004c                      : PowerCC26X2.c.obj (.text.switchXOSCHF)
                  00018970    0000004c     ti_sysbios_config.o (.text.ti_sysbios_knl_Swi_Instance_init)
                  000189bc    0000004c     ti_sysbios_config.o (.text.ti_sysbios_runtime_Startup_exec)
                  00018a08    0000004c     OneLib.a : ble.o (.text)
                  00018a54    0000004c              : ll_scheduler.o (.text)
                  00018aa0    0000004c              : ll_scheduler.o (.text)
                  00018aec    00000048     driverlib.lib : aux_sysif.o (.text.NOROM_AUXSYSIFOpModeChange)
                  00018b34    00000048     rf_multiMode_cc13x2.a : rfc.c.cc13x2.ticlang.o (.text.NOROM_RFCSynthPowerDown)
                  00018b7c    00000048     drivers_cc13x2.a : NVS.c.obj (.text.NVS_open)
                  00018bc4    00000048                      : PowerCC26X2.c.obj (.text.PowerCC26XX_switchXOSC_HF)
                  00018c0c    00000048     oad.o (.text.oadEnqueueMsg)
                  00018c54    00000048     ti_sysbios_config.o (.text.ti_sysbios_family_arm_cc26xx_Timer_start)
                  00018c9c    00000048     OneLib.a : att_util.o (.text)
                  00018ce4    00000048              : gattservapp.o (.text)
                  00018d2c    00000048              : ll.o (.text)
                  00018d74    00000048              : ll.o (.text)
                  00018dbc    00000048              : ll_common.o (.text)
                  00018e04    00000048              : ll_common.o (.text)
                  00018e4c    00000048     libclang_rt.builtins.a : fixdfsi.S.obj (.text)
                  00018e94    00000046     drivers_cc13x2.a : RingBuf.c.obj (.text.RingBuf_put)
                  00018eda    00000002     rom_init.o (.text.MAP_llTerminatePeriodicScan)
                  00018edc    00000044     ti_sysbios_config.o (.text.BIOS_atExitFunc)
                  00018f20    00000044     drivers_cc13x2.a : GPIOCC26X2.c.obj (.text.GPIO_hwiIntFxn)
                  00018f64    00000044     icall.o (.text.ICall_getEntityId)
                  00018fa8    00000044     driverlib.lib : prcm.o (.text.NOROM_PRCMPowerDomainsAllOff)
                  00018fec    00000044                   : prcm.o (.text.NOROM_PRCMPowerDomainsAllOn)
                  00019030    00000044     project_zero.o (.text.ProjectZero_clearConnListEntry)
                  00019074    00000044     rf_multiMode_cc13x2.a : RFCC26X2_multiMode.c.cc13x2.ticlang.o (.text.RF_cmdGet)
                  000190b8    00000044                           : RFCC26X2_multiMode.c.cc13x2.ticlang.o (.text.RF_updatePowerupDuration)
                  000190fc    00000044     drivers_cc13x2.a : SPI.c.obj (.text.SPI_init)
                  00019140    00000044     ti_sysbios_config.o (.text.ti_sysbios_family_arm_m3_Hwi_Instance_finalize)
                  00019184    00000044     ti_sysbios_config.o (.text.ti_sysbios_family_arm_m3_Hwi_construct2)
                  000191c8    00000044     ti_sysbios_config.o (.text.ti_sysbios_family_arm_m3_Hwi_disableInterrupt)
                  0001920c    00000044     ti_sysbios_config.o (.text.ti_sysbios_family_arm_m3_Hwi_enableInterrupt)
                  00019250    00000044     ti_sysbios_config.o (.text.ti_sysbios_knl_Swi_restore)
                  00019294    00000044     OneLib.a : ll.o (.text)
                  000192d8    00000044              : ll.o (.text)
                  0001931c    00000044              : ll_ae.o (.text)
                  00019360    00000044              : ll_ae.o (.text)
                  000193a4    00000044              : ll_common.o (.text)
                  000193e8    00000044     StackWrapper.a : osal.o (.text)
                  0001942c    00000044                    : osal_timers.o (.text)
                  00019470    00000044     libclang_rt.builtins.a : fixunsdfsi.S.obj (.text)
                  000194b4    00000042     OneLib.a : ll.o (.text)
                  000194f6    00000042              : ll_common.o (.text)
                  00019538    00000040     drivers_cc13x2.a : AESCTRDRBGXX.c.obj (.text.AESCTRDRBGXX_addBigendCounter)
                  00019578    00000040                      : ECDHCC26X2.c.obj (.text.ECDHCC26X2_waitForResult)
                  000195b8    00000040     icall.o (.text.ICall_setTimerMSecs)
                  000195f8    00000040     drivers_cc13x2.a : PowerCC26X2_calibrateRCOSC.c.obj (.text.PowerCC26X2_RCOSC_clockFunc)
                  00019638    00000040                      : PowerCC26X2_calibrateRCOSC_helpers.c.obj (.text.PowerCC26X2_setAclkRefSrc)
                  00019678    00000040                      : SPI.c.obj (.text.SPI_open)
                  000196b8    00000040     util.o (.text.Util_rescheduleClock)
                  000196f8    00000040     drivers_cc13x2.a : NVSCC26XX.c.obj (.text.disableFlashCache)
                  00019738    00000040     ti_sysbios_config.o (.text.ti_sysbios_knl_Clock_getTicksUntilInterrupt)
                  00019778    00000040     ti_sysbios_config.o (.text.ti_sysbios_knl_Task_exit)
                  000197b8    00000040     OneLib.a : gap_configmgr.o (.text)
                  000197f8    00000040              : gattservapp.o (.text)
                  00019838    00000040              : linkdb.o (.text)
                  00019878    00000040              : ll_common.o (.text)
                  000198b8    00000040              : ll_common.o (.text)
                  000198f8    00000040              : sm_intpairing.o (.text)
                  00019938    00000040     StackWrapper.a : osal.o (.text)
                  00019978    00000040                    : osal_bufmgr.o (.text)
                  000199b8    00000040                    : osal_bufmgr.o (.text)
                  000199f8    00000040                    : osal_timers.o (.text)
                  00019a38    0000003e     OneLib.a : ll_common.o (.text)
                  00019a76    00000002     rom_init.o (.text.MAP_llUpdateCteState)
                  00019a78    0000003c     drivers_cc13x2.a : GPIO.c.obj (.text.GPIO_resetConfig)
                  00019ab4    0000003c     ti_sysbios_config.o (.text.HwiP_construct)
                  00019af0    0000003c     icall.o (.text.ICall_dispatch)
                  00019b2c    0000003c     driverlib.lib : sys_ctrl.o (.text.NOROM_SysCtrlIdle)
                  00019b68    0000003c     nvocmp.o (.text.NVOCMP_getFreeNvApi)
                  00019ba4    0000003c     oad.o (.text.OAD_setBlockSize)
                  00019be0    0000003c     drivers_cc13x2.a : PowerCC26X2_calibrateRCOSC_helpers.c.obj (.text.PowerCC26X2_setTdcClkSrc24M)
                  00019c1c    0000003c     ti_sysbios_config.o (.text.ti_sysbios_family_arm_cc26xx_Timer_periodicStub)
                  00019c58    0000003c     ti_sysbios_config.o (.text.ti_sysbios_family_arm_cc26xx_Timer_setThreshold)
                  00019c94    0000003c     ti_sysbios_config.o (.text.ti_sysbios_heaps_HeapCallback_construct)
                  00019cd0    0000003c     ti_sysbios_config.o (.text.ti_sysbios_knl_ClockSupport_init)
                  00019d0c    0000003c     ti_sysbios_config.o (.text.ti_sysbios_knl_Task_blockI)
                  00019d48    0000003c     ti_sysbios_config.o (.text.ti_sysbios_knl_Task_create)
                  00019d84    0000003c     ti_sysbios_config.o (.text.ti_sysbios_knl_Task_restore)
                  00019dc0    0000003c     ti_sysbios_config.o (.text.ti_sysbios_runtime_Memory_alloc)
                  00019dfc    0000003c     OneLib.a : gap_linkmgr.o (.text)
                  00019e38    0000003c              : gattservapp.o (.text)
                  00019e74    0000003c              : gattservapp.o (.text)
                  00019eb0    0000003c              : gattservapp.o (.text)
                  00019eec    0000003c              : hci_event.o (.text)
                  00019f28    0000003c              : hci_tl.o (.text)
                  00019f64    0000003c              : linkdb.o (.text)
                  00019fa0    0000003c              : ll_ae.o (.text)
                  00019fdc    0000003c     StackWrapper.a : osal.o (.text)
                  0001a018    0000003c                    : osal.o (.text)
                  0001a054    0000003c                    : osal.o (.text)
                  0001a090    0000003c                    : osal_timers.o (.text)
                  0001a0cc    0000003c                    : sm_ecc.o (.text)
                  0001a108    0000003c     libc.a : autoinit.c.obj (.text:__TI_auto_init_nobinit_nopinit)
                  0001a144    0000003a     drivers_cc13x2.a : CryptoUtils.c.obj (.text.CryptoUtils_copyPad)
                  0001a17e    0000003a     ti_sysbios_config.o (.text.ti_sysbios_knl_Task_checkStacks)
                  0001a1b8    0000003a     StackWrapper.a : osal.o (.text)
                  0001a1f2    00000002     rom_init.o (.text.MAP_llUpdatePeriodicAdvChainPacket)
                  0001a1f4    00000038     drivers_cc13x2.a : AESCTRCC26XX.c.obj (.text.AESCTR_cleanup)
                  0001a22c    00000038                      : AESECBCC26XX.c.obj (.text.AESECB_cleanup)
                  0001a264    00000038     icall.o (.text.ICall_heapFree)
                  0001a29c    00000038     icall.o (.text.ICall_searchServiceEntity)
                  0001a2d4    00000038     nvocmp.o (.text.NVOCMP_disableCache)
                  0001a30c    00000038     nvocmp.o (.text.NVOCMP_write)
                  0001a344    00000038     drivers_cc13x2.a : NVSSPI25X.c.obj (.text.NVSSPI25X_init)
                  0001a37c    00000038                      : PowerCC26X2_helpers.c.obj (.text.PowerCC26X2_oscDisableQualifiers)
                  0001a3b4    00000038     project_zero.o (.text.ProjectZero_createTask)
                  0001a3ec    00000038     drivers_cc13x2.a : Random.c.obj (.text.Random_getNumber)
                  0001a424    00000038                      : RingBuf.c.obj (.text.RingBuf_putAdvance)
                  0001a45c    00000038                      : UDMACC26XX.c.obj (.text.UDMACC26XX_close)
                  0001a494    00000038     rf_multiMode_cc13x2.a : rf_patch_cpe_bt5.c.cc13x2.ticlang.o (.text.rf_patch_cpe_bt5)
                  0001a4cc    00000038     ti_sysbios_config.o (.text.ti_sysbios_knl_Task_processVitalTaskFlag)
                  0001a504    00000038     OneLib.a : hci.o (.text)
                  0001a53c    00000038              : linkdb.o (.text)
                  0001a574    00000038              : ll_ae.o (.text)
                  0001a5ac    00000038              : ll_ae.o (.text)
                  0001a5e4    00000038              : ll_scheduler.o (.text)
                  0001a61c    00000038              : sm_rsppairing.o (.text)
                  0001a654    00000038     StackWrapper.a : gattservapp_util.o (.text)
                  0001a68c    00000038                    : osal_timers.o (.text)
[...]
20000fba  l2capNumChannels                                                   
20000fbb  l2capNumDataPkts                                                   
20000fbc  l2capNumPSM                                                        
20000fbd  l2capNumCoChannels                                                 
20000fbe  l2cap_gattServAppTaskID                                            
20000fbf  l2capId                                                            
20000fc1  linkDBNumConns                                                     
20000fc2  linkDB_secureConnectionOnlyMode                                    
20000fc3  maxPduSize                                                         
20000fc4  rfFeModeBias                                                       
20000fc5  defaultPhy                                                         
20000fc6  maxNumTxDataBufs                                                   
20000fc7  LL_TaskID                                                          
20000fc8  llState                                                            
20000fc9  rssiCorrection                                                     
20000fca  curTxPowerVal                                                      
20000fcb  maxTxPwrForDTM                                                     
20000fcc  onePktPerEvt                                                       
20000fcd  numComplPkts                                                       
20000fce  numComplPktsLimit                                                  
20000fcf  numComplPktsFlush                                                  
20000fd0  fastTxRespTime                                                     
20000fd1  slOverride                                                         
20000fd2  rxFifoFlowCtrl                                                     
20000fd3  numTxDataBufs                                                      
20000fd4  maxNumConns                                                        
20000fd5  aeCurHandle                                                        
20000fd6  aeCurAdvEnableHandle                                               
20000fd7  aeCurConnHandle                                                    
20000fd8  extScanIndex                                                       
20000fd9  extInitIndex                                                       
20000fda  scanState                                                          
20000fdb  lastPrimPhy                                                        
20000fdc  lastScanRsp                                                        
20000fdd  smTaskID                                                           
20000fde  SM_appExpectingKey                                                 
20001a50  PowerCC26X2_module                                                 
20001a50  ramStartHere                                                       
20001eb8  gapAttrTbl                                                         
20001f68  gpioPinConfigs                                                     
20001fe4  ICall_dispatcher                                                   
20002062  bleUserCfg_maxPduSize                                              
200022a0  BIOS_Module_state                                                  
200022cc  ti_sysbios_family_arm_m3_Hwi_Module_state                          
20002370  ti_sysbios_runtime_Startup_done                                    
20002373  ti_sysbios_knl_Idle_initDone                                       
20002374  ti_sysbios_runtime_Memory_defaultHeapInstance                      
2000238c  ti_sysbios_runtime_Error_ignore                                    
20002398  ti_sysbios_family_arm_cc26xx_Timer_Module_state                    
200023a4  ti_sysbios_runtime_System_Module_state                             
200023b0  ti_sysbios_knl_Swi_Module_state                                    
200023d8  ti_sysbios_knl_Clock_Module_state                                  
200024a4  llUserConfig                                                       
200025c0  pOverrides_bleCommon                                               
20002664  txPowerTable_2400_pa5                                              
2000273c  gattAttrTbl                                                        
2000277c  sm_eccKeys_sc_host_debug                                           
200027bc  nvintfFncStruct                                                    
200027f8  ti_sysbios_knl_Task_Module_state                                   
2000286c  _lock                                                              
200028aa  metaPage                                                           
200028f6  disconnectImmedConnId                                              
20002920  eccParams_NISTP256                                                 
20002964  advParams1                                                         
20002980  pOverrides_ble2Mbps                                                
2000299c  pOverrides_ble1Mbps                                                
200029b4  attDeviceName                                                      
200029e4  ICall_enterCriticalSection                                         
200029e8  ICall_leaveCriticalSection                                         
200029ec  heapmgrMemFreeTotal                                                
20002a08  scanResData1                                                       
20002a1a  advData1                                                           
20002a2c  RF_modeBle                                                         
20002a3c  _hposcCoeffs                                                       
20002a4c  bleAppServiceInfoTable                                             
20002a5c  pOverrides_bleCoded                                                
20002a6c  user0Cfg                                                           
20002a7c  gattAttrTbl_gatt_no_service_changed                                
20002a8c  sizeInfo                                                           
20002a9c  pairMode                                                           
20002a9d  mitm                                                               
20002a9e  ioCap                                                              
20002a9f  bonding                                                            
20002aa0  secureConnection                                                   
20002aa1  authenPairingOnly                                                  
20002aa2  autoSyncWL                                                         
20002aa3  eccReGenPolicy                                                     
20002aa4  KeySize                                                            
20002aa5  removeLRUBond                                                      
20002aa6  KeyDistList                                                        
20002aa7  eccDebugKeys                                                       
20002aa8  allowDebugKeys                                                     
20002aa9  eraseBondWhileInConn                                               
20002aaa  sameIrkAction                                                      
20002aac  uartLog_tail                                                       
20002aad  uartLog_head                                                       
20002aae  uartLog_evBufIsEmpty                                               
20002ab0  uartLog_evtNum                                                     
20002ae8  RFCC26XX_schedulerPolicy                                           
20002af0  ti_sysbios_gates_GateMutexPri_Module_state                         
20002af8  ti_sysbios_heaps_HeapCallback_Module_state                         
20002b00  ti_sysbios_knl_Event_state                                         
20002b08  ti_sysbios_knl_Semaphore_Module_state                              
20002b10  periConnParameters                                                 
20002b18  _unlock                                                            
20002b1c  appAssertCback                                                     
20002b20  icallServiceTblPtr                                                 
20002b28  pRandomAddress                                                     
20002b2c  pRfErrCb                                                           
20002b30  pfnBMAlloc                                                         
20002b34  pfnBMFree                                                          
20002b38  patchedSlaveCtrlPktList                                            
20002b3c  halAssertCback                                                     
20002b40  llUserConfig_maxPduSize                                            
20002b42  baseTaskID                                                         
20002b44  PKAResourceCC26XX_pollingFlag                                      
20002b61  deviceNameCharProps                                                
20002b62  appearanceCharProps                                                
20002b63  periConnParamCharProps                                             
20002b64  centAddrResCharProps                                               
20002b65  centAddrRes                                                        
20002b66  resolvablePrivateAddressOnlyCharProps                              
20002b67  GATTServApp_gatt_no_service_changed                                
20002b69  qosDefaultPriorityConnParameter                                    
20002b6a  extScanChanMap                                                     
20002b6b  sizeOfAllExtConnParam                                              
20002b6c  rfRatHandle                                                        
20002b6d  smAllowDebugKeysMode                                               
20002b6e  gapEndAppTaskID                                                    
20002b6f  gapAppTaskID                                                       
20002b70  legacyMode                                                         
20002b78  appTaskStack                                                       
20003378  uartLog_evBuf                                                      
20003878  ti_sysbios_knl_Idle_taskStack                                      
20003e38  uart2CC26X2Objects                                                 
20003fa8  rfObject                                                           
200040a8  crcBuf                                                             
200041a8  spiCC26X2DMAObjects                                                
200042a8  ti_sysbios_family_arm_m3_Hwi_dispatchTable                         
20004380  uartLog_outBuf                                                     
200044b9  resolvablePrivateAddressOnly                                       
200044ba  appearance                                                         
200044bc  trngCC26XXObjects                                                  
20004540  gpioCallbackFunctions                                              
200045bc  gpioUserArgs                                                       
20004638  cbTimers                                                           
20004718  ti_sysbios_knl_ClockSupport_timerStruct                            
20004778  pzTask                                                             
200047d0  ti_sysbios_knl_Idle_taskStruct                                     
20004828  aesctrdrbgXXObjects                                                
2000487c  CryptoResourceCC26XX_accessSemaphore                               
200048cc  CryptoResourceCC26XX_operationSemaphore                            
2000491c  PKAResourceCC26XX_accessSemaphore                                  
2000496c  PKAResourceCC26XX_operationSemaphore                               
20004a84  aesctrCC26XXObjects                                                
20004b00  nvFptrs                                                            
20004b3c  ti_sysbios_knl_Swi_readyQs                                         
20004b6c  ti_sysbios_knl_Task_readyQs                                        
20004b9c  NVOCMP_nvHandle                                                    
20004bca  maximumPduSize                                                     
20004bf0  llCteSamples                                                       
20004c14  aesecbCC26XXObjects                                                
20004c78  req                                                                
20004c98  gapBond_remoteOobData                                              
20004cb8  gapBond_localOobData                                               
20004cd8  ecdhCC26X2Objects                                                  
20004cf8  ti_sysbios_runtime_System_atexitHandlers                           
20004d18  udmaCC26XXObject                                                   
20004d54  BIOS_heapCallbackObject                                            
20004d70  BIOS_rtsGate                                                       
20004d8c  CryptoResourceCC26XX_hwi                                           
20004da8  PKAResourceCC26XX_hwi                                              
20004dc4  deviceName                                                         
20004ddc  aesccmCC26XXObjects                                                
20004e08  rfMode                                                             
20004e18  llCteTest                                                          
20004e24  cteAntennaProp                                                     
20004e30  llTaskList                                                         
20004e3c  nvsSPI25XObjects                                                   
20004e48  defaultChannelMap                                                  
20004e50  secondaryAdvChannelMap                                             
20004e58  llRfCmdPreemption                                                  
20004e80  ggs_AppCBs                                                         
20004e88  BDAddrPerConnHandle                                                
20004e8c  llCte                                                              
20004e90  llConnExtParam                                                     
20004e94  extStackSettings                                                   
20004e98  trngHandle                                                         
20004e9c  LSTORecoveryArr                                                    
20004ea0  pNextAdvSet                                                        
20004ea4  llCurrentMappedChan                                                
20004ea8  drbgHandle                                                         
20004eac  pRpaCfg                                                            
20004eb0  gapBond_lruBondList                                                
20004eb4  gapBondStateNodeHead                                               
20004eb8  osal_syncHandle                                                    
20004ebc  osal_icallMsg_hook                                                 
20004ec0  osal_qHead                                                         
20004ec4  osal_max_msecs                                                     
20004ec8  osal_tickperiod                                                    
20004ecc  osal_eventloop_hook                                                
20004ed8  OSAL_timeSeconds                                                   
20004edc  timerHead                                                          
20004ee4  osal_last_timestamp                                                
20004ee8  HEAPMGR_SIZE                                                       
20004eec  PowerCC26XX_swiKey                                                 
20004ef0  PowerCC26XX_taskKey                                                
20004ef4  tasksEvents                                                        
20004ef8  ti_sysbios_family_arm_cc26xx_TimestampProvider_Module_state        
20004efc  ti_sysbios_knl_Task_defaultStackHeap                               
20004f02  pwrmgr_attribute                                                   
20004f04  GATTServApp_att_delayed_req                                        
20004f05  hciTaskID                                                          
20004f06  hciL2capTaskID                                                     
20004f07  hciGapTaskID                                                       
20004f08  hciSmpTaskID                                                       
20004f09  hciTestTaskID                                                      
20004f0a  hciVsEvtMask                                                       
20004f0b  scanReqRpt                                                         
20004f0c  secondaryAdvChannelMapPopCount                                     
20004f0d  qosDefaultPriorityAdvParameter                                     
20004f0e  maxNumCteDataBufs                                                  
20004f0f  numActiveAdvSets                                                   
20004f10  wlSize                                                             
20004f11  rlSize                                                             
20004f12  decryptResult                                                      
20004f13  llUnhandleNextIntFlag                                              
20004f14  smAuthenPairingOnlyMode                                            
20004f15  icall_liteTaskId                                                   
20004f16  gapBond_removeLRUBond                                              
20004f17  gapBond_syncRL                                                     
20004f18  assertSubcause                                                     
20004f19  osal_entity                                                        
20004f1a  pwrmgr_initialized                                                 
20004f1b  NVOCMP_size                                                        
20004f1c  gAction                                                            
20004f1d  nvsCC26XXObjects                                                   
20004f1e  heapStart                                                          
20013c00  __stack                                                            
20013c00  heapEnd                                                            
20014000  __STACK_END                                                        
20014000  __STACK_TOP                                                        
20014000  __UNUSED_SRAM_end__                                                
ffffffff  __TI_pprof_out_hndl                                                
ffffffff  __TI_prof_data_size                                                
ffffffff  __TI_prof_data_start                                               
ffffffff  __binit__                                                          
ffffffff  binit                                                              
UNDEFED   ITM_flush                                                          
UNDEFED   ITM_restore                                                        
UNDEFED   __c_args__                                                         
UNDEFED   __mpu_init                                                         

[2650 symbols]
